This is pdfTeX, Version 3.141592653-2.6-1.40.29 (TeX Live 2026) (preloaded format=pdflatex 2026.3.22)  14 JUL 2026 23:05
entering extended mode
 restricted \write18 enabled.
 %&-line parsing enabled.
**/Users/vik/Developer/new_sbtg_neuro/reports/distributional_sid_adjudication_2
026-07-14/main.tex

(/Users/vik/Developer/new_sbtg_neuro/reports/distributional_sid_adjudication_20
26-07-14/main.tex
LaTeX2e <2025-11-01>
L3 programming layer <2026-01-19>
(/usr/local/texlive/2026/texmf-dist/tex/latex/base/article.cls
Document Class: article 2025/01/22 v1.4n Standard LaTeX document class
(/usr/local/texlive/2026/texmf-dist/tex/latex/base/size10.clo
File: size10.clo 2025/01/22 v1.4n Standard LaTeX file (size option)
)
\c@part=\count275
\c@section=\count276
\c@subsection=\count277
\c@subsubsection=\count278
\c@paragraph=\count279
\c@subparagraph=\count280
\c@figure=\count281
\c@table=\count282
\abovecaptionskip=\skip49
\belowcaptionskip=\skip50
\bibindent=\dimen148
)
(/usr/local/texlive/2026/texmf-dist/tex/latex/geometry/geometry.sty
Package: geometry 2026/03/07 v6.0 Page Geometry

(/usr/local/texlive/2026/texmf-dist/tex/latex/graphics/keyval.sty
Package: keyval 2022/05/29 v1.15 key=value parser (DPC)
\KV@toks@=\toks17
)
(/usr/local/texlive/2026/texmf-dist/tex/generic/iftex/ifvtex.sty
Package: ifvtex 2019/10/25 v1.7 ifvtex legacy package. Use iftex instead.

(/usr/local/texlive/2026/texmf-dist/tex/generic/iftex/iftex.sty
Package: iftex 2024/12/12 v1.0g TeX engine tests
))
\Gm@cnth=\count283
\Gm@cntv=\count284
\c@Gm@tempcnt=\count285
\Gm@bindingoffset=\dimen149
\Gm@wd@mp=\dimen150
\Gm@odd@mp=\dimen151
\Gm@even@mp=\dimen152
\Gm@layoutwidth=\dimen153
\Gm@layoutheight=\dimen154
\Gm@layouthoffset=\dimen155
\Gm@layoutvoffset=\dimen156
\Gm@dimlist=\toks18
)
(/usr/local/texlive/2026/texmf-dist/tex/latex/amsmath/amsmath.sty
Package: amsmath 2025/07/09 v2.17z AMS math features
\@mathmargin=\skip51

For additional information on amsmath, use the `?' option.
(/usr/local/texlive/2026/texmf-dist/tex/latex/amsmath/amstext.sty
Package: amstext 2024/11/17 v2.01 AMS text

(/usr/local/texlive/2026/texmf-dist/tex/latex/amsmath/amsgen.sty
File: amsgen.sty 1999/11/30 v2.0 generic functions
\@emptytoks=\toks19
\ex@=\dimen157
))
(/usr/local/texlive/2026/texmf-dist/tex/latex/amsmath/amsbsy.sty
Package: amsbsy 1999/11/29 v1.2d Bold Symbols
\pmbraise@=\dimen158
)
(/usr/local/texlive/2026/texmf-dist/tex/latex/amsmath/amsopn.sty
Package: amsopn 2022/04/08 v2.04 operator names
)
\inf@bad=\count286
LaTeX Info: Redefining \frac on input line 233.
\uproot@=\count287
\leftroot@=\count288
LaTeX Info: Redefining \overline on input line 398.
LaTeX Info: Redefining \colon on input line 409.
\classnum@=\count289
\DOTSCASE@=\count290
LaTeX Info: Redefining \ldots on input line 495.
LaTeX Info: Redefining \dots on input line 498.
LaTeX Info: Redefining \cdots on input line 619.
\Mathstrutbox@=\box53
\strutbox@=\box54
LaTeX Info: Redefining \big on input line 721.
LaTeX Info: Redefining \Big on input line 722.
LaTeX Info: Redefining \bigg on input line 723.
LaTeX Info: Redefining \Bigg on input line 724.
\big@size=\dimen159
LaTeX Font Info:    Redeclaring font encoding OML on input line 742.
LaTeX Font Info:    Redeclaring font encoding OMS on input line 743.
\macc@depth=\count291
LaTeX Info: Redefining \bmod on input line 904.
LaTeX Info: Redefining \pmod on input line 909.
LaTeX Info: Redefining \smash on input line 939.
LaTeX Info: Redefining \relbar on input line 969.
LaTeX Info: Redefining \Relbar on input line 970.
\c@MaxMatrixCols=\count292
\dotsspace@=\muskip17
\c@parentequation=\count293
\dspbrk@lvl=\count294
\tag@help=\toks20
\row@=\count295
\column@=\count296
\maxfields@=\count297
\andhelp@=\toks21
\eqnshift@=\dimen160
\alignsep@=\dimen161
\tagshift@=\dimen162
\tagwidth@=\dimen163
\totwidth@=\dimen164
\lineht@=\dimen165
\@envbody=\toks22
\multlinegap=\skip52
\multlinetaggap=\skip53
\mathdisplay@stack=\toks23
LaTeX Info: Redefining \[ on input line 2950.
LaTeX Info: Redefining \] on input line 2951.
)
(/usr/local/texlive/2026/texmf-dist/tex/latex/amsfonts/amssymb.sty
Package: amssymb 2013/01/14 v3.01 AMS font symbols

(/usr/local/texlive/2026/texmf-dist/tex/latex/amsfonts/amsfonts.sty
Package: amsfonts 2013/01/14 v3.01 Basic AMSFonts support
\symAMSa=\mathgroup4
\symAMSb=\mathgroup5
LaTeX Font Info:    Redeclaring math symbol \hbar on input line 98.
LaTeX Font Info:    Overwriting math alphabet `\mathfrak' in version `bold'
(Font)                  U/euf/m/n --> U/euf/b/n on input line 106.
))
(/usr/local/texlive/2026/texmf-dist/tex/latex/booktabs/booktabs.sty
Package: booktabs 2020/01/12 v1.61803398 Publication quality tables
\heavyrulewidth=\dimen166
\lightrulewidth=\dimen167
\cmidrulewidth=\dimen168
\belowrulesep=\dimen169
\belowbottomsep=\dimen170
\aboverulesep=\dimen171
\abovetopsep=\dimen172
\cmidrulesep=\dimen173
\cmidrulekern=\dimen174
\defaultaddspace=\dimen175
\@cmidla=\count298
\@cmidlb=\count299
\@aboverulesep=\dimen176
\@belowrulesep=\dimen177
\@thisruleclass=\count300
\@lastruleclass=\count301
\@thisrulewidth=\dimen178
)
(/usr/local/texlive/2026/texmf-dist/tex/latex/tools/tabularx.sty
Package: tabularx 2023/12/11 v2.12a `tabularx' package (DPC)

(/usr/local/texlive/2026/texmf-dist/tex/latex/tools/array.sty
Package: array 2025/09/25 v2.6n Tabular extension package (FMi)
\col@sep=\dimen179
\ar@mcellbox=\box55
\extrarowheight=\dimen180
\NC@list=\toks24
\extratabsurround=\skip54
\backup@length=\skip55
\ar@cellbox=\box56
)
\TX@col@width=\dimen181
\TX@old@table=\dimen182
\TX@old@col=\dimen183
\TX@target=\dimen184
\TX@delta=\dimen185
\TX@cols=\count302
\TX@ftn=\toks25
)
(/usr/local/texlive/2026/texmf-dist/tex/latex/graphics/graphicx.sty
Package: graphicx 2024/12/31 v1.2e Enhanced LaTeX Graphics (DPC,SPQR)

(/usr/local/texlive/2026/texmf-dist/tex/latex/graphics/graphics.sty
Package: graphics 2024/08/06 v1.4g Standard LaTeX Graphics (DPC,SPQR)

(/usr/local/texlive/2026/texmf-dist/tex/latex/graphics/trig.sty
Package: trig 2023/12/02 v1.11 sin cos tan (DPC)
)
(/usr/local/texlive/2026/texmf-dist/tex/latex/graphics-cfg/graphics.cfg
File: graphics.cfg 2016/06/04 v1.11 sample graphics configuration
)
Package graphics Info: Driver file: pdftex.def on input line 106.

(/usr/local/texlive/2026/texmf-dist/tex/latex/graphics-def/pdftex.def
File: pdftex.def 2025/09/29 v1.2d Graphics/color driver for pdftex
))
\Gin@req@height=\dimen186
\Gin@req@width=\dimen187
)
(/usr/local/texlive/2026/texmf-dist/tex/latex/caption/caption.sty
Package: caption 2023/08/05 v3.6o Customizing captions (AR)

(/usr/local/texlive/2026/texmf-dist/tex/latex/caption/caption3.sty
Package: caption3 2023/07/31 v2.4d caption3 kernel (AR)
\caption@tempdima=\dimen188
\captionmargin=\dimen189
\caption@leftmargin=\dimen190
\caption@rightmargin=\dimen191
\caption@width=\dimen192
\caption@indent=\dimen193
\caption@parindent=\dimen194
\caption@hangindent=\dimen195
Package caption Info: Standard document class detected.
)
\c@caption@flags=\count303
\c@continuedfloat=\count304
)
(/usr/local/texlive/2026/texmf-dist/tex/latex/microtype/microtype.sty
Package: microtype 2026/03/01 v3.2d Micro-typographical refinements (RS)

(/usr/local/texlive/2026/texmf-dist/tex/latex/etoolbox/etoolbox.sty
Package: etoolbox 2025/10/02 v2.5m e-TeX tools for LaTeX (JAW)
\etb@tempcnta=\count305
)
\MT@toks=\toks26
\MT@tempbox=\box57
\MT@count=\count306
LaTeX Info: Redefining \noprotrusionifhmode on input line 1084.
LaTeX Info: Redefining \leftprotrusion on input line 1085.
\MT@prot@toks=\toks27
LaTeX Info: Redefining \rightprotrusion on input line 1104.
LaTeX Info: Redefining \textls on input line 1449.
\MT@outer@kern=\dimen196
LaTeX Info: Redefining \microtypecontext on input line 2053.
LaTeX Info: Redefining \textmicrotypecontext on input line 2070.
\MT@listname@count=\count307

(/usr/local/texlive/2026/texmf-dist/tex/latex/microtype/microtype-pdftex.def
File: microtype-pdftex.def 2026/03/01 v3.2d Definitions specific to pdftex (RS)

LaTeX Info: Redefining \lsstyle on input line 944.
LaTeX Info: Redefining \lslig on input line 944.
\MT@outer@space=\skip56
)
Package microtype Info: Loading configuration file microtype.cfg.

(/usr/local/texlive/2026/texmf-dist/tex/latex/microtype/microtype.cfg
File: microtype.cfg 2026/03/01 v3.2d microtype main configuration file (RS)
)
LaTeX Info: Redefining \microtypesetup on input line 3065.
)
(/usr/local/texlive/2026/texmf-dist/tex/latex/xcolor/xcolor.sty
Package: xcolor 2024/09/29 v3.02 LaTeX color extensions (UK)

(/usr/local/texlive/2026/texmf-dist/tex/latex/graphics-cfg/color.cfg
File: color.cfg 2016/01/02 v1.6 sample color configuration
)
Package xcolor Info: Driver file: pdftex.def on input line 274.

(/usr/local/texlive/2026/texmf-dist/tex/latex/graphics/mathcolor.ltx)
Package xcolor Info: Model `cmy' substituted by `cmy0' on input line 1349.
Package xcolor Info: Model `hsb' substituted by `rgb' on input line 1353.
Package xcolor Info: Model `RGB' extended on input line 1365.
Package xcolor Info: Model `HTML' substituted by `rgb' on input line 1367.
Package xcolor Info: Model `Hsb' substituted by `hsb' on input line 1368.
Package xcolor Info: Model `tHsb' substituted by `hsb' on input line 1369.
Package xcolor Info: Model `HSB' substituted by `hsb' on input line 1370.
Package xcolor Info: Model `Gray' substituted by `gray' on input line 1371.
Package xcolor Info: Model `wave' substituted by `hsb' on input line 1372.
)
(/usr/local/texlive/2026/texmf-dist/tex/latex/xurl/xurl.sty
Package: xurl 2022/01/09 v 0.10 modify URL breaks

(/usr/local/texlive/2026/texmf-dist/tex/latex/url/url.sty
\Urlmuskip=\muskip18
Package: url 2013/09/16  ver 3.4  Verb mode for urls, etc.
))
(/usr/local/texlive/2026/texmf-dist/tex/latex/hyperref/hyperref.sty
Package: hyperref 2026-01-29 v7.01p Hypertext links for LaTeX

(/usr/local/texlive/2026/texmf-dist/tex/latex/kvsetkeys/kvsetkeys.sty
Package: kvsetkeys 2022-10-05 v1.19 Key value parser (HO)
)
(/usr/local/texlive/2026/texmf-dist/tex/generic/kvdefinekeys/kvdefinekeys.sty
Package: kvdefinekeys 2019-12-19 v1.6 Define keys (HO)
)
(/usr/local/texlive/2026/texmf-dist/tex/generic/pdfescape/pdfescape.sty
Package: pdfescape 2019/12/09 v1.15 Implements pdfTeX's escape features (HO)

(/usr/local/texlive/2026/texmf-dist/tex/generic/ltxcmds/ltxcmds.sty
Package: ltxcmds 2023-12-04 v1.26 LaTeX kernel commands for general use (HO)
)
(/usr/local/texlive/2026/texmf-dist/tex/generic/pdftexcmds/pdftexcmds.sty
Package: pdftexcmds 2020-06-27 v0.33 Utility functions of pdfTeX for LuaTeX (HO
)

(/usr/local/texlive/2026/texmf-dist/tex/generic/infwarerr/infwarerr.sty
Package: infwarerr 2019/12/03 v1.5 Providing info/warning/error messages (HO)
)
Package pdftexcmds Info: \pdf@primitive is available.
Package pdftexcmds Info: \pdf@ifprimitive is available.
Package pdftexcmds Info: \pdfdraftmode found.
))
(/usr/local/texlive/2026/texmf-dist/tex/latex/hycolor/hycolor.sty
Package: hycolor 2020-01-27 v1.10 Color options for hyperref/bookmark (HO)
)
(/usr/local/texlive/2026/texmf-dist/tex/latex/hyperref/nameref.sty
Package: nameref 2026-01-29 v2.58 Cross-referencing by name of section

(/usr/local/texlive/2026/texmf-dist/tex/latex/refcount/refcount.sty
Package: refcount 2019/12/15 v3.6 Data extraction from label references (HO)
)
(/usr/local/texlive/2026/texmf-dist/tex/generic/gettitlestring/gettitlestring.s
ty
Package: gettitlestring 2019/12/15 v1.6 Cleanup title references (HO)
 (/usr/local/texlive/2026/texmf-dist/tex/latex/kvoptions/kvoptions.sty
Package: kvoptions 2022-06-15 v3.15 Key value format for package options (HO)
))
\c@section@level=\count308
)
(/usr/local/texlive/2026/texmf-dist/tex/generic/stringenc/stringenc.sty
Package: stringenc 2019/11/29 v1.12 Convert strings between diff. encodings (HO
)
)
\@linkdim=\dimen197
\Hy@linkcounter=\count309
\Hy@pagecounter=\count310

(/usr/local/texlive/2026/texmf-dist/tex/latex/hyperref/pd1enc.def
File: pd1enc.def 2026-01-29 v7.01p Hyperref: PDFDocEncoding definition (HO)
Now handling font encoding PD1 ...
... no UTF-8 mapping file for font encoding PD1
)
(/usr/local/texlive/2026/texmf-dist/tex/generic/intcalc/intcalc.sty
Package: intcalc 2019/12/15 v1.3 Expandable calculations with integers (HO)
)
\Hy@SavedSpaceFactor=\count311

(/usr/local/texlive/2026/texmf-dist/tex/latex/hyperref/puenc.def
File: puenc.def 2026-01-29 v7.01p Hyperref: PDF Unicode definition (HO)
Now handling font encoding PU ...
... no UTF-8 mapping file for font encoding PU
)
Package hyperref Info: Hyper figures OFF on input line 4201.
Package hyperref Info: Link nesting OFF on input line 4206.
Package hyperref Info: Hyper index ON on input line 4209.
Package hyperref Info: Plain pages OFF on input line 4216.
Package hyperref Info: Backreferencing OFF on input line 4221.
Package hyperref Info: Implicit mode ON; LaTeX internals redefined.
Package hyperref Info: Bookmarks ON on input line 4468.
\c@Hy@tempcnt=\count312
LaTeX Info: Redefining \url on input line 4807.
\XeTeXLinkMargin=\dimen198

(/usr/local/texlive/2026/texmf-dist/tex/generic/bitset/bitset.sty
Package: bitset 2019/12/09 v1.3 Handle bit-vector datatype (HO)

(/usr/local/texlive/2026/texmf-dist/tex/generic/bigintcalc/bigintcalc.sty
Package: bigintcalc 2019/12/15 v1.5 Expandable calculations on big integers (HO
)
))
\Fld@menulength=\count313
\Field@Width=\dimen199
\Fld@charsize=\dimen256
Package hyperref Info: Hyper figures OFF on input line 6084.
Package hyperref Info: Link nesting OFF on input line 6089.
Package hyperref Info: Hyper index ON on input line 6092.
Package hyperref Info: backreferencing OFF on input line 6099.
Package hyperref Info: Link coloring OFF on input line 6104.
Package hyperref Info: Link coloring with OCG OFF on input line 6109.
Package hyperref Info: PDF/A mode OFF on input line 6114.
\Hy@abspage=\count314
\c@Item=\count315
\c@Hfootnote=\count316
)
Package hyperref Info: Driver (autodetected): hpdftex.

(/usr/local/texlive/2026/texmf-dist/tex/latex/hyperref/hpdftex.def
File: hpdftex.def 2026-01-29 v7.01p Hyperref driver for pdfTeX
\Fld@listcount=\count317
\c@bookmark@seq@number=\count318

(/usr/local/texlive/2026/texmf-dist/tex/latex/rerunfilecheck/rerunfilecheck.sty
Package: rerunfilecheck 2025-06-21 v1.11 Rerun checks for auxiliary files (HO)

(/usr/local/texlive/2026/texmf-dist/tex/generic/uniquecounter/uniquecounter.sty
Package: uniquecounter 2019/12/15 v1.4 Provide unlimited unique counter (HO)
)
Package uniquecounter Info: New unique counter `rerunfilecheck' on input line 2
84.
)
\Hy@SectionHShift=\skip57
) (/usr/local/texlive/2026/texmf-dist/tex/latex/tools/longtable.sty
Package: longtable 2025-10-13 v4.24 Multi-page Table package (DPC)
\LTleft=\skip58
\LTright=\skip59
\LTpre=\skip60
\LTpost=\skip61
\LTchunksize=\count319
\LTcapwidth=\dimen257
\LT@head=\box58
\LT@firsthead=\box59
\LT@foot=\box60
\LT@lastfoot=\box61
\LT@gbox=\box62
\LT@cols=\count320
\LT@rows=\count321
\c@LT@tables=\count322
\c@LT@chunks=\count323
\LT@p@ftn=\toks28
)
(/usr/local/texlive/2026/texmf-dist/tex/latex/enumitem/enumitem.sty
Package: enumitem 2025/02/06 v3.11 Customized lists
\labelindent=\skip62
\enit@outerparindent=\dimen258
\enit@toks=\toks29
\enit@inbox=\box63
\enit@count@id=\count324
\enitdp@description=\count325
)
(/usr/local/texlive/2026/texmf-dist/tex/latex/base/fontenc.sty
Package: fontenc 2025/07/18 v2.1d Standard LaTeX package
)
Package hyperref Info: Option `colorlinks' set `true' on input line 8.

(/usr/local/texlive/2026/texmf-dist/tex/latex/l3backend/l3backend-pdftex.def
File: l3backend-pdftex.def 2025-10-09 L3 backend support: PDF output (pdfTeX)
\l__color_backend_stack_int=\count326
)

LaTeX Warning: Unused global option(s):
    [10.5pt].

(./main.aux)
\openout1 = `main.aux'.

LaTeX Font Info:    Checking defaults for OML/cmm/m/it on input line 26.
LaTeX Font Info:    ... okay on input line 26.
LaTeX Font Info:    Checking defaults for OMS/cmsy/m/n on input line 26.
LaTeX Font Info:    ... okay on input line 26.
LaTeX Font Info:    Checking defaults for OT1/cmr/m/n on input line 26.
LaTeX Font Info:    ... okay on input line 26.
LaTeX Font Info:    Checking defaults for T1/cmr/m/n on input line 26.
LaTeX Font Info:    ... okay on input line 26.
LaTeX Font Info:    Checking defaults for TS1/cmr/m/n on input line 26.
LaTeX Font Info:    ... okay on input line 26.
LaTeX Font Info:    Checking defaults for OMX/cmex/m/n on input line 26.
LaTeX Font Info:    ... okay on input line 26.
LaTeX Font Info:    Checking defaults for U/cmr/m/n on input line 26.
LaTeX Font Info:    ... okay on input line 26.
LaTeX Font Info:    Checking defaults for PD1/pdf/m/n on input line 26.
LaTeX Font Info:    ... okay on input line 26.
LaTeX Font Info:    Checking defaults for PU/pdf/m/n on input line 26.
LaTeX Font Info:    ... okay on input line 26.

*geometry* driver: auto-detecting
*geometry* detected driver: pdftex
*geometry* verbose mode - [ preamble ] result:
* driver: pdftex
* paper: <default>
* layout: <same size as paper>
* layoutoffset:(h,v)=(0.0pt,0.0pt)
* modes: 
* h-part:(L,W,R)=(54.92479pt, 504.44542pt, 54.92479pt)
* v-part:(T,H,B)=(54.92479pt, 685.1204pt, 54.92479pt)
* \paperwidth=614.295pt
* \paperheight=794.96999pt
* \textwidth=504.44542pt
* \textheight=685.1204pt
* \oddsidemargin=-17.3452pt
* \evensidemargin=-17.3452pt
* \topmargin=-54.3452pt
* \headheight=12.0pt
* \headsep=25.0pt
* \topskip=10.0pt
* \footskip=30.0pt
* \marginparwidth=65.0pt
* \marginparsep=11.0pt
* \columnsep=10.0pt
* \skip\footins=9.0pt plus 4.0pt minus 2.0pt
* \hoffset=0.0pt
* \voffset=0.0pt
* \mag=1000
* \@twocolumnfalse
* \@twosidefalse
* \@mparswitchfalse
* \@reversemarginfalse
* (1in=72.27pt=25.4mm, 1cm=28.453pt)

(/usr/local/texlive/2026/texmf-dist/tex/context/base/mkii/supp-pdf.mkii
[Loading MPS to PDF converter (version 2006.09.02).]
\scratchcounter=\count327
\scratchdimen=\dimen259
\scratchbox=\box64
\nofMPsegments=\count328
\nofMParguments=\count329
\everyMPshowfont=\toks30
\MPscratchCnt=\count330
\MPscratchDim=\dimen260
\MPnumerator=\count331
\makeMPintoPDFobject=\count332
\everyMPtoPDFconversion=\toks31
) (/usr/local/texlive/2026/texmf-dist/tex/latex/epstopdf-pkg/epstopdf-base.sty
Package: epstopdf-base 2020-01-24 v2.11 Base part for package epstopdf

(/usr/local/texlive/2026/texmf-dist/tex/latex/grfext/grfext.sty
Package: grfext 2019/12/03 v1.3 Manage graphics extensions (HO)
)
Package epstopdf-base Info: Redefining graphics rule for `.eps' on input line 4
85.
Package grfext Info: Graphics extension search list:
(grfext)             [.pdf,.png,.jpg,.mps,.jpeg,.jbig2,.jb2,.PDF,.PNG,.JPG,.JPE
G,.JBIG2,.JB2,.eps]
(grfext)             \AppendGraphicsExtensions on input line 504.

(/usr/local/texlive/2026/texmf-dist/tex/latex/latexconfig/epstopdf-sys.cfg
File: epstopdf-sys.cfg 2010/07/13 v1.3 Configuration of (r)epstopdf for TeX Liv
e
))
Package caption Info: Begin \AtBeginDocument code.
Package caption Info: hyperref package is loaded.
Package caption Info: longtable package is loaded.

(/usr/local/texlive/2026/texmf-dist/tex/latex/caption/ltcaption.sty
Package: ltcaption 2021/01/08 v1.4c longtable captions (AR)
)
Package caption Info: End \AtBeginDocument code.
LaTeX Info: Redefining \microtypecontext on input line 26.
Package microtype Info: Applying patch `item' on input line 26.
Package microtype Info: Applying patch `toc' on input line 26.
Package microtype Info: Applying patch `eqnum' on input line 26.
Package microtype Info: Applying patch `footnote' on input line 26.
Package microtype Info: Applying patch `verbatim' on input line 26.
LaTeX Info: Redefining \microtypesetup on input line 26.
Package microtype Info: Generating PDF output.
Package microtype Info: Character protrusion enabled (level 2).
Package microtype Info: Using default protrusion set `alltext'.
Package microtype Info: Automatic font expansion enabled (level 2),
(microtype)             stretch: 20, shrink: 20, step: 1, non-selected.
Package microtype Info: Using default expansion set `alltext-nott'.
Package microtype Info: Patching command `\showhyphens'.
Package microtype Info: No adjustment of tracking.
Package microtype Info: No adjustment of interword spacing.
Package microtype Info: No adjustment of character kerning.

(/usr/local/texlive/2026/texmf-dist/tex/latex/microtype/mt-cmr.cfg
File: mt-cmr.cfg 2013/05/19 v2.2 microtype config. file: Computer Modern Roman 
(RS)
)
Package hyperref Info: Link coloring ON on input line 26.
 (./main.out) (./main.out)
\@outlinefile=\write3
\openout3 = `main.out'.

LaTeX Font Info:    Trying to load font information for U+msa on input line 28.

 (/usr/local/texlive/2026/texmf-dist/tex/latex/amsfonts/umsa.fd
File: umsa.fd 2013/01/14 v3.01 AMS symbols A
)
(/usr/local/texlive/2026/texmf-dist/tex/latex/microtype/mt-msa.cfg
File: mt-msa.cfg 2006/02/04 v1.1 microtype config. file: AMS symbols (a) (RS)
)
LaTeX Font Info:    Trying to load font information for U+msb on input line 28.


(/usr/local/texlive/2026/texmf-dist/tex/latex/amsfonts/umsb.fd
File: umsb.fd 2013/01/14 v3.01 AMS symbols B
)
(/usr/local/texlive/2026/texmf-dist/tex/latex/microtype/mt-msb.cfg
File: mt-msb.cfg 2005/06/01 v1.0 microtype config. file: AMS symbols (b) (RS)
)
Overfull \hbox (13.2192pt too wide) in paragraph at lines 73--73
[]|\T1/cmr/m/n/7 (-20) Algebra/software/leakage| 
 []


Underfull \hbox (badness 6842) in paragraph at lines 73--73
[]|\T1/cmr/m/n/7 (+20) Orthogonal re-main-
 []


Underfull \hbox (badness 10000) in paragraph at lines 73--73
[]|\T1/cmr/m/n/7 (+20) One fu-
 []


Underfull \hbox (badness 10000) in paragraph at lines 73--73
[]|\T1/cmr/m/n/7 (+20) Moment-blind law
 []


Underfull \hbox (badness 10000) in paragraph at lines 73--73
[]|[]\T1/cmr/bx/n/7 (+20) pass[] \T1/cmr/m/n/7 (+20) at re-solv-ing
 []


Underfull \hbox (badness 10000) in paragraph at lines 73--73
[]|\T1/cmr/m/n/7 (+20) typed []\T1/cmr/bx/n/7 (+20) pass[]\T1/cmr/m/n/7 (+20) ;
 full-
 []

[1

{/usr/local/texlive/2026/texmf-var/fonts/map/pdftex/updmap/pdftex.map}{/usr/loc
al/texlive/2026/texmf-dist/fonts/enc/dvips/cm-super/cm-super-t1.enc}{/usr/local
/texlive/2026/texmf-dist/fonts/enc/dvips/cm-super/cm-super-ts1.enc}] [2]
Underfull \hbox (badness 10000) in paragraph at lines 120--120
[]|\T1/cmr/m/n/8 (+20) bounded-feature
 []


Underfull \hbox (badness 10000) in paragraph at lines 120--120
[]|\T1/cmr/m/n/8 (+20) empirical Riesz
 []


Overfull \hbox (4.74745pt too wide) in paragraph at lines 120--120
[]|\T1/cmr/m/n/8 (-20) mean/covariance/moment
 []


Underfull \hbox (badness 2205) in paragraph at lines 120--120
[]|\T1/cmr/m/n/8 (+20) target-specific re-
 []


Underfull \hbox (badness 1478) in paragraph at lines 120--120
[]|\T1/cmr/m/n/8 (+20) normalized con-di-tional
 []


Underfull \hbox (badness 10000) in paragraph at lines 120--120
[]|\T1/cmr/m/n/8 (+20) maximum like-li-
 []


Underfull \hbox (badness 1478) in paragraph at lines 120--120
[]|\T1/cmr/m/n/8 (+20) normalized con-di-tional
 []


Underfull \hbox (badness 10000) in paragraph at lines 120--120
[]|\T1/cmr/m/n/8 (+20) maximum like-li-
 []


Underfull \hbox (badness 10000) in paragraph at lines 120--120
[]|\T1/cmr/m/n/8 (+20) noisy re-sponse
 []


Underfull \hbox (badness 10000) in paragraph at lines 120--120
[]|\T1/cmr/m/n/8 (+20) denoising score
 []


Underfull \hbox (badness 10000) in paragraph at lines 120--120
[]|\T1/cmr/m/n/8 (+20) conditional trans-port
 []


Underfull \hbox (badness 10000) in paragraph at lines 120--120
[]|\T1/cmr/m/n/8 (+20) finite den-sity ra-
 []

[3

]
Package microtype Info: Loading generic protrusion settings for font family
(microtype)             `cmtt' (encoding: T1).
(microtype)             For optimal results, create family-specific settings.
(microtype)             See the microtype manual for details.
<../distributional_sid_decisive_2026-07-14/figures/e1_recovery.pdf, id=163, 753
.90428pt x 228.01773pt>
File: ../distributional_sid_decisive_2026-07-14/figures/e1_recovery.pdf Graphic
 file (type pdf)
<use ../distributional_sid_decisive_2026-07-14/figures/e1_recovery.pdf>
Package pdftex.def Info: ../distributional_sid_decisive_2026-07-14/figures/e1_r
ecovery.pdf  used on input line 138.
(pdftex.def)             Requested size: 504.44542pt x 152.57275pt.
<../distributional_sid_decisive_2026-07-14/figures/e2_e3_orthogonality_scaling.
pdf, id=164, 658.93173pt x 227.43471pt>
File: ../distributional_sid_decisive_2026-07-14/figures/e2_e3_orthogonality_sca
ling.pdf Graphic file (type pdf)
<use ../distributional_sid_decisive_2026-07-14/figures/e2_e3_orthogonality_scal
ing.pdf>
Package pdftex.def Info: ../distributional_sid_decisive_2026-07-14/figures/e2_e
3_orthogonality_scaling.pdf  used on input line 144.
(pdftex.def)             Requested size: 464.08885pt x 160.18878pt.
<../distributional_sid_decisive_2026-07-14/figures/e4_frequency_moment_blind.pd
f, id=165, 753.87022pt x 218.98987pt>
File: ../distributional_sid_decisive_2026-07-14/figures/e4_frequency_moment_bli
nd.pdf Graphic file (type pdf)
<use ../distributional_sid_decisive_2026-07-14/figures/e4_frequency_moment_blin
d.pdf>
Package pdftex.def Info: ../distributional_sid_decisive_2026-07-14/figures/e4_f
requency_moment_blind.pdf  used on input line 152.
(pdftex.def)             Requested size: 504.44542pt x 146.53865pt.
<../distributional_sid_decisive_2026-07-14/figures/e5_support_motion.pdf, id=16
6, 630.98466pt x 226.68188pt>
File: ../distributional_sid_decisive_2026-07-14/figures/e5_support_motion.pdf G
raphic file (type pdf)
<use ../distributional_sid_decisive_2026-07-14/figures/e5_support_motion.pdf>
Package pdftex.def Info: ../distributional_sid_decisive_2026-07-14/figures/e5_s
upport_motion.pdf  used on input line 158.
(pdftex.def)             Requested size: 453.99779pt x 163.10013pt.
<../distributional_sid_decisive_2026-07-14/figures/e7_e11_heterogeneity_path.pd
f, id=167, 688.8613pt x 233.41737pt>
File: ../distributional_sid_decisive_2026-07-14/figures/e7_e11_heterogeneity_pa
th.pdf Graphic file (type pdf)
<use ../distributional_sid_decisive_2026-07-14/figures/e7_e11_heterogeneity_pat
h.pdf>
Package pdftex.def Info: ../distributional_sid_decisive_2026-07-14/figures/e7_e
11_heterogeneity_path.pdf  used on input line 164.
(pdftex.def)             Requested size: 474.17992pt x 160.67705pt.
 [4 <../distributional_sid_decisive_2026-07-14/figures/e1_recovery.pdf> <../dis
tributional_sid_decisive_2026-07-14/figures/e2_e3_orthogonality_scaling.pdf>] [
5 <../distributional_sid_decisive_2026-07-14/figures/e4_frequency_moment_blind.
pdf> <../distributional_sid_decisive_2026-07-14/figures/e5_support_motion.pdf> 
<../distributional_sid_decisive_2026-07-14/figures/e7_e11_heterogeneity_path.pd
f>]

Package hyperref Warning: Token not allowed in a PDF string (Unicode):
(hyperref)                removing `math shift' on input line 171.


Package hyperref Warning: Token not allowed in a PDF string (Unicode):
(hyperref)                removing `math shift' on input line 171.

<figures/e6_sample_scaling.pdf, id=487, 788.57716pt x 246.63313pt>
File: figures/e6_sample_scaling.pdf Graphic file (type pdf)
<use figures/e6_sample_scaling.pdf>
Package pdftex.def Info: figures/e6_sample_scaling.pdf  used on input line 185.

(pdftex.def)             Requested size: 504.44542pt x 157.76938pt.
<figures/e6_gap4_diagnosis.pdf, id=488, 688.85542pt x 261.52077pt>
File: figures/e6_gap4_diagnosis.pdf Graphic file (type pdf)
<use figures/e6_gap4_diagnosis.pdf>
Package pdftex.def Info: figures/e6_gap4_diagnosis.pdf  used on input line 191.

(pdftex.def)             Requested size: 453.99779pt x 172.35683pt.
[6

 <./figures/e6_sample_scaling.pdf> <./figures/e6_gap4_diagnosis.pdf>]
<figures/e8_horizon_deconvolution.pdf, id=621, 754.62929pt x 265.23677pt>
File: figures/e8_horizon_deconvolution.pdf Graphic file (type pdf)
<use figures/e8_horizon_deconvolution.pdf>
Package pdftex.def Info: figures/e8_horizon_deconvolution.pdf  used on input li
ne 221.
(pdftex.def)             Requested size: 504.44542pt x 177.29893pt.
<figures/e8_conditioning.pdf, id=622, 514.88559pt x 244.95601pt>
File: figures/e8_conditioning.pdf Graphic file (type pdf)
<use figures/e8_conditioning.pdf>
Package pdftex.def Info: figures/e8_conditioning.pdf  used on input line 227.
(pdftex.def)             Requested size: 383.37573pt x 182.39339pt.

[7 <./figures/e8_horizon_deconvolution.pdf>] [8 <./figures/e8_conditioning.pdf>
]
<figures/e9_oracle_inversion_heatmap.pdf, id=769, 580.32513pt x 282.49538pt>
File: figures/e9_oracle_inversion_heatmap.pdf Graphic file (type pdf)
<use figures/e9_oracle_inversion_heatmap.pdf>
Package pdftex.def Info: figures/e9_oracle_inversion_heatmap.pdf  used on input
 line 258.
(pdftex.def)             Requested size: 484.27098pt x 235.73839pt.
<figures/e9_identification_scaling.pdf, id=770, 761.86218pt x 501.05966pt>
File: figures/e9_identification_scaling.pdf Graphic file (type pdf)
<use figures/e9_identification_scaling.pdf>
Package pdftex.def Info: figures/e9_identification_scaling.pdf  used on input l
ine 264.
(pdftex.def)             Requested size: 504.44542pt x 331.76312pt.
 [9

 <./figures/e9_oracle_inversion_heatmap.pdf>] [10 <./figures/e9_identification_
scaling.pdf>]
(../distributional_sid_decisive_2026-07-14/tables/e10_primary_table.tex)
<../distributional_sid_decisive_2026-07-14/figures/e10_full_tournament.pdf, id=
925, 826.24683pt x 291.25398pt>
File: ../distributional_sid_decisive_2026-07-14/figures/e10_full_tournament.pdf
 Graphic file (type pdf)
<use ../distributional_sid_decisive_2026-07-14/figures/e10_full_tournament.pdf>

Package pdftex.def Info: ../distributional_sid_decisive_2026-07-14/figures/e10_
full_tournament.pdf  used on input line 295.
(pdftex.def)             Requested size: 504.44542pt x 177.8202pt.
<figures/legacy_score_model_summary.pdf, id=926, 616.45824pt x 302.09447pt>
File: figures/legacy_score_model_summary.pdf Graphic file (type pdf)
<use figures/legacy_score_model_summary.pdf>
Package pdftex.def Info: figures/legacy_score_model_summary.pdf  used on input 
line 305.
(pdftex.def)             Requested size: 433.82336pt x 212.59863pt.

[11 <../distributional_sid_decisive_2026-07-14/figures/e10_full_tournament.pdf>
] [12 <./figures/legacy_score_model_summary.pdf>]
Underfull \hbox (badness 10000) in paragraph at lines 334--334
[]|\T1/cmr/m/n/8 (+20) Known con-di-tional
 []


Underfull \hbox (badness 10000) in paragraph at lines 334--334
[]|\T1/cmr/m/n/8 (+20) Direct cal-i-brated
 []


Underfull \hbox (badness 10000) in paragraph at lines 334--334
[]|\T1/cmr/m/n/8 (+20) Many bounded law
 []


Underfull \hbox (badness 10000) in paragraph at lines 334--334
[]|\T1/cmr/m/n/8 (+20) Cross-fitted ORTH
 []


Underfull \hbox (badness 1137) in paragraph at lines 334--334
[]|\T1/cmr/m/n/8 (+20) Reusable, bounded,
 []


Underfull \hbox (badness 10000) in paragraph at lines 334--334
[]|\T1/cmr/m/n/8 (+20) Heavy-tail/overlap
 []


Underfull \hbox (badness 10000) in paragraph at lines 334--334
[]|\T1/cmr/m/n/8 (+20) Moment-blind law
 []


Underfull \hbox (badness 10000) in paragraph at lines 334--334
[]|\T1/cmr/m/n/8 (+20) Deterministic/support
 []


Underfull \hbox (badness 10000) in paragraph at lines 334--334
[]|\T1/cmr/m/n/8 (+20) Remains reg-u-lar
 []


Underfull \hbox (badness 10000) in paragraph at lines 334--334
[]|\T1/cmr/m/n/8 (+20) Measurement-aware
 []


Underfull \hbox (badness 6016) in paragraph at lines 334--334
[]|\T1/cmr/m/n/8 (+20) Works when hori-
 []


Underfull \hbox (badness 1314) in paragraph at lines 334--334
[]|\T1/cmr/m/n/8 (+20) Direct low-rank co-
 []


Underfull \hbox (badness 1515) in paragraph at lines 334--334
[]|\T1/cmr/m/n/8 (+20) Arbitrary normalized-
 []


Underfull \hbox (badness 2582) in paragraph at lines 334--334
[]|\T1/cmr/m/n/8 (+20) Normalized den-sity
 []


Underfull \hbox (badness 3209) in paragraph at lines 334--334
\T1/cmr/m/n/8 (+20) and flex-i-ble down-
 []


Underfull \hbox (badness 2005) in paragraph at lines 334--334
[]|\T1/cmr/m/n/8 (+20) Ratio/classifier es-ti-
 []

[13

]
Underfull \hbox (badness 10000) in paragraph at lines 385--385
[]|\T1/cmr/m/n/7 (+20) Width/ridge de-vel-op-
 []


Overfull \hbox (11.5138pt too wide) in paragraph at lines 387--387
[]|\T1/cmr/m/n/7 (-20) Horizon/data/deconvolution
 []


Underfull \hbox (badness 10000) in paragraph at lines 394--394
[]|\T1/cmr/m/n/7 (+20) MDN/NSF com-plete
 []


Overfull \hbox (4.15083pt too wide) in paragraph at lines 395--395
[]|\T1/cmr/m/n/7 (-20) Diffusion/DSM/flow/ratio
 []


Underfull \hbox (badness 1242) in paragraph at lines 397--397
[]|\T1/cmr/m/n/7 (+20) Gate, base-line, val-i-da-
 []


ignored: Infinite glue shrinkage found in box being split [14] [15] (./main.aux)
 ***********
LaTeX2e <2025-11-01>
L3 programming layer <2026-01-19>
 ***********
Package rerunfilecheck Info: File `main.out' has not changed.
(rerunfilecheck)             Checksum: BDCC855F0B86BB03669C2B383B0BDA3C;6073.
 ) 
Here is how much of TeX's memory you used:
 15331 strings out of 467525
 246525 string characters out of 5418982
 720908 words of memory out of 5000000
 43716 multiletter control sequences out of 15000+600000
 654080 words of font info for 209 fonts, out of 8000000 for 9000
 1141 hyphenation exceptions out of 8191
 75i,12n,79p,1265b,611s stack positions out of 10000i,1000n,20000p,200000b,200000s
</usr/local/texlive/2026/texmf-dist/fonts/type1/public/amsfonts/cm/cmex10.pfb
></usr/local/texlive/2026/texmf-dist/fonts/type1/public/amsfonts/cm/cmmi10.pfb>
</usr/local/texlive/2026/texmf-dist/fonts/type1/public/amsfonts/cm/cmmi12.pfb><
/usr/local/texlive/2026/texmf-dist/fonts/type1/public/amsfonts/cm/cmmi5.pfb></u
sr/local/texlive/2026/texmf-dist/fonts/type1/public/amsfonts/cm/cmmi6.pfb></usr
/local/texlive/2026/texmf-dist/fonts/type1/public/amsfonts/cm/cmmi7.pfb></usr/l
ocal/texlive/2026/texmf-dist/fonts/type1/public/amsfonts/cm/cmmi8.pfb></usr/loc
al/texlive/2026/texmf-dist/fonts/type1/public/amsfonts/cm/cmr10.pfb></usr/local
/texlive/2026/texmf-dist/fonts/type1/public/amsfonts/cm/cmr5.pfb></usr/local/te
xlive/2026/texmf-dist/fonts/type1/public/amsfonts/cm/cmr7.pfb></usr/local/texli
ve/2026/texmf-dist/fonts/type1/public/amsfonts/cm/cmr8.pfb></usr/local/texlive/
2026/texmf-dist/fonts/type1/public/amsfonts/cm/cmsy10.pfb></usr/local/texlive/2
026/texmf-dist/fonts/type1/public/amsfonts/cm/cmsy5.pfb></usr/local/texlive/202
6/texmf-dist/fonts/type1/public/amsfonts/cm/cmsy7.pfb></usr/local/texlive/2026/
texmf-dist/fonts/type1/public/amsfonts/cm/cmsy8.pfb></usr/local/texlive/2026/te
xmf-dist/fonts/type1/public/amsfonts/symbols/msbm10.pfb></usr/local/texlive/202
6/texmf-dist/fonts/type1/public/cm-super/sfbx0700.pfb></usr/local/texlive/2026/
texmf-dist/fonts/type1/public/cm-super/sfbx0800.pfb></usr/local/texlive/2026/te
xmf-dist/fonts/type1/public/cm-super/sfbx0900.pfb></usr/local/texlive/2026/texm
f-dist/fonts/type1/public/cm-super/sfbx1000.pfb></usr/local/texlive/2026/texmf-
dist/fonts/type1/public/cm-super/sfbx1200.pfb></usr/local/texlive/2026/texmf-di
st/fonts/type1/public/cm-super/sfbx1440.pfb></usr/local/texlive/2026/texmf-dist
/fonts/type1/public/cm-super/sfbx1728.pfb></usr/local/texlive/2026/texmf-dist/f
onts/type1/public/cm-super/sfrm0700.pfb></usr/local/texlive/2026/texmf-dist/fon
ts/type1/public/cm-super/sfrm0800.pfb></usr/local/texlive/2026/texmf-dist/fonts
/type1/public/cm-super/sfrm0900.pfb></usr/local/texlive/2026/texmf-dist/fonts/t
ype1/public/cm-super/sfrm1000.pfb></usr/local/texlive/2026/texmf-dist/fonts/typ
e1/public/cm-super/sfrm1200.pfb></usr/local/texlive/2026/texmf-dist/fonts/type1
/public/cm-super/sfti1000.pfb></usr/local/texlive/2026/texmf-dist/fonts/type1/p
ublic/cm-super/sftt0800.pfb></usr/local/texlive/2026/texmf-dist/fonts/type1/pub
lic/cm-super/sftt1000.pfb>
Output written on main.pdf (15 pages, 805902 bytes).
PDF statistics:
 1246 PDF objects out of 1440 (max. 8388607)
 454 compressed objects within 5 object streams
 85 named destinations out of 1000 (max. 500000)
 46362 words of extra memory for PDF output out of 51595 (max. 10000000)

