\BOOKMARK [1][-]{section.1}{\376\377\000T\000h\000e\000\040\000r\000e\000s\000u\000l\000t\000\040\000i\000n\000\040\000o\000n\000e\000\040\000p\000a\000g\000e}{}% 1
\BOOKMARK [1][-]{section.2}{\376\377\000C\000l\000a\000i\000m\000\040\000a\000x\000e\000s\000\040\000a\000n\000d\000\040\000t\000e\000r\000m\000i\000n\000o\000l\000o\000g\000y}{}% 2
\BOOKMARK [1][-]{section.3}{\376\377\000M\000a\000t\000h\000e\000m\000a\000t\000i\000c\000a\000l\000\040\000o\000b\000j\000e\000c\000t\000s\000\040\000a\000n\000d\000\040\000w\000h\000y\000\040\000t\000h\000e\000\040\000o\000r\000i\000g\000i\000n\000a\000l\000\040\000r\000o\000u\000t\000e\000\040\000b\000e\000c\000a\000m\000e\000\040\000u\000n\000s\000t\000a\000b\000l\000e}{}% 3
\BOOKMARK [2][-]{subsection.3.1}{\376\377\000C\000o\000n\000d\000i\000t\000i\000o\000n\000a\000l\000\040\000l\000a\000w\000,\000\040\000m\000e\000a\000n\000,\000\040\000a\000n\000d\000\040\000v\000a\000r\000i\000a\000b\000i\000l\000i\000t\000y}{section.3}% 4
\BOOKMARK [2][-]{subsection.3.2}{\376\377\000H\000i\000s\000t\000o\000r\000y\000\040\000s\000c\000o\000r\000e\000,\000\040\000S\000B\000T\000G\000\040\000o\000p\000e\000r\000a\000t\000o\000r\000,\000\040\000a\000n\000d\000\040\000d\000e\000r\000i\000v\000a\000t\000i\000v\000e\000\040\000a\000m\000p\000l\000i\000f\000i\000c\000a\000t\000i\000o\000n}{section.3}% 5
\BOOKMARK [2][-]{subsection.3.3}{\376\377\000F\000i\000n\000i\000t\000e\000\040\000s\000u\000p\000p\000o\000r\000t\000e\000d\000\040\000c\000o\000n\000t\000r\000a\000s\000t}{section.3}% 6
\BOOKMARK [2][-]{subsection.3.4}{\376\377\000C\000o\000m\000p\000a\000t\000i\000b\000i\000l\000i\000t\000y\000-\000a\000w\000a\000r\000e\000\040\000r\000e\000p\000a\000i\000r\000e\000d\000\040\000p\000a\000t\000h\000s}{section.3}% 7
\BOOKMARK [1][-]{section.4}{\376\377\000M\000e\000t\000r\000i\000c\000s\000\040\000a\000n\000d\000\040\000e\000v\000a\000l\000u\000a\000t\000i\000o\000n\000\040\000r\000u\000l\000e\000s}{}% 8
\BOOKMARK [1][-]{section.5}{\376\377\000S\000y\000n\000t\000h\000e\000t\000i\000c\000\040\000d\000a\000t\000a\000\040\000a\000c\000t\000u\000a\000l\000l\000y\000\040\000u\000s\000e\000d}{}% 9
\BOOKMARK [2][-]{subsection.5.1}{\376\377\000M\000a\000t\000c\000h\000e\000d\000\040\000m\000e\000c\000h\000a\000n\000i\000s\000t\000i\000c\000\040\000o\000b\000j\000e\000c\000t\000i\000v\000e\000\040\000p\000a\000n\000e\000l}{section.5}% 10
\BOOKMARK [2][-]{subsection.5.2}{\376\377\000H\000i\000s\000t\000o\000r\000y\000-\000t\000a\000n\000g\000e\000n\000t\000\040\000g\000e\000n\000e\000r\000a\000t\000o\000r\000s\000\040\000G\0001\040\023\000G\0008}{section.5}% 11
\BOOKMARK [2][-]{subsection.5.3}{\376\377\000D\000i\000s\000t\000r\000i\000b\000u\000t\000i\000o\000n\000a\000l\000-\000v\000e\000r\000s\000u\000s\000-\000m\000e\000a\000n\000\040\000c\000i\000r\000c\000u\000i\000t\000\040\000b\000a\000t\000t\000e\000r\000y}{section.5}% 12
\BOOKMARK [1][-]{section.6}{\376\377\000E\000v\000e\000r\000y\000\040\000i\000m\000p\000l\000e\000m\000e\000n\000t\000e\000d\000\040\000m\000e\000t\000h\000o\000d\000\040\000a\000n\000d\000\040\000w\000h\000a\000t\000\040\000i\000t\000\040\000t\000e\000c\000h\000n\000i\000c\000a\000l\000l\000y\000\040\000e\000s\000t\000i\000m\000a\000t\000e\000d}{}% 13
\BOOKMARK [2][-]{subsection.6.1}{\376\377\000C\000l\000a\000s\000s\000i\000c\000a\000l\000\040\000d\000y\000n\000a\000m\000i\000c\000s\000\040\000a\000n\000d\000\040\000n\000o\000r\000m\000a\000l\000i\000z\000e\000d\000\040\000p\000r\000e\000d\000i\000c\000t\000i\000v\000e\000\040\000l\000a\000w\000s}{section.6}% 14
\BOOKMARK [2][-]{subsection.6.2}{\376\377\000S\000c\000o\000r\000e\000,\000\040\000d\000i\000f\000f\000u\000s\000i\000o\000n\000,\000\040\000a\000n\000d\000\040\000S\000B\000T\000G\000\040\000v\000a\000r\000i\000a\000n\000t\000s}{section.6}% 15
\BOOKMARK [2][-]{subsection.6.3}{\376\377\000F\000i\000n\000i\000t\000e\000,\000\040\000o\000r\000t\000h\000o\000g\000o\000n\000a\000l\000,\000\040\000p\000a\000t\000h\000,\000\040\000a\000n\000d\000\040\000i\000n\000f\000e\000r\000e\000n\000c\000e\000\040\000m\000e\000t\000h\000o\000d\000s}{section.6}% 16
\BOOKMARK [1][-]{section.7}{\376\377\000E\000x\000p\000e\000r\000i\000m\000e\000n\000t\000\040\000r\000e\000s\000u\000l\000t\000s\000:\000\040\000t\000h\000e\000\040\000S\000B\000T\000G\000\040\000r\000e\000p\000a\000i\000r\000\040\000s\000e\000q\000u\000e\000n\000c\000e}{}% 17
\BOOKMARK [2][-]{subsection.7.1}{\376\377\000O\000r\000i\000g\000i\000n\000a\000l\000\040\000w\000i\000n\000d\000o\000w\000\040\000s\000c\000o\000r\000e\000\040\000a\000n\000d\000\040\000t\000h\000e\000\040\000m\000a\000r\000g\000i\000n\000a\000l\000\040\000g\000-\000k\000\040\000t\000e\000r\000m}{section.7}% 18
\BOOKMARK [2][-]{subsection.7.2}{\376\377\000E\000d\000g\000e\000-\000l\000o\000c\000a\000l\000\040\000n\000o\000n\000l\000i\000n\000e\000a\000r\000\040\000w\000i\000n\000d\000o\000w\000\040\000e\000n\000e\000r\000g\000i\000e\000s}{section.7}% 19
\BOOKMARK [2][-]{subsection.7.3}{\376\377\000N\000u\000l\000l\000-\000c\000o\000n\000t\000r\000a\000s\000t\000\040\000t\000u\000n\000i\000n\000g\000\040\000d\000i\000d\000\040\000n\000o\000t\000\040\000c\000l\000o\000s\000e\000\040\000t\000h\000e\000\040\000g\000a\000p}{section.7}% 20
\BOOKMARK [2][-]{subsection.7.4}{\376\377\000D\000i\000r\000e\000c\000t\000\040\000c\000o\000n\000d\000i\000t\000i\000o\000n\000a\000l\000-\000s\000c\000o\000r\000e\000\040\000J\000a\000c\000o\000b\000i\000a\000n\000\040\000a\000n\000d\000\040\000t\000y\000p\000e\000d\000\040\000m\000e\000c\000h\000a\000n\000i\000s\000m\000\040\000s\000c\000r\000e\000e\000n}{section.7}% 21
\BOOKMARK [2][-]{subsection.7.5}{\376\377\000G\000r\000a\000d\000i\000e\000n\000t\000-\000r\000e\000a\000d\000o\000u\000t\000\040\000r\000o\000b\000u\000s\000t\000n\000e\000s\000s\000\040\000r\000u\000l\000e\000d\000\040\000o\000u\000t\000\040\000a\000\040\000d\000i\000f\000f\000e\000r\000e\000n\000t\000i\000a\000t\000i\000o\000n\000\040\000b\000u\000g}{section.7}% 22
\BOOKMARK [2][-]{subsection.7.6}{\376\377\000R\000e\000s\000i\000d\000u\000a\000l\000\040\000t\000e\000m\000p\000o\000r\000a\000l\000-\000J\000a\000c\000o\000b\000i\000a\000n\000:\000\040\000t\000h\000e\000\040\000s\000t\000r\000o\000n\000g\000e\000s\000t\000\040\000S\000B\000T\000G\000\040\000r\000e\000p\000a\000i\000r}{section.7}% 23
\BOOKMARK [1][-]{section.8}{\376\377\000M\000a\000t\000c\000h\000e\000d\000\040\000c\000o\000n\000d\000i\000t\000i\000o\000n\000a\000l\000-\000l\000a\000w\000\040\000a\000n\000d\000\040\000p\000h\000y\000s\000i\000c\000a\000l\000-\000f\000i\000e\000l\000d\000\040\000a\000d\000j\000u\000d\000i\000c\000a\000t\000i\000o\000n}{}% 24
\BOOKMARK [2][-]{subsection.8.1}{\376\377\000T\000r\000a\000i\000n\000i\000n\000g\000\040\000d\000e\000t\000a\000i\000l\000s}{section.8}% 25
\BOOKMARK [2][-]{subsection.8.2}{\376\377\000P\000r\000e\000d\000i\000c\000t\000i\000v\000e\000\040\000l\000a\000w\000\040\000o\000n\000\040\000m\000a\000t\000c\000h\000e\000d\000-\000t\000a\000i\000l\000\040\000d\000a\000t\000a}{section.8}% 26
\BOOKMARK [2][-]{subsection.8.3}{\376\377\000P\000h\000y\000s\000i\000c\000a\000l\000\040\000a\000d\000d\000i\000t\000i\000v\000e\000-\000m\000e\000a\000n\000\040\000f\000i\000e\000l\000d}{section.8}% 27
\BOOKMARK [2][-]{subsection.8.4}{\376\377\000P\000h\000y\000s\000i\000c\000a\000l\000\040\000s\000t\000o\000c\000h\000a\000s\000t\000i\000c\000-\000d\000i\000s\000p\000e\000r\000s\000i\000o\000n\000\040\000f\000i\000e\000l\000d}{section.8}% 28
\BOOKMARK [2][-]{subsection.8.5}{\376\377\000P\000r\000e\000d\000i\000c\000t\000i\000n\000g\000\040\000a\000\040\000v\000a\000r\000i\000a\000b\000l\000e\000\040\000l\000a\000w\000\040\000d\000i\000d\000\040\000n\000o\000t\000\040\000g\000u\000a\000r\000a\000n\000t\000e\000e\000\040\000i\000t\000s\000\040\000d\000e\000r\000i\000v\000a\000t\000i\000v\000e}{section.8}% 29
\BOOKMARK [2][-]{subsection.8.6}{\376\377\000S\000y\000n\000a\000p\000t\000i\000c\000\040\000g\000a\000t\000i\000n\000g\000\040\000r\000e\000m\000a\000i\000n\000e\000d\000\040\000u\000n\000s\000o\000l\000v\000e\000d}{section.8}% 30
\BOOKMARK [1][-]{section.9}{\376\377\000M\000e\000a\000n\000-\000v\000i\000s\000i\000b\000l\000e\000,\000\040\000m\000e\000a\000n\000-\000b\000l\000i\000n\000d\000,\000\040\000a\000n\000d\000\040\000j\000o\000i\000n\000t\000\040\000s\000y\000n\000t\000h\000e\000t\000i\000c\000\040\000c\000i\000r\000c\000u\000i\000t\000s}{}% 31
\BOOKMARK [2][-]{subsection.9.1}{\376\377\000E\000a\000r\000l\000i\000e\000r\000\040\000p\000e\000r\000-\000t\000a\000r\000g\000e\000t\000\040\000b\000a\000t\000t\000e\000r\000y}{section.9}% 32
\BOOKMARK [2][-]{subsection.9.2}{\376\377\000L\000a\000t\000e\000r\000\040\000m\000o\000m\000e\000n\000t\000-\000l\000a\000d\000d\000e\000r\000\040\000a\000n\000d\000\040\000j\000o\000i\000n\000t\000-\000c\000o\000v\000a\000r\000i\000a\000n\000c\000e\000\040\000a\000d\000j\000u\000d\000i\000c\000a\000t\000i\000o\000n}{section.9}% 33
\BOOKMARK [1][-]{section.10}{\376\377\000P\000o\000i\000n\000t\000\040\000t\000a\000n\000g\000e\000n\000t\000s\000,\000\040\000f\000i\000n\000i\000t\000e\000\040\000c\000o\000n\000t\000r\000a\000s\000t\000s\000,\000\040\000a\000n\000d\000\040\000t\000h\000e\000\040\000O\000R\000T\000H\000\040\000r\000e\000p\000a\000i\000r\000s}{}% 34
\BOOKMARK [2][-]{subsection.10.1}{\376\377\000P\000o\000i\000n\000t\000-\000h\000i\000s\000t\000o\000r\000y\000-\000g\000r\000a\000d\000i\000e\000n\000t\000\040\000r\000e\000a\000d\000i\000n\000e\000s\000s}{section.10}% 35
\BOOKMARK [2][-]{subsection.10.2}{\376\377\000T\000e\000n\000-\000s\000e\000e\000d\000\040\000f\000i\000n\000i\000t\000e\000\040\000c\000e\000n\000t\000r\000a\000l\000\040\000c\000o\000n\000t\000r\000a\000s\000t\000s}{section.10}% 36
\BOOKMARK [2][-]{subsection.10.3}{\376\377\000L\000e\000g\000a\000c\000y\000\040\000t\000a\000n\000g\000e\000n\000t\000-\000m\000o\000d\000e\000l\000\040\000c\000o\000m\000p\000a\000r\000i\000s\000o\000n}{section.10}% 37
\BOOKMARK [2][-]{subsection.10.4}{\376\377\000E\0000\040\023\000E\0001\0001\000\040\000a\000d\000j\000u\000d\000i\000c\000a\000t\000i\000o\000n\000\040\000a\000f\000t\000e\000r\000\040\000t\000a\000r\000g\000e\000t\000e\000d\000\040\000r\000e\000p\000a\000i\000r\000s}{section.10}% 38
\BOOKMARK [2][-]{subsection.10.5}{\376\377\000E\0006\000:\000\040\000f\000i\000x\000i\000n\000g\000\040\000a\000\040\000r\000e\000p\000r\000e\000s\000e\000n\000t\000e\000r\000\040\000b\000i\000a\000s\000\040\000f\000l\000o\000o\000r}{section.10}% 39
\BOOKMARK [2][-]{subsection.10.6}{\376\377\000E\0008\000:\000\040\000f\000i\000l\000t\000e\000r\000e\000d\000\040\000l\000a\000t\000e\000n\000t\000\040\000r\000e\000c\000o\000v\000e\000r\000y\000\040\000i\000s\000\040\000a\000n\000\040\000i\000n\000v\000e\000r\000s\000e\000\040\000p\000r\000o\000b\000l\000e\000m}{section.10}% 40
\BOOKMARK [2][-]{subsection.10.7}{\376\377\000E\0009\000:\000\040\000r\000a\000n\000k\000,\000\040\000i\000n\000v\000e\000r\000s\000i\000o\000n\000\040\000r\000i\000d\000g\000e\000,\000\040\000a\000n\000d\000\040\000t\000y\000p\000e\000d\000\040\000c\000o\000v\000a\000r\000i\000a\000n\000c\000e}{section.10}% 41
\BOOKMARK [1][-]{section.11}{\376\377\000C\000h\000a\000n\000g\000e\000p\000o\000i\000n\000t\000\040\000e\000x\000p\000e\000r\000i\000m\000e\000n\000t\000s}{}% 42
\BOOKMARK [2][-]{subsection.11.1}{\376\377\000M\000a\000t\000c\000h\000e\000d\000\040\000s\000y\000n\000t\000h\000e\000t\000i\000c\000\040\000d\000e\000t\000e\000c\000t\000i\000o\000n\000\040\000a\000n\000d\000\040\000c\000o\000n\000f\000u\000s\000i\000o\000n}{section.11}% 43
\BOOKMARK [2][-]{subsection.11.2}{\376\377\000J\000u\000n\000e\000\040\000f\000u\000l\000l\000\040\0001\0004\000-\000m\000e\000t\000h\000o\000d\000\040\000b\000e\000n\000c\000h\000m\000a\000r\000k}{section.11}% 44
\BOOKMARK [2][-]{subsection.11.3}{\376\377\000J\000u\000l\000y\000\040\000s\000c\000o\000r\000e\000-\000d\000y\000n\000a\000m\000i\000c\000s\000\040\000f\000o\000l\000l\000o\000w\000-\000u\000p}{section.11}% 45
\BOOKMARK [1][-]{section.12}{\376\377\000R\000e\000a\000l\000\040\000n\000e\000u\000r\000a\000l\000-\000d\000a\000t\000a\000\040\000e\000v\000i\000d\000e\000n\000c\000e}{}% 46
\BOOKMARK [2][-]{subsection.12.1}{\376\377\000C\000o\000h\000o\000r\000t\000s\000\040\000a\000n\000d\000\040\000g\000r\000o\000u\000p\000i\000n\000g}{section.12}% 47
\BOOKMARK [2][-]{subsection.12.2}{\376\377\000T\000h\000e\000\040\000o\000r\000i\000g\000i\000n\000a\000l\000\040\000b\000i\000o\000l\000o\000g\000i\000c\000a\000l\000\040\000s\000i\000g\000n\000a\000l\000\040\000a\000t\000t\000e\000n\000u\000a\000t\000e\000d\000\040\000u\000n\000d\000e\000r\000\040\000v\000a\000l\000i\000d\000\040\000g\000r\000o\000u\000p\000i\000n\000g}{section.12}% 48
\BOOKMARK [2][-]{subsection.12.3}{\376\377\000E\000i\000g\000h\000t\000\040\000r\000e\000a\000l\000-\000d\000a\000t\000a\000\040\000l\000e\000v\000e\000r\000s}{section.12}% 49
\BOOKMARK [2][-]{subsection.12.4}{\376\377\000S\000e\000l\000f\000-\000g\000a\000i\000n\000\040\000f\000a\000l\000s\000i\000f\000i\000c\000a\000t\000i\000o\000n}{section.12}% 50
\BOOKMARK [1][-]{section.13}{\376\377\000C\000o\000m\000p\000a\000t\000i\000b\000i\000l\000i\000t\000y\000-\000a\000w\000a\000r\000e\000\040\000r\000e\000s\000p\000o\000n\000s\000e\000\040\000s\000a\000m\000p\000l\000i\000n\000g}{}% 51
\BOOKMARK [2][-]{subsection.13.1}{\376\377\000C\000o\000r\000r\000e\000c\000t\000e\000d\000\040\0005\0004\000-\000n\000e\000u\000r\000o\000n\000\040\000i\000m\000p\000l\000e\000m\000e\000n\000t\000a\000t\000i\000o\000n}{section.13}% 52
\BOOKMARK [2][-]{subsection.13.2}{\376\377\000F\000o\000u\000r\000\040\000s\000a\000m\000p\000l\000e\000r\000s}{section.13}% 53
\BOOKMARK [2][-]{subsection.13.3}{\376\377\000S\000e\000a\000l\000e\000d\000\040\000S\000t\000a\000g\000e\000-\000A\000\040\000e\000s\000t\000i\000m\000a\000t\000o\000r\000\040\000b\000e\000n\000c\000h\000m\000a\000r\000k}{section.13}% 54
\BOOKMARK [2][-]{subsection.13.4}{\376\377\000E\000x\000t\000e\000r\000n\000a\000l\000\040\000c\000o\000r\000r\000e\000s\000p\000o\000n\000d\000e\000n\000c\000e\000\040\000o\000n\000\040\000t\000h\000e\000\040\000c\000o\000r\000r\000e\000c\000t\000e\000d\000\040\0005\0004\000-\000n\000e\000u\000r\000o\000n\000\040\000a\000x\000i\000s}{section.13}% 55
\BOOKMARK [1][-]{section.14}{\376\377\000M\000o\000d\000e\000l\000\040\000e\000r\000r\000o\000r\000\040\000a\000n\000d\000\040\000o\000u\000t\000-\000o\000f\000-\000d\000i\000s\000t\000r\000i\000b\000u\000t\000i\000o\000n\000\040\000q\000u\000e\000r\000i\000e\000s}{}% 56
\BOOKMARK [2][-]{subsection.14.1}{\376\377\000P\000r\000e\000d\000i\000c\000t\000i\000v\000e\000\040\000q\000u\000a\000l\000i\000f\000i\000c\000a\000t\000i\000o\000n\000\040\000a\000c\000r\000o\000s\000s\000\040\000s\000i\000x\000\040\000f\000a\000m\000i\000l\000i\000e\000s}{section.14}% 57
\BOOKMARK [1][-]{section.15}{\376\377\000H\000i\000s\000t\000o\000r\000i\000c\000a\000l\000\040\0008\0000\000-\000c\000l\000a\000s\000s\000\040\000a\000t\000l\000a\000s\000\040\000a\000n\000d\000\040\000c\000u\000r\000r\000e\000n\000t\000\040\000p\000r\000o\000g\000r\000a\000m}{}% 58
\BOOKMARK [2][-]{subsection.15.1}{\376\377\000P\000r\000e\000p\000a\000r\000e\000d\000\040\000D\000A\000N\000D\000I\000\040\0000\0000\0000\0009\0008\0001\000\040\000c\000a\000m\000p\000a\000i\000g\000n}{section.15}% 59
\BOOKMARK [1][-]{section.16}{\376\377\000W\000h\000a\000t\000\040\000t\000h\000e\000\040\000c\000o\000m\000p\000l\000e\000t\000e\000\040\000p\000r\000o\000g\000r\000a\000m\000\040\000n\000o\000w\000\040\000s\000u\000p\000p\000o\000r\000t\000s}{}% 60
\BOOKMARK [1][-]{section.17}{\376\377\000R\000e\000p\000r\000o\000d\000u\000c\000i\000b\000i\000l\000i\000t\000y\000\040\000a\000n\000d\000\040\000e\000v\000i\000d\000e\000n\000c\000e\000\040\000m\000a\000p}{}% 61
\BOOKMARK [1][-]{section.18}{\376\377\000C\000o\000n\000c\000l\000u\000s\000i\000o\000n}{}% 62
