This is pdfTeX, Version 3.141592653-2.6-1.40.29 (TeX Live 2026) (preloaded format=pdflatex 2026.3.22)  13 JUL 2026 00:23
entering extended mode
 restricted \write18 enabled.
 %&-line parsing enabled.
**/Users/vik/Developer/new_sbtg_neuro/reports/sid_synthesis_2026-07-12/main.tex

(/Users/vik/Developer/new_sbtg_neuro/reports/sid_synthesis_2026-07-12/main.tex
LaTeX2e <2025-11-01>
L3 programming layer <2026-01-19>
(/usr/local/texlive/2026/texmf-dist/tex/latex/base/article.cls
Document Class: article 2025/01/22 v1.4n Standard LaTeX document class
(/usr/local/texlive/2026/texmf-dist/tex/latex/base/size10.clo
File: size10.clo 2025/01/22 v1.4n Standard LaTeX file (size option)
)
\c@part=\count275
\c@section=\count276
\c@subsection=\count277
\c@subsubsection=\count278
\c@paragraph=\count279
\c@subparagraph=\count280
\c@figure=\count281
\c@table=\count282
\abovecaptionskip=\skip49
\belowcaptionskip=\skip50
\bibindent=\dimen148
)
(/usr/local/texlive/2026/texmf-dist/tex/latex/geometry/geometry.sty
Package: geometry 2026/03/07 v6.0 Page Geometry

(/usr/local/texlive/2026/texmf-dist/tex/latex/graphics/keyval.sty
Package: keyval 2022/05/29 v1.15 key=value parser (DPC)
\KV@toks@=\toks17
)
(/usr/local/texlive/2026/texmf-dist/tex/generic/iftex/ifvtex.sty
Package: ifvtex 2019/10/25 v1.7 ifvtex legacy package. Use iftex instead.

(/usr/local/texlive/2026/texmf-dist/tex/generic/iftex/iftex.sty
Package: iftex 2024/12/12 v1.0g TeX engine tests
))
\Gm@cnth=\count283
\Gm@cntv=\count284
\c@Gm@tempcnt=\count285
\Gm@bindingoffset=\dimen149
\Gm@wd@mp=\dimen150
\Gm@odd@mp=\dimen151
\Gm@even@mp=\dimen152
\Gm@layoutwidth=\dimen153
\Gm@layoutheight=\dimen154
\Gm@layouthoffset=\dimen155
\Gm@layoutvoffset=\dimen156
\Gm@dimlist=\toks18
)
(/usr/local/texlive/2026/texmf-dist/tex/latex/amsmath/amsmath.sty
Package: amsmath 2025/07/09 v2.17z AMS math features
\@mathmargin=\skip51

For additional information on amsmath, use the `?' option.
(/usr/local/texlive/2026/texmf-dist/tex/latex/amsmath/amstext.sty
Package: amstext 2024/11/17 v2.01 AMS text

(/usr/local/texlive/2026/texmf-dist/tex/latex/amsmath/amsgen.sty
File: amsgen.sty 1999/11/30 v2.0 generic functions
\@emptytoks=\toks19
\ex@=\dimen157
))
(/usr/local/texlive/2026/texmf-dist/tex/latex/amsmath/amsbsy.sty
Package: amsbsy 1999/11/29 v1.2d Bold Symbols
\pmbraise@=\dimen158
)
(/usr/local/texlive/2026/texmf-dist/tex/latex/amsmath/amsopn.sty
Package: amsopn 2022/04/08 v2.04 operator names
)
\inf@bad=\count286
LaTeX Info: Redefining \frac on input line 233.
\uproot@=\count287
\leftroot@=\count288
LaTeX Info: Redefining \overline on input line 398.
LaTeX Info: Redefining \colon on input line 409.
\classnum@=\count289
\DOTSCASE@=\count290
LaTeX Info: Redefining \ldots on input line 495.
LaTeX Info: Redefining \dots on input line 498.
LaTeX Info: Redefining \cdots on input line 619.
\Mathstrutbox@=\box53
\strutbox@=\box54
LaTeX Info: Redefining \big on input line 721.
LaTeX Info: Redefining \Big on input line 722.
LaTeX Info: Redefining \bigg on input line 723.
LaTeX Info: Redefining \Bigg on input line 724.
\big@size=\dimen159
LaTeX Font Info:    Redeclaring font encoding OML on input line 742.
LaTeX Font Info:    Redeclaring font encoding OMS on input line 743.
\macc@depth=\count291
LaTeX Info: Redefining \bmod on input line 904.
LaTeX Info: Redefining \pmod on input line 909.
LaTeX Info: Redefining \smash on input line 939.
LaTeX Info: Redefining \relbar on input line 969.
LaTeX Info: Redefining \Relbar on input line 970.
\c@MaxMatrixCols=\count292
\dotsspace@=\muskip17
\c@parentequation=\count293
\dspbrk@lvl=\count294
\tag@help=\toks20
\row@=\count295
\column@=\count296
\maxfields@=\count297
\andhelp@=\toks21
\eqnshift@=\dimen160
\alignsep@=\dimen161
\tagshift@=\dimen162
\tagwidth@=\dimen163
\totwidth@=\dimen164
\lineht@=\dimen165
\@envbody=\toks22
\multlinegap=\skip52
\multlinetaggap=\skip53
\mathdisplay@stack=\toks23
LaTeX Info: Redefining \[ on input line 2950.
LaTeX Info: Redefining \] on input line 2951.
)
(/usr/local/texlive/2026/texmf-dist/tex/latex/amsfonts/amssymb.sty
Package: amssymb 2013/01/14 v3.01 AMS font symbols

(/usr/local/texlive/2026/texmf-dist/tex/latex/amsfonts/amsfonts.sty
Package: amsfonts 2013/01/14 v3.01 Basic AMSFonts support
\symAMSa=\mathgroup4
\symAMSb=\mathgroup5
LaTeX Font Info:    Redeclaring math symbol \hbar on input line 98.
LaTeX Font Info:    Overwriting math alphabet `\mathfrak' in version `bold'
(Font)                  U/euf/m/n --> U/euf/b/n on input line 106.
))
(/usr/local/texlive/2026/texmf-dist/tex/latex/mathtools/mathtools.sty
Package: mathtools 2024/10/04 v1.31 mathematical typesetting tools

(/usr/local/texlive/2026/texmf-dist/tex/latex/tools/calc.sty
Package: calc 2025/03/01 v4.3b Infix arithmetic (KKT,FJ)
\calc@Acount=\count298
\calc@Bcount=\count299
\calc@Adimen=\dimen166
\calc@Bdimen=\dimen167
\calc@Askip=\skip54
\calc@Bskip=\skip55
LaTeX Info: Redefining \setlength on input line 86.
LaTeX Info: Redefining \addtolength on input line 87.
\calc@Ccount=\count300
\calc@Cskip=\skip56
)
(/usr/local/texlive/2026/texmf-dist/tex/latex/mathtools/mhsetup.sty
Package: mhsetup 2021/03/18 v1.4 programming setup (MH)
)
\g_MT_multlinerow_int=\count301
\l_MT_multwidth_dim=\dimen168
\origjot=\skip57
\l_MT_shortvdotswithinadjustabove_dim=\dimen169
\l_MT_shortvdotswithinadjustbelow_dim=\dimen170
\l_MT_above_intertext_sep=\dimen171
\l_MT_below_intertext_sep=\dimen172
\l_MT_above_shortintertext_sep=\dimen173
\l_MT_below_shortintertext_sep=\dimen174
\xmathstrut@box=\box55
\xmathstrut@dim=\dimen175
)
(/usr/local/texlive/2026/texmf-dist/tex/latex/booktabs/booktabs.sty
Package: booktabs 2020/01/12 v1.61803398 Publication quality tables
\heavyrulewidth=\dimen176
\lightrulewidth=\dimen177
\cmidrulewidth=\dimen178
\belowrulesep=\dimen179
\belowbottomsep=\dimen180
\aboverulesep=\dimen181
\abovetopsep=\dimen182
\cmidrulesep=\dimen183
\cmidrulekern=\dimen184
\defaultaddspace=\dimen185
\@cmidla=\count302
\@cmidlb=\count303
\@aboverulesep=\dimen186
\@belowrulesep=\dimen187
\@thisruleclass=\count304
\@lastruleclass=\count305
\@thisrulewidth=\dimen188
)
(/usr/local/texlive/2026/texmf-dist/tex/latex/tools/longtable.sty
Package: longtable 2025-10-13 v4.24 Multi-page Table package (DPC)
\LTleft=\skip58
\LTright=\skip59
\LTpre=\skip60
\LTpost=\skip61
\LTchunksize=\count306
\LTcapwidth=\dimen189
\LT@head=\box56
\LT@firsthead=\box57
\LT@foot=\box58
\LT@lastfoot=\box59
\LT@gbox=\box60
\LT@cols=\count307
\LT@rows=\count308
\c@LT@tables=\count309
\c@LT@chunks=\count310
\LT@p@ftn=\toks24
)
(/usr/local/texlive/2026/texmf-dist/tex/latex/tools/tabularx.sty
Package: tabularx 2023/12/11 v2.12a `tabularx' package (DPC)

(/usr/local/texlive/2026/texmf-dist/tex/latex/tools/array.sty
Package: array 2025/09/25 v2.6n Tabular extension package (FMi)
\col@sep=\dimen190
\ar@mcellbox=\box61
\extrarowheight=\dimen191
\NC@list=\toks25
\extratabsurround=\skip62
\backup@length=\skip63
\ar@cellbox=\box62
)
\TX@col@width=\dimen192
\TX@old@table=\dimen193
\TX@old@col=\dimen194
\TX@target=\dimen195
\TX@delta=\dimen196
\TX@cols=\count311
\TX@ftn=\toks26
)
(/usr/local/texlive/2026/texmf-dist/tex/latex/multirow/multirow.sty
Package: multirow 2024/11/12 v2.9 Span multiple rows of a table
\multirow@colwidth=\skip64
\multirow@cntb=\count312
\multirow@dima=\skip65
\bigstrutjot=\dimen197
)
(/usr/local/texlive/2026/texmf-dist/tex/latex/graphics/graphicx.sty
Package: graphicx 2024/12/31 v1.2e Enhanced LaTeX Graphics (DPC,SPQR)

(/usr/local/texlive/2026/texmf-dist/tex/latex/graphics/graphics.sty
Package: graphics 2024/08/06 v1.4g Standard LaTeX Graphics (DPC,SPQR)

(/usr/local/texlive/2026/texmf-dist/tex/latex/graphics/trig.sty
Package: trig 2023/12/02 v1.11 sin cos tan (DPC)
)
(/usr/local/texlive/2026/texmf-dist/tex/latex/graphics-cfg/graphics.cfg
File: graphics.cfg 2016/06/04 v1.11 sample graphics configuration
)
Package graphics Info: Driver file: pdftex.def on input line 106.

(/usr/local/texlive/2026/texmf-dist/tex/latex/graphics-def/pdftex.def
File: pdftex.def 2025/09/29 v1.2d Graphics/color driver for pdftex
))
\Gin@req@height=\dimen198
\Gin@req@width=\dimen199
)
(/usr/local/texlive/2026/texmf-dist/tex/latex/xcolor/xcolor.sty
Package: xcolor 2024/09/29 v3.02 LaTeX color extensions (UK)

(/usr/local/texlive/2026/texmf-dist/tex/latex/graphics-cfg/color.cfg
File: color.cfg 2016/01/02 v1.6 sample color configuration
)
Package xcolor Info: Driver file: pdftex.def on input line 274.

(/usr/local/texlive/2026/texmf-dist/tex/latex/graphics/mathcolor.ltx)
Package xcolor Info: Model `cmy' substituted by `cmy0' on input line 1349.
Package xcolor Info: Model `hsb' substituted by `rgb' on input line 1353.
Package xcolor Info: Model `RGB' extended on input line 1365.
Package xcolor Info: Model `HTML' substituted by `rgb' on input line 1367.
Package xcolor Info: Model `Hsb' substituted by `hsb' on input line 1368.
Package xcolor Info: Model `tHsb' substituted by `hsb' on input line 1369.
Package xcolor Info: Model `HSB' substituted by `hsb' on input line 1370.
Package xcolor Info: Model `Gray' substituted by `gray' on input line 1371.
Package xcolor Info: Model `wave' substituted by `hsb' on input line 1372.
)
(/usr/local/texlive/2026/texmf-dist/tex/latex/microtype/microtype.sty
Package: microtype 2026/03/01 v3.2d Micro-typographical refinements (RS)

(/usr/local/texlive/2026/texmf-dist/tex/latex/etoolbox/etoolbox.sty
Package: etoolbox 2025/10/02 v2.5m e-TeX tools for LaTeX (JAW)
\etb@tempcnta=\count313
)
\MT@toks=\toks27
\MT@tempbox=\box63
\MT@count=\count314
LaTeX Info: Redefining \noprotrusionifhmode on input line 1084.
LaTeX Info: Redefining \leftprotrusion on input line 1085.
\MT@prot@toks=\toks28
LaTeX Info: Redefining \rightprotrusion on input line 1104.
LaTeX Info: Redefining \textls on input line 1449.
\MT@outer@kern=\dimen256
LaTeX Info: Redefining \microtypecontext on input line 2053.
LaTeX Info: Redefining \textmicrotypecontext on input line 2070.
\MT@listname@count=\count315

(/usr/local/texlive/2026/texmf-dist/tex/latex/microtype/microtype-pdftex.def
File: microtype-pdftex.def 2026/03/01 v3.2d Definitions specific to pdftex (RS)

LaTeX Info: Redefining \lsstyle on input line 944.
LaTeX Info: Redefining \lslig on input line 944.
\MT@outer@space=\skip66
)
Package microtype Info: Loading configuration file microtype.cfg.

(/usr/local/texlive/2026/texmf-dist/tex/latex/microtype/microtype.cfg
File: microtype.cfg 2026/03/01 v3.2d microtype main configuration file (RS)
)
LaTeX Info: Redefining \microtypesetup on input line 3065.
)
(/usr/local/texlive/2026/texmf-dist/tex/latex/enumitem/enumitem.sty
Package: enumitem 2025/02/06 v3.11 Customized lists
\labelindent=\skip67
\enit@outerparindent=\dimen257
\enit@toks=\toks29
\enit@inbox=\box64
\enit@count@id=\count316
\enitdp@description=\count317
)
(/usr/local/texlive/2026/texmf-dist/tex/latex/caption/caption.sty
Package: caption 2023/08/05 v3.6o Customizing captions (AR)

(/usr/local/texlive/2026/texmf-dist/tex/latex/caption/caption3.sty
Package: caption3 2023/07/31 v2.4d caption3 kernel (AR)
\caption@tempdima=\dimen258
\captionmargin=\dimen259
\caption@leftmargin=\dimen260
\caption@rightmargin=\dimen261
\caption@width=\dimen262
\caption@indent=\dimen263
\caption@parindent=\dimen264
\caption@hangindent=\dimen265
Package caption Info: Standard document class detected.
)
\c@caption@flags=\count318
\c@continuedfloat=\count319
Package caption Info: longtable package is loaded.

(/usr/local/texlive/2026/texmf-dist/tex/latex/caption/ltcaption.sty
Package: ltcaption 2021/01/08 v1.4c longtable captions (AR)
))
(/usr/local/texlive/2026/texmf-dist/tex/latex/fancyhdr/fancyhdr.sty
Package: fancyhdr 2025/02/07 v5.2 Extensive control of page headers and footers

\f@nch@headwidth=\skip68
\f@nch@offset@elh=\skip69
\f@nch@offset@erh=\skip70
\f@nch@offset@olh=\skip71
\f@nch@offset@orh=\skip72
\f@nch@offset@elf=\skip73
\f@nch@offset@erf=\skip74
\f@nch@offset@olf=\skip75
\f@nch@offset@orf=\skip76
\f@nch@height=\skip77
\f@nch@footalignment=\skip78
\f@nch@widthL=\skip79
\f@nch@widthC=\skip80
\f@nch@widthR=\skip81
\@temptokenb=\toks30
)
(/usr/local/texlive/2026/texmf-dist/tex/latex/hyperref/hyperref.sty
Package: hyperref 2026-01-29 v7.01p Hypertext links for LaTeX

(/usr/local/texlive/2026/texmf-dist/tex/latex/kvsetkeys/kvsetkeys.sty
Package: kvsetkeys 2022-10-05 v1.19 Key value parser (HO)
)
(/usr/local/texlive/2026/texmf-dist/tex/generic/kvdefinekeys/kvdefinekeys.sty
Package: kvdefinekeys 2019-12-19 v1.6 Define keys (HO)
)
(/usr/local/texlive/2026/texmf-dist/tex/generic/pdfescape/pdfescape.sty
Package: pdfescape 2019/12/09 v1.15 Implements pdfTeX's escape features (HO)

(/usr/local/texlive/2026/texmf-dist/tex/generic/ltxcmds/ltxcmds.sty
Package: ltxcmds 2023-12-04 v1.26 LaTeX kernel commands for general use (HO)
)
(/usr/local/texlive/2026/texmf-dist/tex/generic/pdftexcmds/pdftexcmds.sty
Package: pdftexcmds 2020-06-27 v0.33 Utility functions of pdfTeX for LuaTeX (HO
)

(/usr/local/texlive/2026/texmf-dist/tex/generic/infwarerr/infwarerr.sty
Package: infwarerr 2019/12/03 v1.5 Providing info/warning/error messages (HO)
)
Package pdftexcmds Info: \pdf@primitive is available.
Package pdftexcmds Info: \pdf@ifprimitive is available.
Package pdftexcmds Info: \pdfdraftmode found.
))
(/usr/local/texlive/2026/texmf-dist/tex/latex/hycolor/hycolor.sty
Package: hycolor 2020-01-27 v1.10 Color options for hyperref/bookmark (HO)
)
(/usr/local/texlive/2026/texmf-dist/tex/latex/hyperref/nameref.sty
Package: nameref 2026-01-29 v2.58 Cross-referencing by name of section

(/usr/local/texlive/2026/texmf-dist/tex/latex/refcount/refcount.sty
Package: refcount 2019/12/15 v3.6 Data extraction from label references (HO)
)
(/usr/local/texlive/2026/texmf-dist/tex/generic/gettitlestring/gettitlestring.s
ty
Package: gettitlestring 2019/12/15 v1.6 Cleanup title references (HO)
 (/usr/local/texlive/2026/texmf-dist/tex/latex/kvoptions/kvoptions.sty
Package: kvoptions 2022-06-15 v3.15 Key value format for package options (HO)
))
\c@section@level=\count320
)
(/usr/local/texlive/2026/texmf-dist/tex/generic/stringenc/stringenc.sty
Package: stringenc 2019/11/29 v1.12 Convert strings between diff. encodings (HO
)
)
\@linkdim=\dimen266
\Hy@linkcounter=\count321
\Hy@pagecounter=\count322

(/usr/local/texlive/2026/texmf-dist/tex/latex/hyperref/pd1enc.def
File: pd1enc.def 2026-01-29 v7.01p Hyperref: PDFDocEncoding definition (HO)
Now handling font encoding PD1 ...
... no UTF-8 mapping file for font encoding PD1
)
(/usr/local/texlive/2026/texmf-dist/tex/generic/intcalc/intcalc.sty
Package: intcalc 2019/12/15 v1.3 Expandable calculations with integers (HO)
)
\Hy@SavedSpaceFactor=\count323

(/usr/local/texlive/2026/texmf-dist/tex/latex/hyperref/puenc.def
File: puenc.def 2026-01-29 v7.01p Hyperref: PDF Unicode definition (HO)
Now handling font encoding PU ...
... no UTF-8 mapping file for font encoding PU
)
Package hyperref Info: Hyper figures OFF on input line 4201.
Package hyperref Info: Link nesting OFF on input line 4206.
Package hyperref Info: Hyper index ON on input line 4209.
Package hyperref Info: Plain pages OFF on input line 4216.
Package hyperref Info: Backreferencing OFF on input line 4221.
Package hyperref Info: Implicit mode ON; LaTeX internals redefined.
Package hyperref Info: Bookmarks ON on input line 4468.
\c@Hy@tempcnt=\count324

(/usr/local/texlive/2026/texmf-dist/tex/latex/url/url.sty
\Urlmuskip=\muskip18
Package: url 2013/09/16  ver 3.4  Verb mode for urls, etc.
)
LaTeX Info: Redefining \url on input line 4807.
\XeTeXLinkMargin=\dimen267

(/usr/local/texlive/2026/texmf-dist/tex/generic/bitset/bitset.sty
Package: bitset 2019/12/09 v1.3 Handle bit-vector datatype (HO)

(/usr/local/texlive/2026/texmf-dist/tex/generic/bigintcalc/bigintcalc.sty
Package: bigintcalc 2019/12/15 v1.5 Expandable calculations on big integers (HO
)
))
\Fld@menulength=\count325
\Field@Width=\dimen268
\Fld@charsize=\dimen269
Package hyperref Info: Hyper figures OFF on input line 6084.
Package hyperref Info: Link nesting OFF on input line 6089.
Package hyperref Info: Hyper index ON on input line 6092.
Package hyperref Info: backreferencing OFF on input line 6099.
Package hyperref Info: Link coloring OFF on input line 6104.
Package hyperref Info: Link coloring with OCG OFF on input line 6109.
Package hyperref Info: PDF/A mode OFF on input line 6114.
\Hy@abspage=\count326
\c@Item=\count327
\c@Hfootnote=\count328
)
Package hyperref Info: Driver (autodetected): hpdftex.

(/usr/local/texlive/2026/texmf-dist/tex/latex/hyperref/hpdftex.def
File: hpdftex.def 2026-01-29 v7.01p Hyperref driver for pdfTeX
\Fld@listcount=\count329
\c@bookmark@seq@number=\count330

(/usr/local/texlive/2026/texmf-dist/tex/latex/rerunfilecheck/rerunfilecheck.sty
Package: rerunfilecheck 2025-06-21 v1.11 Rerun checks for auxiliary files (HO)

(/usr/local/texlive/2026/texmf-dist/tex/generic/uniquecounter/uniquecounter.sty
Package: uniquecounter 2019/12/15 v1.4 Provide unlimited unique counter (HO)
)
Package uniquecounter Info: New unique counter `rerunfilecheck' on input line 2
84.
)
\Hy@SectionHShift=\skip82
) (/usr/local/texlive/2026/texmf-dist/tex/latex/xurl/xurl.sty
Package: xurl 2022/01/09 v 0.10 modify URL breaks
)
(/usr/local/texlive/2026/texmf-dist/tex/latex/tools/xspace.sty
Package: xspace 2014/10/28 v1.13 Space after command names (DPC,MH)
)
Package hyperref Info: Option `colorlinks' set `true' on input line 29.

(/usr/local/texlive/2026/texmf-dist/tex/latex/l3backend/l3backend-pdftex.def
File: l3backend-pdftex.def 2025-10-09 L3 backend support: PDF output (pdfTeX)
\l__color_backend_stack_int=\count331
)
(./main.aux)
\openout1 = `main.aux'.

LaTeX Font Info:    Checking defaults for OML/cmm/m/it on input line 67.
LaTeX Font Info:    ... okay on input line 67.
LaTeX Font Info:    Checking defaults for OMS/cmsy/m/n on input line 67.
LaTeX Font Info:    ... okay on input line 67.
LaTeX Font Info:    Checking defaults for OT1/cmr/m/n on input line 67.
LaTeX Font Info:    ... okay on input line 67.
LaTeX Font Info:    Checking defaults for T1/cmr/m/n on input line 67.
LaTeX Font Info:    ... okay on input line 67.
LaTeX Font Info:    Checking defaults for TS1/cmr/m/n on input line 67.
LaTeX Font Info:    ... okay on input line 67.
LaTeX Font Info:    Checking defaults for OMX/cmex/m/n on input line 67.
LaTeX Font Info:    ... okay on input line 67.
LaTeX Font Info:    Checking defaults for U/cmr/m/n on input line 67.
LaTeX Font Info:    ... okay on input line 67.
LaTeX Font Info:    Checking defaults for PD1/pdf/m/n on input line 67.
LaTeX Font Info:    ... okay on input line 67.
LaTeX Font Info:    Checking defaults for PU/pdf/m/n on input line 67.
LaTeX Font Info:    ... okay on input line 67.

*geometry* driver: auto-detecting
*geometry* detected driver: pdftex
*geometry* verbose mode - [ preamble ] result:
* driver: pdftex
* paper: <default>
* layout: <same size as paper>
* layoutoffset:(h,v)=(0.0pt,0.0pt)
* modes: 
* h-part:(L,W,R)=(56.3705pt, 501.554pt, 56.3705pt)
* v-part:(T,H,B)=(56.3705pt, 682.22899pt, 56.3705pt)
* \paperwidth=614.295pt
* \paperheight=794.96999pt
* \textwidth=501.554pt
* \textheight=682.22899pt
* \oddsidemargin=-15.89949pt
* \evensidemargin=-15.89949pt
* \topmargin=-52.89949pt
* \headheight=13.0pt
* \headsep=25.0pt
* \topskip=10.0pt
* \footskip=30.0pt
* \marginparwidth=65.0pt
* \marginparsep=11.0pt
* \columnsep=10.0pt
* \skip\footins=9.0pt plus 4.0pt minus 2.0pt
* \hoffset=0.0pt
* \voffset=0.0pt
* \mag=1000
* \@twocolumnfalse
* \@twosidefalse
* \@mparswitchfalse
* \@reversemarginfalse
* (1in=72.27pt=25.4mm, 1cm=28.453pt)

(/usr/local/texlive/2026/texmf-dist/tex/context/base/mkii/supp-pdf.mkii
[Loading MPS to PDF converter (version 2006.09.02).]
\scratchcounter=\count332
\scratchdimen=\dimen270
\scratchbox=\box65
\nofMPsegments=\count333
\nofMParguments=\count334
\everyMPshowfont=\toks31
\MPscratchCnt=\count335
\MPscratchDim=\dimen271
\MPnumerator=\count336
\makeMPintoPDFobject=\count337
\everyMPtoPDFconversion=\toks32
) (/usr/local/texlive/2026/texmf-dist/tex/latex/epstopdf-pkg/epstopdf-base.sty
Package: epstopdf-base 2020-01-24 v2.11 Base part for package epstopdf
Package epstopdf-base Info: Redefining graphics rule for `.eps' on input line 4
85.

(/usr/local/texlive/2026/texmf-dist/tex/latex/latexconfig/epstopdf-sys.cfg
File: epstopdf-sys.cfg 2010/07/13 v1.3 Configuration of (r)epstopdf for TeX Liv
e
))
LaTeX Info: Redefining \microtypecontext on input line 67.
Package microtype Info: Applying patch `item' on input line 67.
Package microtype Info: Applying patch `toc' on input line 67.
Package microtype Info: Applying patch `eqnum' on input line 67.
Package microtype Info: Applying patch `footnote' on input line 67.
Package microtype Info: Applying patch `verbatim' on input line 67.
LaTeX Info: Redefining \microtypesetup on input line 67.
Package microtype Info: Generating PDF output.
Package microtype Info: Character protrusion enabled (level 2).
Package microtype Info: Using default protrusion set `alltext'.
Package microtype Info: Automatic font expansion enabled (level 2),
(microtype)             stretch: 20, shrink: 20, step: 1, non-selected.
Package microtype Info: Using default expansion set `alltext-nott'.
Package microtype Info: Patching command `\showhyphens'.
Package microtype Info: No adjustment of tracking.
Package microtype Info: No adjustment of interword spacing.
Package microtype Info: No adjustment of character kerning.

(/usr/local/texlive/2026/texmf-dist/tex/latex/microtype/mt-cmr.cfg
File: mt-cmr.cfg 2013/05/19 v2.2 microtype config. file: Computer Modern Roman 
(RS)
)
Package caption Info: Begin \AtBeginDocument code.
Package caption Info: hyperref package is loaded.
Package caption Info: End \AtBeginDocument code.
Package hyperref Info: Link coloring ON on input line 67.
 (./main.out) (./main.out)
\@outlinefile=\write3
\openout3 = `main.out'.

LaTeX Font Info:    Trying to load font information for U+msa on input line 70.

 (/usr/local/texlive/2026/texmf-dist/tex/latex/amsfonts/umsa.fd
File: umsa.fd 2013/01/14 v3.01 AMS symbols A
)
(/usr/local/texlive/2026/texmf-dist/tex/latex/microtype/mt-msa.cfg
File: mt-msa.cfg 2006/02/04 v1.1 microtype config. file: AMS symbols (a) (RS)
)
LaTeX Font Info:    Trying to load font information for U+msb on input line 70.


(/usr/local/texlive/2026/texmf-dist/tex/latex/amsfonts/umsb.fd
File: umsb.fd 2013/01/14 v3.01 AMS symbols B
)
(/usr/local/texlive/2026/texmf-dist/tex/latex/microtype/mt-msb.cfg
File: mt-msb.cfg 2005/06/01 v1.0 microtype config. file: AMS symbols (b) (RS)
) (./main.toc [1

{/usr/local/texlive/2026/texmf-var/fonts/map/pdftex/updmap/pdftex.map}]
[2])
\tf@toc=\write4
\openout4 = `main.toc'.

 [3] [4]
Underfull \hbox (badness 10000) in paragraph at lines 144--144
[]|\OT1/cmr/m/n/10 (+20) Bootstrap, held-out route agree-ment,
 []

[5] [6{/usr/local/texlive/2026/texmf-dist/fonts/enc/dvips/cm-super/cm-super-ts1
.enc}]
Underfull \hbox (badness 10000) in paragraph at lines 284--284
[]|\OT1/cmr/m/n/10 (+20) Quadratic con-di-
 []


Underfull \hbox (badness 10000) in paragraph at lines 284--284
\OT1/cmr/m/n/10 (+20) tional out-come
 []


Underfull \hbox (badness 4492) in paragraph at lines 284--284
[]|\OT1/cmr/m/n/10 (+20) Hyv^^?arinen or de-nois-ing
 []


Underfull \hbox (badness 10000) in paragraph at lines 284--284
\OT1/cmr/m/n/10 (+20) score match-ing; an-a-
 []


Underfull \hbox (badness 10000) in paragraph at lines 284--284
\OT1/cmr/m/n/10 (+20) lytic mean/log-variance
 []


Underfull \hbox (badness 10000) in paragraph at lines 284--284
[]|\OT1/cmr/m/n/10 (+20) Conditional score
 []


Underfull \hbox (badness 10000) in paragraph at lines 284--284
\OT1/cmr/m/n/10 (+20) and fit-ted Gaus-sian
 []


Underfull \hbox (badness 3919) in paragraph at lines 284--284
\OT1/cmr/m/n/10 (+20) mean/dispersion sen-si-
 []


Underfull \hbox (badness 1953) in paragraph at lines 284--285
\OT1/cmr/m/n/10 (+20) ics on its home
 []


Underfull \hbox (badness 2359) in paragraph at lines 285--285
[]|\OT1/cmr/m/n/10 (+20) Reduced-form sen-si-tiv-
 []


Underfull \hbox (badness 10000) in paragraph at lines 285--286
[]|\OT1/cmr/m/n/10 (+20) Moderate mean-
 []


Underfull \hbox (badness 10000) in paragraph at lines 285--286
\OT1/cmr/m/n/10 (+20) like screen-ing;
 []


Underfull \hbox (badness 10000) in paragraph at lines 285--286
\OT1/cmr/m/n/10 (+20) weak and non-
 []


Underfull \hbox (badness 10000) in paragraph at lines 285--286
\OT1/cmr/m/n/10 (+20) specific dis-
 []


Underfull \hbox (badness 10000) in paragraph at lines 285--286
\OT1/cmr/m/n/10 (+20) per-sion/gating
 []


Underfull \hbox (badness 10000) in paragraph at lines 286--286
[]|\OT1/cmr/m/n/10 (+20) Point-history
 []


Underfull \hbox (badness 2343) in paragraph at lines 286--286
[]|\OT1/cmr/m/n/10 (+20) Normalized den-sity
 []


Underfull \hbox (badness 4981) in paragraph at lines 286--286
[]|\OT1/cmr/m/n/10 (+20) Local change of the
 []


Underfull \hbox (badness 10000) in paragraph at lines 286--286
\OT1/cmr/m/n/10 (+20) pre-dic-tive law un-der
 []


Underfull \hbox (badness 7704) in paragraph at lines 286--287
\OT1/cmr/m/n/10 (+20) ance/skew readi-
 []


Underfull \hbox (badness 10000) in paragraph at lines 287--287
[]|\OT1/cmr/m/n/10 (+20) Densities, ra-tios,
 []


Underfull \hbox (badness 10000) in paragraph at lines 287--287
[]|\OT1/cmr/m/n/10 (+20) Supported fi-nite law
 []


Underfull \hbox (badness 10000) in paragraph at lines 287--287
\OT1/cmr/m/n/10 (+20) change and typed
 []


Underfull \hbox (badness 2809) in paragraph at lines 287--288
[]|\OT1/cmr/m/n/10 (+20) Best orig-i-nal di-
 []


Underfull \hbox (badness 10000) in paragraph at lines 288--288
[]|\OT1/cmr/m/sc/10 (+20) Diffusion-
 []


Underfull \hbox (badness 10000) in paragraph at lines 288--288
[]|\OT1/cmr/m/n/10 (+20) Conditional noisy
 []


Underfull \hbox (badness 1603) in paragraph at lines 288--289
[]|\OT1/cmr/m/n/10 (+20) Flexible back-end;
 []


Underfull \hbox (badness 10000) in paragraph at lines 289--289
[]|\OT1/cmr/m/n/10 (+20) Calibrated se-quen-
 []


Underfull \hbox (badness 10000) in paragraph at lines 289--289
[]|\OT1/cmr/m/n/10 (+20) Detection/localization
 []


Underfull \hbox (badness 1189) in paragraph at lines 289--289
\OT1/cmr/m/n/10 (+20) of a de-clared chan-nel
 []


Underfull \hbox (badness 10000) in paragraph at lines 289--290
[]|\OT1/cmr/m/n/10 (+20) Mean and tail
 []


Underfull \hbox (badness 10000) in paragraph at lines 289--290
\OT1/cmr/m/n/10 (+20) work; vari-ance
 []


Underfull \hbox (badness 10000) in paragraph at lines 289--290
\OT1/cmr/m/n/10 (+20) probe is not
 []


ignored: Infinite glue shrinkage found in box being split [7] [8]
Underfull \hbox (badness 7256) in paragraph at lines 356--356
[]|\OT1/cmr/m/n/10 (+20) Gaussian/Student-$\OML/cmm/m/it/10 t$ \OT1/cmr/m/n/10 
(+20) like-li-
 []


Underfull \hbox (badness 10000) in paragraph at lines 356--356
[]|\OT1/cmr/m/n/10 (+20) Ridge Gaus-sian, het-
 []


Underfull \hbox (badness 10000) in paragraph at lines 356--356
\OT1/cmr/m/n/10 (+20) eroskedas-tic Gaus-sian
 []


Underfull \hbox (badness 3078) in paragraph at lines 356--357
[]|\OT1/cmr/m/n/10 (+20) Score/sample back-ends help
 []


Underfull \hbox (badness 10000) in paragraph at lines 358--358
[]|\OT1/cmr/m/n/10 (+20) Hyv^^?arinen, sliced score
 []


Underfull \hbox (badness 10000) in paragraph at lines 359--359
[]|\OT1/cmr/m/n/10 (+20) Direct log-density ra-tio;
 []


Underfull \hbox (badness 10000) in paragraph at lines 359--359
\OT1/cmr/m/n/10 (+20) KLIEP/uLSIF; lo-gis-tic
 []


Underfull \hbox (badness 5022) in paragraph at lines 360--360
\OT1/cmr/m/n/10 (+20) in-finites-i-mal per-tur-ba-tion
 []


Underfull \hbox (badness 10000) in paragraph at lines 361--361
[]|\OT1/cmr/m/n/10 (+20) Distributional
 []


Underfull \hbox (badness 10000) in paragraph at lines 361--361
[]|\OT1/cmr/m/n/10 (+20) Direct em-pir-i-cal mo-
 []


Underfull \hbox (badness 10000) in paragraph at lines 361--361
\OT1/cmr/m/n/10 (+20) ment/quantile dif-fer-ence;
 []


Underfull \hbox (badness 10000) in paragraph at lines 362--362
[]|\OT1/cmr/m/n/10 (+20) Reduced-form
 []


Underfull \hbox (badness 10000) in paragraph at lines 362--362
[]|\OT1/cmr/m/n/10 (+20) Lagged cor-re-la-
 []


Underfull \hbox (badness 10000) in paragraph at lines 362--362
\OT1/cmr/m/n/10 (+20) tion; ridge/Granger;
 []


Underfull \hbox (badness 10000) in paragraph at lines 362--362
\OT1/cmr/m/n/10 (+20) PCMCI; VAR-LiNGAM;
 []


Underfull \hbox (badness 10000) in paragraph at lines 362--362
\OT1/cmr/m/n/10 (-3) NOTEARS/DYNOTEARS;
 []


Underfull \hbox (badness 10000) in paragraph at lines 363--363
[]|\OT1/cmr/m/n/10 (+20) Offline change-
 []


Underfull \hbox (badness 10000) in paragraph at lines 363--363
[]|\OT1/cmr/m/n/10 (+20) CUSUM/GLR/Chow;
 []


Underfull \hbox (badness 5345) in paragraph at lines 363--363
\OT1/cmr/m/n/10 (+20) PELT; bi-nary seg-men-ta-
 []


Underfull \hbox (badness 10000) in paragraph at lines 363--364
\OT1/cmr/m/n/10 (+20) changed; cal-i-bra-tion and
 []


Underfull \hbox (badness 10000) in paragraph at lines 364--364
[]|\OT1/cmr/m/n/10 (+20) Sequential like-li-hood
 []


Underfull \hbox (badness 10000) in paragraph at lines 364--364
\OT1/cmr/m/n/10 (+20) ra-tios; BOCPD; e-
 []


Underfull \hbox (badness 10000) in paragraph at lines 364--364
[]|\OT1/cmr/m/n/10 (+20) BOCPD and cal-i-brated
 []


Underfull \hbox (badness 10000) in paragraph at lines 365--365
[]|\OT1/cmr/m/n/10 (+20) Long-horizon
 []


Underfull \hbox (badness 1331) in paragraph at lines 365--365
\OT1/cmr/m/n/10 (+20) rect multi-horizon pre-dic-
 []


Underfull \hbox (badness 5548) in paragraph at lines 365--365
\OT1/cmr/m/n/10 (+20) tion; neu-ral ODE/SDE;
 []


Underfull \hbox (badness 10000) in paragraph at lines 365--365
[]|\OT1/cmr/m/n/10 (+20) Direct multi-horizon
 []


Underfull \hbox (badness 10000) in paragraph at lines 365--365
\OT1/cmr/m/n/10 (+20) ridge/MDN; em-pir-i-cal
 []


ignored: Infinite glue shrinkage found in box being split [9] [10]
<../../analysis/synthetic_methods_adjudication/objective_parity.png, id=400, 93
1.68076pt x 660.066pt>
File: ../../analysis/synthetic_methods_adjudication/objective_parity.png Graphi
c file (type png)
<use ../../analysis/synthetic_methods_adjudication/objective_parity.png>
Package pdftex.def Info: ../../analysis/synthetic_methods_adjudication/objectiv
e_parity.png  used on input line 390.
(pdftex.def)             Requested size: 466.44154pt x 330.46527pt.
 [11 <../../analysis/synthetic_methods_adjudication/objective_parity.png>] [12]
<../../analysis/synthetic_methods_adjudication/finite_contrast_ten_seed.png, id
=412, 1220.76076pt x 371.58826pt>
File: ../../analysis/synthetic_methods_adjudication/finite_contrast_ten_seed.pn
g Graphic file (type png)
<use ../../analysis/synthetic_methods_adjudication/finite_contrast_ten_seed.png
>
Package pdftex.def Info: ../../analysis/synthetic_methods_adjudication/finite_c
ontrast_ten_seed.png  used on input line 482.
(pdftex.def)             Requested size: 491.52077pt x 149.61357pt.
<../../analysis/synthetic_methods_adjudication/graph_hidden_confounding.png, id
=413, 642.60075pt x 353.52075pt>
File: ../../analysis/synthetic_methods_adjudication/graph_hidden_confounding.pn
g Graphic file (type png)
<use ../../analysis/synthetic_methods_adjudication/graph_hidden_confounding.png
>
Package pdftex.def Info: ../../analysis/synthetic_methods_adjudication/graph_hi
dden_confounding.png  used on input line 514.
(pdftex.def)             Requested size: 371.15271pt x 204.18448pt.
 [13 <../../analysis/synthetic_methods_adjudication/finite_contrast_ten_seed.pn
g>] [14 <../../analysis/synthetic_methods_adjudication/graph_hidden_confounding
.png>] [15]

Package hyperref Warning: Token not allowed in a PDF string (Unicode):
(hyperref)                removing `math shift' on input line 594.


Package hyperref Warning: Token not allowed in a PDF string (Unicode):
(hyperref)                removing `\delta' on input line 594.


Package hyperref Warning: Token not allowed in a PDF string (Unicode):
(hyperref)                removing `math shift' on input line 594.


Package hyperref Warning: Token not allowed in a PDF string (Unicode):
(hyperref)                removing `\sigma' on input line 594.

[16] [17]

Package hyperref Warning: Token not allowed in a PDF string (Unicode):
(hyperref)                removing `math shift' on input line 674.


Package hyperref Warning: Token not allowed in a PDF string (Unicode):
(hyperref)                removing `\times' on input line 674.


Package hyperref Warning: Token not allowed in a PDF string (Unicode):
(hyperref)                removing `math shift' on input line 674.


Package hyperref Warning: Token not allowed in a PDF string (Unicode):
(hyperref)                removing `\times' on input line 674.

[18]
Underfull \hbox (badness 10000) in paragraph at lines 777--777
[]|\OT1/cmr/m/n/10 (+20) Targeted
 []


Underfull \hbox (badness 10000) in paragraph at lines 777--777
\OT1/cmr/m/n/10 (+20) Riesz/orthogonal
 []


Underfull \hbox (badness 2343) in paragraph at lines 777--777
[]|\OT1/cmr/m/n/10 (+20) Directly ad-dresses hard co-vari-
 []


Underfull \hbox (badness 10000) in paragraph at lines 777--777
[]|\OT1/cmr/m/n/10 (+20) Needed for sample-only/high-
 []


Underfull \hbox (badness 10000) in paragraph at lines 777--777
\OT1/cmr/m/n/10 (+20) dimensional laws, not low-
 []


Underfull \hbox (badness 5036) in paragraph at lines 777--777
[]|\OT1/cmr/m/n/10 (+20) Theoretically con-nects ex-ist-ing
 []


Underfull \hbox (badness 10000) in paragraph at lines 777--777
[]|\OT1/cmr/m/n/10 (+20) Channel-specific
 []


Underfull \hbox (badness 10000) in paragraph at lines 777--777
[]|\OT1/cmr/m/n/10 (+20) Medium af-ter
 []


Underfull \hbox (badness 7081) in paragraph at lines 777--777
[]|\OT1/cmr/m/n/10 (+20) Resume only for a new in-
 []


Underfull \hbox (badness 2644) in paragraph at lines 777--777
\OT1/cmr/m/n/10 (+20) tractably nor-mal-ized model or
 []

[19] [20] (./rethink_results.tex [21]) [22] [23] [24] (./main.aux)
 ***********
LaTeX2e <2025-11-01>
L3 programming layer <2026-01-19>
 ***********
Package rerunfilecheck Info: File `main.out' has not changed.
(rerunfilecheck)             Checksum: 8C13029B726AAD9F1737A5E9A9636489;13434.
 ) 
Here is how much of TeX's memory you used:
 16221 strings out of 467525
 258937 string characters out of 5418982
 738571 words of memory out of 5000000
 44556 multiletter control sequences out of 15000+600000
 647215 words of font info for 202 fonts, out of 8000000 for 9000
 1141 hyphenation exceptions out of 8191
 75i,12n,79p,1070b,642s stack positions out of 10000i,1000n,20000p,200000b,200000s
</usr/local/texlive/2026/texmf-dist/fonts/type1/public/amsfonts/cm/cmbx10.pfb
></usr/local/texlive/2026/texmf-dist/fonts/type1/public/amsfonts/cm/cmbx12.pfb>
</usr/local/texlive/2026/texmf-dist/fonts/type1/public/amsfonts/cm/cmbx9.pfb></
usr/local/texlive/2026/texmf-dist/fonts/type1/public/amsfonts/cm/cmcsc10.pfb></
usr/local/texlive/2026/texmf-dist/fonts/type1/public/amsfonts/cm/cmex10.pfb></u
sr/local/texlive/2026/texmf-dist/fonts/type1/public/amsfonts/cm/cmmi10.pfb></us
r/local/texlive/2026/texmf-dist/fonts/type1/public/amsfonts/cm/cmmi12.pfb></usr
/local/texlive/2026/texmf-dist/fonts/type1/public/amsfonts/cm/cmmi5.pfb></usr/l
ocal/texlive/2026/texmf-dist/fonts/type1/public/amsfonts/cm/cmmi7.pfb></usr/loc
al/texlive/2026/texmf-dist/fonts/type1/public/amsfonts/cm/cmmi9.pfb></usr/local
/texlive/2026/texmf-dist/fonts/type1/public/amsfonts/cm/cmr10.pfb></usr/local/t
exlive/2026/texmf-dist/fonts/type1/public/amsfonts/cm/cmr12.pfb></usr/local/tex
live/2026/texmf-dist/fonts/type1/public/amsfonts/cm/cmr5.pfb></usr/local/texliv
e/2026/texmf-dist/fonts/type1/public/amsfonts/cm/cmr7.pfb></usr/local/texlive/2
026/texmf-dist/fonts/type1/public/amsfonts/cm/cmr9.pfb></usr/local/texlive/2026
/texmf-dist/fonts/type1/public/amsfonts/cm/cmsy10.pfb></usr/local/texlive/2026/
texmf-dist/fonts/type1/public/amsfonts/cm/cmsy5.pfb></usr/local/texlive/2026/te
xmf-dist/fonts/type1/public/amsfonts/cm/cmsy7.pfb></usr/local/texlive/2026/texm
f-dist/fonts/type1/public/amsfonts/cm/cmsy9.pfb></usr/local/texlive/2026/texmf-
dist/fonts/type1/public/amsfonts/cm/cmti10.pfb></usr/local/texlive/2026/texmf-d
ist/fonts/type1/public/amsfonts/cm/cmti9.pfb></usr/local/texlive/2026/texmf-dis
t/fonts/type1/public/amsfonts/cm/cmtt10.pfb></usr/local/texlive/2026/texmf-dist
/fonts/type1/public/amsfonts/symbols/msbm10.pfb></usr/local/texlive/2026/texmf-
dist/fonts/type1/public/cm-super/sfrm1000.pfb>
Output written on main.pdf (24 pages, 579162 bytes).
PDF statistics:
 653 PDF objects out of 1000 (max. 8388607)
 567 compressed objects within 6 object streams
 143 named destinations out of 1000 (max. 500000)
 46048 words of extra memory for PDF output out of 51595 (max. 10000000)

