\BOOKMARK [1][-]{section.1}{\376\377\000E\000x\000e\000c\000u\000t\000i\000v\000e\000\040\000v\000e\000r\000d\000i\000c\000t}{}% 1
\BOOKMARK [2][-]{subsection.1.1}{\376\377\000W\000h\000a\000t\000\040\000s\000h\000o\000u\000l\000d\000\040\000c\000a\000r\000r\000y\000\040\000t\000h\000e\000\040\000p\000r\000o\000j\000e\000c\000t\000\040\000f\000o\000r\000w\000a\000r\000d}{section.1}% 2
\BOOKMARK [1][-]{section.2}{\376\377\000O\000n\000e\000\040\000m\000a\000t\000h\000e\000m\000a\000t\000i\000c\000a\000l\000\040\000o\000b\000j\000e\000c\000t\000,\000\040\000f\000o\000u\000r\000\040\000l\000a\000y\000e\000r\000s}{}% 3
\BOOKMARK [2][-]{subsection.2.1}{\376\377\000T\000h\000e\000\040\000p\000o\000p\000u\000l\000a\000t\000i\000o\000n\000\040\000o\000b\000j\000e\000c\000t}{section.2}% 4
\BOOKMARK [2][-]{subsection.2.2}{\376\377\000I\000n\000f\000i\000n\000i\000t\000e\000s\000i\000m\000a\000l\000\040\000h\000i\000s\000t\000o\000r\000y\000\040\000s\000e\000n\000s\000i\000t\000i\000v\000i\000t\000y}{section.2}% 5
\BOOKMARK [2][-]{subsection.2.3}{\376\377\000F\000i\000n\000i\000t\000e\000\040\000s\000i\000g\000n\000e\000d\000\040\000c\000o\000n\000t\000r\000a\000s\000t\000s\000:\000\040\000t\000h\000e\000\040\000p\000r\000e\000f\000e\000r\000r\000e\000d\000\040\000e\000s\000t\000i\000m\000a\000n\000d}{section.2}% 6
\BOOKMARK [2][-]{subsection.2.4}{\376\377\000H\000o\000w\000\040\000S\000B\000T\000G\000\040\000f\000i\000t\000s}{section.2}% 7
\BOOKMARK [2][-]{subsection.2.5}{\376\377\000H\000o\000w\000\040\000d\000i\000f\000f\000u\000s\000i\000o\000n\000\040\000f\000i\000t\000s}{section.2}% 8
\BOOKMARK [2][-]{subsection.2.6}{\376\377\000H\000o\000w\000\040\000c\000h\000a\000n\000g\000e\000p\000o\000i\000n\000t\000s\000\040\000f\000i\000t}{section.2}% 9
\BOOKMARK [1][-]{section.3}{\376\377\000C\000o\000n\000s\000o\000l\000i\000d\000a\000t\000i\000n\000g\000\040\000t\000h\000e\000\040\000n\000a\000m\000e\000d\000\040\000m\000e\000t\000h\000o\000d\000s}{}% 10
\BOOKMARK [1][-]{section.4}{\376\377\000W\000h\000a\000t\000\040\000e\000a\000c\000h\000\040\000o\000b\000j\000e\000c\000t\000i\000v\000e\000\040\000a\000c\000t\000u\000a\000l\000l\000y\000\040\000i\000d\000e\000n\000t\000i\000f\000i\000e\000s}{}% 11
\BOOKMARK [2][-]{subsection.4.1}{\376\377\000N\000o\000r\000m\000a\000l\000i\000z\000e\000d\000\040\000l\000i\000k\000e\000l\000i\000h\000o\000o\000d}{section.4}% 12
\BOOKMARK [2][-]{subsection.4.2}{\376\377\000H\000y\000v\000\344\000r\000i\000n\000e\000n\000\040\000s\000c\000o\000r\000e\000\040\000m\000a\000t\000c\000h\000i\000n\000g}{section.4}% 13
\BOOKMARK [2][-]{subsection.4.3}{\376\377\000D\000e\000n\000o\000i\000s\000i\000n\000g\000\040\000s\000c\000o\000r\000e\000\040\000m\000a\000t\000c\000h\000i\000n\000g}{section.4}% 14
\BOOKMARK [2][-]{subsection.4.4}{\376\377\000J\000o\000i\000n\000t\000-\000s\000t\000a\000t\000e\000\040\000S\000B\000T\000G\000\040\000s\000c\000o\000r\000e}{section.4}% 15
\BOOKMARK [2][-]{subsection.4.5}{\376\377\000R\000a\000t\000i\000o\000\040\000a\000n\000d\000\040\000c\000l\000a\000s\000s\000i\000f\000i\000c\000a\000t\000i\000o\000n\000\040\000o\000b\000j\000e\000c\000t\000i\000v\000e\000s}{section.4}% 16
\BOOKMARK [2][-]{subsection.4.6}{\376\377\000M\000o\000m\000e\000n\000t\000/\000R\000i\000e\000s\000z\000\040\000p\000r\000o\000j\000e\000c\000t\000i\000o\000n}{section.4}% 17
\BOOKMARK [1][-]{section.5}{\376\377\000A\000l\000t\000e\000r\000n\000a\000t\000i\000v\000e\000\040\000a\000p\000p\000r\000o\000a\000c\000h\000e\000s\000\040\000a\000n\000d\000\040\000r\000e\000q\000u\000i\000r\000e\000d\000\040\000b\000a\000s\000e\000l\000i\000n\000e\000s\000\040\000b\000y\000\040\000s\000u\000b\000p\000r\000o\000b\000l\000e\000m}{}% 18
\BOOKMARK [1][-]{section.6}{\376\377\000E\000m\000p\000i\000r\000i\000c\000a\000l\000\040\000e\000v\000i\000d\000e\000n\000c\000e\000:\000\040\000w\000h\000a\000t\000\040\000w\000o\000r\000k\000s\000\040\000a\000n\000d\000\040\000w\000h\000a\000t\000\040\000d\000o\000e\000s\000\040\000n\000o\000t}{}% 19
\BOOKMARK [2][-]{subsection.6.1}{\376\377\000E\000v\000i\000d\000e\000n\000c\000e\000\040\000s\000t\000a\000n\000d\000a\000r\000d\000\040\000a\000n\000d\000\040\000c\000o\000m\000p\000a\000r\000a\000b\000i\000l\000i\000t\000y}{section.6}% 20
\BOOKMARK [2][-]{subsection.6.2}{\376\377\000P\000r\000e\000d\000i\000c\000t\000i\000v\000e\000\040\000l\000a\000w\000\040\000a\000n\000d\000\040\000p\000h\000y\000s\000i\000c\000a\000l\000\040\000f\000i\000e\000l\000d\000s}{section.6}% 21
\BOOKMARK [2][-]{subsection.6.3}{\376\377\000S\000y\000n\000a\000p\000t\000i\000c\000\040\000g\000a\000t\000i\000n\000g\000:\000\040\000n\000o\000\040\000c\000u\000r\000r\000e\000n\000t\000\040\000w\000i\000n\000n\000e\000r}{section.6}% 22
\BOOKMARK [2][-]{subsection.6.4}{\376\377\000H\000i\000s\000t\000o\000r\000y\000\040\000t\000a\000n\000g\000e\000n\000t\000s\000\040\000a\000n\000d\000\040\000f\000i\000n\000i\000t\000e\000\040\000c\000o\000n\000t\000r\000a\000s\000t\000s}{section.6}% 23
\BOOKMARK [2][-]{subsection.6.5}{\376\377\000S\000B\000T\000G\000\040\000l\000o\000c\000a\000l\000i\000z\000a\000t\000i\000o\000n}{section.6}% 24
\BOOKMARK [2][-]{subsection.6.6}{\376\377\000C\000l\000a\000s\000s\000i\000c\000a\000l\000\040\000g\000r\000a\000p\000h\000\040\000b\000a\000s\000e\000l\000i\000n\000e\000s\000\040\000a\000n\000d\000\040\000h\000i\000d\000d\000e\000n\000\040\000c\000o\000n\000f\000o\000u\000n\000d\000i\000n\000g}{section.6}% 25
\BOOKMARK [2][-]{subsection.6.7}{\376\377\000C\000h\000a\000n\000g\000e\000p\000o\000i\000n\000t\000s}{section.6}% 26
\BOOKMARK [1][-]{section.7}{\376\377\000W\000h\000e\000r\000e\000\040\000o\000u\000r\000\040\000a\000p\000p\000r\000o\000a\000c\000h\000e\000s\000\040\000h\000a\000v\000e\000\040\000a\000n\000\040\000a\000d\000v\000a\000n\000t\000a\000g\000e\040\024\000a\000n\000d\000\040\000w\000h\000e\000r\000e\000\040\000t\000h\000e\000y\000\040\000d\000o\000\040\000n\000o\000t}{}% 27
\BOOKMARK [2][-]{subsection.7.1}{\376\377\000P\000o\000t\000e\000n\000t\000i\000a\000l\000\040\000a\000d\000v\000a\000n\000t\000a\000g\000e\000s}{section.7}% 28
\BOOKMARK [2][-]{subsection.7.2}{\376\377\000C\000o\000s\000t\000s\000\040\000a\000n\000d\000\040\000f\000a\000i\000l\000u\000r\000e\000\040\000m\000o\000d\000e\000s}{section.7}% 29
\BOOKMARK [2][-]{subsection.7.3}{\376\377\000W\000h\000e\000n\000\040\000d\000i\000f\000f\000u\000s\000i\000o\000n\000/\000s\000c\000o\000r\000e\000\040\000m\000e\000t\000h\000o\000d\000s\000\040\000h\000a\000v\000e\000\040\000a\000\040\000c\000r\000e\000d\000i\000b\000l\000e\000\040\000h\000o\000p\000e}{section.7}% 30
\BOOKMARK [1][-]{section.8}{\376\377\000T\000h\000e\000o\000r\000y\000\040\000a\000g\000e\000n\000d\000a}{}% 31
\BOOKMARK [2][-]{subsection.8.1}{\376\377\000F\000i\000n\000i\000t\000e\000-\000w\000i\000t\000n\000e\000s\000s\000\040\000s\000t\000a\000b\000i\000l\000i\000t\000y\000\040\000b\000o\000u\000n\000d\000s}{section.8}% 32
\BOOKMARK [2][-]{subsection.8.2}{\376\377\000B\000i\000a\000s\040\023\000v\000a\000r\000i\000a\000n\000c\000e\000\040\000t\000h\000e\000o\000r\000y\000\040\000f\000o\000r\000\040\000\040\000a\000n\000d\000\040}{section.8}% 33
\BOOKMARK [2][-]{subsection.8.3}{\376\377\000O\000r\000t\000h\000o\000g\000o\000n\000a\000l\000\040\000a\000n\000d\000\040\000c\000r\000o\000s\000s\000-\000f\000i\000t\000t\000e\000d\000\040\000c\000h\000a\000n\000n\000e\000l\000\040\000e\000s\000t\000i\000m\000a\000t\000i\000o\000n}{section.8}% 34
\BOOKMARK [2][-]{subsection.8.4}{\376\377\000R\000e\000c\000o\000n\000s\000t\000r\000u\000c\000t\000i\000n\000g\000\040\000S\000I\000D\000\040\000f\000r\000o\000m\000\040\000S\000B\000T\000G}{section.8}% 35
\BOOKMARK [2][-]{subsection.8.5}{\376\377\000H\000i\000g\000h\000e\000r\000-\000o\000r\000d\000e\000r\000\040\000p\000a\000r\000i\000t\000y\000\040\000s\000t\000e\000n\000c\000i\000l\000s}{section.8}% 36
\BOOKMARK [2][-]{subsection.8.6}{\376\377\000R\000o\000u\000t\000e\000-\000a\000g\000r\000e\000e\000m\000e\000n\000t\000\040\000t\000e\000s\000t\000s}{section.8}% 37
\BOOKMARK [2][-]{subsection.8.7}{\376\377\000M\000e\000c\000h\000a\000n\000i\000s\000m\000-\000c\000o\000n\000f\000u\000s\000i\000o\000n\000\040\000a\000n\000d\000\040\000n\000u\000i\000s\000a\000n\000c\000e\000\040\000i\000n\000v\000a\000r\000i\000a\000n\000c\000e}{section.8}% 38
\BOOKMARK [2][-]{subsection.8.8}{\376\377\000S\000e\000q\000u\000e\000n\000t\000i\000a\000l\000\040\000i\000n\000f\000e\000r\000e\000n\000c\000e}{section.8}% 39
\BOOKMARK [1][-]{section.9}{\376\377\000T\000h\000e\000\040\000n\000e\000x\000t\000\040\000d\000e\000c\000i\000s\000i\000v\000e\000\040\000e\000x\000p\000e\000r\000i\000m\000e\000n\000t\000\040\000p\000r\000o\000g\000r\000a\000m}{}% 40
\BOOKMARK [2][-]{subsection.9.1}{\376\377\000P\000h\000a\000s\000e\000\040\0000\000:\000\040\000o\000r\000a\000c\000l\000e\000\040\000a\000d\000a\000p\000t\000e\000r\000\040\000t\000o\000u\000r\000n\000a\000m\000e\000n\000t}{section.9}% 41
\BOOKMARK [2][-]{subsection.9.2}{\376\377\000P\000h\000a\000s\000e\000\040\0001\000:\000\040\000b\000a\000c\000k\000e\000n\000d\000\040\000\040\000a\000d\000a\000p\000t\000e\000r\000\040\000\040\000c\000h\000a\000n\000n\000e\000l\000\040\000f\000a\000c\000t\000o\000r\000i\000a\000l}{section.9}% 42
\BOOKMARK [2][-]{subsection.9.3}{\376\377\000P\000h\000a\000s\000e\000\040\0002\000:\000\040\000s\000c\000a\000l\000i\000n\000g\000\040\000a\000n\000d\000\040\000s\000t\000r\000e\000s\000s\000\040\000m\000a\000p}{section.9}% 43
\BOOKMARK [2][-]{subsection.9.4}{\376\377\000P\000h\000a\000s\000e\000\040\0003\000:\000\040\000m\000e\000c\000h\000a\000n\000i\000s\000m\000-\000c\000o\000n\000f\000u\000s\000i\000o\000n\000\040\000b\000a\000t\000t\000e\000r\000y}{section.9}% 44
\BOOKMARK [2][-]{subsection.9.5}{\376\377\000P\000h\000a\000s\000e\000\040\0004\000:\000\040\000c\000h\000a\000n\000g\000e\000p\000o\000i\000n\000t\000s\000\040\000o\000n\000l\000y\000\040\000f\000o\000r\000\040\000v\000a\000l\000i\000d\000a\000t\000e\000d\000\040\000c\000h\000a\000n\000n\000e\000l\000s}{section.9}% 45
\BOOKMARK [2][-]{subsection.9.6}{\376\377\000P\000h\000a\000s\000e\000\040\0005\000:\000\040\000l\000o\000n\000g\000-\000h\000o\000r\000i\000z\000o\000n\000\040\000a\000n\000d\000\040\000p\000a\000t\000h\000w\000i\000s\000e\000\040\000e\000x\000t\000e\000n\000s\000i\000o\000n}{section.9}% 46
\BOOKMARK [2][-]{subsection.9.7}{\376\377\000P\000r\000e\000r\000e\000g\000i\000s\000t\000e\000r\000e\000d\000\040\000d\000e\000c\000i\000s\000i\000o\000n\000\040\000r\000u\000l\000e\000s}{section.9}% 47
\BOOKMARK [1][-]{section.10}{\376\377\000R\000e\000s\000e\000a\000r\000c\000h\000\040\000p\000r\000i\000o\000r\000i\000t\000i\000e\000s\000\040\000a\000n\000d\000\040\000s\000t\000o\000p\000/\000g\000o\000\040\000d\000e\000c\000i\000s\000i\000o\000n\000s}{}% 48
\BOOKMARK [2][-]{subsection.10.1}{\376\377\000W\000h\000a\000t\000\040\000w\000o\000u\000l\000d\000\040\000c\000o\000u\000n\000t\000\040\000a\000s\000\040\000a\000n\000\040\000i\000m\000p\000a\000c\000t\000f\000u\000l\000\040\000r\000e\000s\000u\000l\000t\000?}{section.10}% 49
\BOOKMARK [1][-]{section.11}{\376\377\000R\000e\000c\000o\000m\000m\000e\000n\000d\000e\000d\000\040\000p\000a\000p\000e\000r\000-\000l\000e\000v\000e\000l\000\040\000n\000a\000r\000r\000a\000t\000i\000v\000e}{}% 50
\BOOKMARK [1][-]{section.12}{\376\377\000E\000x\000p\000a\000n\000d\000e\000d\000\040\000o\000u\000t\000-\000o\000f\000-\000f\000a\000m\000i\000l\000y\000\040\000n\000e\000u\000r\000o\000m\000o\000d\000u\000l\000a\000t\000i\000o\000n\000\040\000b\000e\000n\000c\000h\000m\000a\000r\000k}{}% 51
\BOOKMARK [2][-]{subsection.12.1}{\376\377\000G\000a\000u\000s\000s\000i\000a\000n\000\040\000N\000L\000L\000\040\000i\000s\000\040\000t\000h\000e\000\040\000e\000m\000p\000i\000r\000i\000c\000a\000l\000\040\000w\000i\000n\000n\000e\000r}{section.12}% 52
\BOOKMARK [2][-]{subsection.12.2}{\376\377\000U\000n\000c\000o\000n\000s\000t\000r\000a\000i\000n\000e\000d\000\040\000q\000u\000a\000d\000r\000a\000t\000i\000c\000\040\000S\000I\000D\000\040\000f\000a\000i\000l\000s\000\040\000e\000x\000p\000e\000c\000t\000e\000d\000-\000r\000i\000s\000k\000\040\000a\000n\000d\000\040\000s\000t\000a\000b\000i\000l\000i\000t\000y\000\040\000g\000a\000t\000e\000s}{section.12}% 53
\BOOKMARK [2][-]{subsection.12.3}{\376\377\000P\000a\000i\000r\000e\000d\000\040\000i\000n\000t\000e\000r\000v\000e\000n\000t\000i\000o\000n\000\040\000r\000e\000s\000p\000o\000n\000s\000e\000\040\000f\000a\000v\000o\000r\000s\000\040\000d\000i\000r\000e\000c\000t\000\040\000r\000e\000g\000u\000l\000a\000r\000i\000z\000e\000d\000\040\000d\000y\000n\000a\000m\000i\000c\000s}{section.12}% 54
\BOOKMARK [2][-]{subsection.12.4}{\376\377\000U\000p\000d\000a\000t\000e\000d\000\040\000d\000e\000c\000i\000s\000i\000o\000n}{section.12}% 55
\BOOKMARK [1][-]{section.13}{\376\377\000F\000i\000n\000a\000l\000\040\000a\000n\000s\000w\000e\000r\000\040\000t\000o\000\040\000t\000h\000e\000\040\000s\000t\000r\000a\000t\000e\000g\000i\000c\000\040\000q\000u\000e\000s\000t\000i\000o\000n\000s}{}% 56
\BOOKMARK [1][-]{appendix.A}{\376\377\000R\000e\000p\000r\000o\000d\000u\000c\000i\000b\000i\000l\000i\000t\000y\000\040\000a\000n\000d\000\040\000e\000v\000i\000d\000e\000n\000c\000e\000\040\000m\000a\000p}{}% 57
\BOOKMARK [1][-]{appendix.B}{\376\377\000C\000o\000m\000p\000a\000c\000t\000\040\000c\000l\000a\000i\000m\000\040\000l\000a\000d\000d\000e\000r}{}% 58
