
Loading NeuroPAL data from: Head_Activity_OH16230.mat
  D/V collapsing: Averaging variants for 14 neuron classes
DIAGNOSTIC_COMPLETE f1_convergence_baseline_e0_ell1_progressive_N64_mc91101_a1.0_steps1.npz seconds 2
DIAGNOSTIC_COMPLETE f1_convergence_baseline_e0_ell1_progressive_N64_mc91102_a1.0_steps1.npz seconds 2
DIAGNOSTIC_COMPLETE f1_convergence_baseline_e0_ell1_progressive_N64_mc91103_a1.0_steps1.npz seconds 2
DIAGNOSTIC_COMPLETE f1_convergence_baseline_e0_ell1_progressive_N128_mc91101_a1.0_steps1.npz seconds 4
DIAGNOSTIC_COMPLETE f1_convergence_baseline_e0_ell1_progressive_N128_mc91102_a1.0_steps1.npz seconds 4
DIAGNOSTIC_COMPLETE f1_convergence_baseline_e0_ell1_progressive_N128_mc91103_a1.0_steps1.npz seconds 4
DIAGNOSTIC_COMPLETE f1_convergence_baseline_e0_ell1_progressive_N512_mc91101_a1.0_steps1.npz seconds 15
DIAGNOSTIC_COMPLETE f1_convergence_baseline_e0_ell1_progressive_N512_mc91102_a1.0_steps1.npz seconds 15
DIAGNOSTIC_COMPLETE f1_convergence_baseline_e0_ell1_progressive_N512_mc91103_a1.0_steps1.npz seconds 15
DIAGNOSTIC_COMPLETE f1_convergence_baseline_e0_ell1_direct_N4096_mc91101_a1.0_steps1.npz seconds 4
DIAGNOSTIC_COMPLETE f1_convergence_baseline_e0_ell1_direct_N4096_mc91102_a1.0_steps1.npz seconds 4
DIAGNOSTIC_COMPLETE f1_convergence_baseline_e0_ell1_direct_N4096_mc91103_a1.0_steps1.npz seconds 4
DIAGNOSTIC_COMPLETE f1_convergence_baseline_e0_ell1_direct_N16384_mc91101_a1.0_steps1.npz seconds 20
DIAGNOSTIC_COMPLETE f1_convergence_baseline_e0_ell1_direct_N16384_mc91102_a1.0_steps1.npz seconds 20
DIAGNOSTIC_COMPLETE f1_convergence_baseline_e0_ell1_direct_N16384_mc91103_a1.0_steps1.npz seconds 20
DIAGNOSTIC_COMPLETE f1_convergence_baseline_e0_ell4_progressive_N64_mc91101_a1.0_steps1.npz seconds 2
DIAGNOSTIC_COMPLETE f1_convergence_baseline_e0_ell4_progressive_N64_mc91102_a1.0_steps1.npz seconds 2
DIAGNOSTIC_COMPLETE f1_convergence_baseline_e0_ell4_progressive_N64_mc91103_a1.0_steps1.npz seconds 2
DIAGNOSTIC_COMPLETE f1_convergence_baseline_e0_ell4_progressive_N128_mc91101_a1.0_steps1.npz seconds 4
DIAGNOSTIC_COMPLETE f1_convergence_baseline_e0_ell4_progressive_N128_mc91102_a1.0_steps1.npz seconds 4
DIAGNOSTIC_COMPLETE f1_convergence_baseline_e0_ell4_progressive_N128_mc91103_a1.0_steps1.npz seconds 4
DIAGNOSTIC_COMPLETE f1_convergence_baseline_e0_ell4_progressive_N512_mc91101_a1.0_steps1.npz seconds 17
DIAGNOSTIC_COMPLETE f1_convergence_baseline_e0_ell4_progressive_N512_mc91102_a1.0_steps1.npz seconds 17
DIAGNOSTIC_COMPLETE f1_convergence_baseline_e0_ell4_progressive_N512_mc91103_a1.0_steps1.npz seconds 17
DIAGNOSTIC_COMPLETE f1_convergence_baseline_e0_ell4_direct_N4096_mc91101_a1.0_steps1.npz seconds 4
DIAGNOSTIC_COMPLETE f1_convergence_baseline_e0_ell4_direct_N4096_mc91102_a1.0_steps1.npz seconds 4
DIAGNOSTIC_COMPLETE f1_convergence_baseline_e0_ell4_direct_N4096_mc91103_a1.0_steps1.npz seconds 4
DIAGNOSTIC_COMPLETE f1_convergence_baseline_e0_ell4_direct_N16384_mc91101_a1.0_steps1.npz seconds 21
DIAGNOSTIC_COMPLETE f1_convergence_baseline_e0_ell4_direct_N16384_mc91102_a1.0_steps1.npz seconds 21
DIAGNOSTIC_COMPLETE f1_convergence_baseline_e0_ell4_direct_N16384_mc91103_a1.0_steps1.npz seconds 21
DIAGNOSTIC_COMPLETE f1_convergence_baseline_e0_ell8_progressive_N64_mc91101_a1.0_steps1.npz seconds 3
DIAGNOSTIC_COMPLETE f1_convergence_baseline_e0_ell8_progressive_N64_mc91102_a1.0_steps1.npz seconds 3
DIAGNOSTIC_COMPLETE f1_convergence_baseline_e0_ell8_progressive_N64_mc91103_a1.0_steps1.npz seconds 3
DIAGNOSTIC_COMPLETE f1_convergence_baseline_e0_ell8_progressive_N128_mc91101_a1.0_steps1.npz seconds 5
DIAGNOSTIC_COMPLETE f1_convergence_baseline_e0_ell8_progressive_N128_mc91102_a1.0_steps1.npz seconds 5
DIAGNOSTIC_COMPLETE f1_convergence_baseline_e0_ell8_progressive_N128_mc91103_a1.0_steps1.npz seconds 5
DIAGNOSTIC_COMPLETE f1_convergence_baseline_e0_ell8_progressive_N512_mc91101_a1.0_steps1.npz seconds 20
DIAGNOSTIC_COMPLETE f1_convergence_baseline_e0_ell8_progressive_N512_mc91102_a1.0_steps1.npz seconds 20
DIAGNOSTIC_COMPLETE f1_convergence_baseline_e0_ell8_progressive_N512_mc91103_a1.0_steps1.npz seconds 20
DIAGNOSTIC_COMPLETE f1_convergence_baseline_e0_ell8_direct_N4096_mc91101_a1.0_steps1.npz seconds 5
DIAGNOSTIC_COMPLETE f1_convergence_baseline_e0_ell8_direct_N4096_mc91102_a1.0_steps1.npz seconds 5
DIAGNOSTIC_COMPLETE f1_convergence_baseline_e0_ell8_direct_N4096_mc91103_a1.0_steps1.npz seconds 5
DIAGNOSTIC_COMPLETE f1_convergence_baseline_e0_ell8_direct_N16384_mc91101_a1.0_steps1.npz seconds 23
DIAGNOSTIC_COMPLETE f1_convergence_baseline_e0_ell8_direct_N16384_mc91102_a1.0_steps1.npz seconds 22
DIAGNOSTIC_COMPLETE f1_convergence_baseline_e0_ell8_direct_N16384_mc91103_a1.0_steps1.npz seconds 22
DIAGNOSTIC_COMPLETE f1_convergence_baseline_e0_ell16_progressive_N64_mc91101_a1.0_steps1.npz seconds 3
DIAGNOSTIC_COMPLETE f1_convergence_baseline_e0_ell16_progressive_N64_mc91102_a1.0_steps1.npz seconds 3
DIAGNOSTIC_COMPLETE f1_convergence_baseline_e0_ell16_progressive_N64_mc91103_a1.0_steps1.npz seconds 3
DIAGNOSTIC_COMPLETE f1_convergence_baseline_e0_ell16_progressive_N128_mc91101_a1.0_steps1.npz seconds 7
DIAGNOSTIC_COMPLETE f1_convergence_baseline_e0_ell16_progressive_N128_mc91102_a1.0_steps1.npz seconds 7
DIAGNOSTIC_COMPLETE f1_convergence_baseline_e0_ell16_progressive_N128_mc91103_a1.0_steps1.npz seconds 7
DIAGNOSTIC_COMPLETE f1_convergence_baseline_e0_ell16_progressive_N512_mc91101_a1.0_steps1.npz seconds 26
DIAGNOSTIC_COMPLETE f1_convergence_baseline_e0_ell16_progressive_N512_mc91102_a1.0_steps1.npz seconds 26
DIAGNOSTIC_COMPLETE f1_convergence_baseline_e0_ell16_progressive_N512_mc91103_a1.0_steps1.npz seconds 26
DIAGNOSTIC_COMPLETE f1_convergence_baseline_e0_ell16_direct_N4096_mc91101_a1.0_steps1.npz seconds 5
DIAGNOSTIC_COMPLETE f1_convergence_baseline_e0_ell16_direct_N4096_mc91102_a1.0_steps1.npz seconds 5
DIAGNOSTIC_COMPLETE f1_convergence_baseline_e0_ell16_direct_N4096_mc91103_a1.0_steps1.npz seconds 5
DIAGNOSTIC_COMPLETE f1_convergence_baseline_e0_ell16_direct_N16384_mc91101_a1.0_steps1.npz seconds 25
DIAGNOSTIC_COMPLETE f1_convergence_baseline_e0_ell16_direct_N16384_mc91102_a1.0_steps1.npz seconds 25
DIAGNOSTIC_COMPLETE f1_convergence_baseline_e0_ell16_direct_N16384_mc91103_a1.0_steps1.npz seconds 25
DIAGNOSTIC_COMPLETE f1_convergence_onset_e0_ell1_progressive_N64_mc91101_a1.0_steps1.npz seconds 2
DIAGNOSTIC_COMPLETE f1_convergence_onset_e0_ell1_progressive_N64_mc91102_a1.0_steps1.npz seconds 2
DIAGNOSTIC_COMPLETE f1_convergence_onset_e0_ell1_progressive_N64_mc91103_a1.0_steps1.npz seconds 2
DIAGNOSTIC_COMPLETE f1_convergence_onset_e0_ell1_progressive_N128_mc91101_a1.0_steps1.npz seconds 4
DIAGNOSTIC_COMPLETE f1_convergence_onset_e0_ell1_progressive_N128_mc91102_a1.0_steps1.npz seconds 4
DIAGNOSTIC_COMPLETE f1_convergence_onset_e0_ell1_progressive_N128_mc91103_a1.0_steps1.npz seconds 4
DIAGNOSTIC_COMPLETE f1_convergence_onset_e0_ell1_progressive_N512_mc91101_a1.0_steps1.npz seconds 15
DIAGNOSTIC_COMPLETE f1_convergence_onset_e0_ell1_progressive_N512_mc91102_a1.0_steps1.npz seconds 15
DIAGNOSTIC_COMPLETE f1_convergence_onset_e0_ell1_progressive_N512_mc91103_a1.0_steps1.npz seconds 15
DIAGNOSTIC_COMPLETE f1_convergence_onset_e0_ell1_direct_N4096_mc91101_a1.0_steps1.npz seconds 4
DIAGNOSTIC_COMPLETE f1_convergence_onset_e0_ell1_direct_N4096_mc91102_a1.0_steps1.npz seconds 4
DIAGNOSTIC_COMPLETE f1_convergence_onset_e0_ell1_direct_N4096_mc91103_a1.0_steps1.npz seconds 4
DIAGNOSTIC_COMPLETE f1_convergence_onset_e0_ell1_direct_N16384_mc91101_a1.0_steps1.npz seconds 20
DIAGNOSTIC_COMPLETE f1_convergence_onset_e0_ell1_direct_N16384_mc91102_a1.0_steps1.npz seconds 20
DIAGNOSTIC_COMPLETE f1_convergence_onset_e0_ell1_direct_N16384_mc91103_a1.0_steps1.npz seconds 20
DIAGNOSTIC_COMPLETE f1_convergence_onset_e0_ell4_progressive_N64_mc91101_a1.0_steps1.npz seconds 2
DIAGNOSTIC_COMPLETE f1_convergence_onset_e0_ell4_progressive_N64_mc91102_a1.0_steps1.npz seconds 2
DIAGNOSTIC_COMPLETE f1_convergence_onset_e0_ell4_progressive_N64_mc91103_a1.0_steps1.npz seconds 2
DIAGNOSTIC_COMPLETE f1_convergence_onset_e0_ell4_progressive_N128_mc91101_a1.0_steps1.npz seconds 4
DIAGNOSTIC_COMPLETE f1_convergence_onset_e0_ell4_progressive_N128_mc91102_a1.0_steps1.npz seconds 5
DIAGNOSTIC_COMPLETE f1_convergence_onset_e0_ell4_progressive_N128_mc91103_a1.0_steps1.npz seconds 4
DIAGNOSTIC_COMPLETE f1_convergence_onset_e0_ell4_progressive_N512_mc91101_a1.0_steps1.npz seconds 17
DIAGNOSTIC_COMPLETE f1_convergence_onset_e0_ell4_progressive_N512_mc91102_a1.0_steps1.npz seconds 17
DIAGNOSTIC_COMPLETE f1_convergence_onset_e0_ell4_progressive_N512_mc91103_a1.0_steps1.npz seconds 17
DIAGNOSTIC_COMPLETE f1_convergence_onset_e0_ell4_direct_N4096_mc91101_a1.0_steps1.npz seconds 4
DIAGNOSTIC_COMPLETE f1_convergence_onset_e0_ell4_direct_N4096_mc91102_a1.0_steps1.npz seconds 4
DIAGNOSTIC_COMPLETE f1_convergence_onset_e0_ell4_direct_N4096_mc91103_a1.0_steps1.npz seconds 4
DIAGNOSTIC_COMPLETE f1_convergence_onset_e0_ell4_direct_N16384_mc91101_a1.0_steps1.npz seconds 21
DIAGNOSTIC_COMPLETE f1_convergence_onset_e0_ell4_direct_N16384_mc91102_a1.0_steps1.npz seconds 21
DIAGNOSTIC_COMPLETE f1_convergence_onset_e0_ell4_direct_N16384_mc91103_a1.0_steps1.npz seconds 21
DIAGNOSTIC_COMPLETE f1_convergence_onset_e0_ell8_progressive_N64_mc91101_a1.0_steps1.npz seconds 3
DIAGNOSTIC_COMPLETE f1_convergence_onset_e0_ell8_progressive_N64_mc91102_a1.0_steps1.npz seconds 3
DIAGNOSTIC_COMPLETE f1_convergence_onset_e0_ell8_progressive_N64_mc91103_a1.0_steps1.npz seconds 3
DIAGNOSTIC_COMPLETE f1_convergence_onset_e0_ell8_progressive_N128_mc91101_a1.0_steps1.npz seconds 5
DIAGNOSTIC_COMPLETE f1_convergence_onset_e0_ell8_progressive_N128_mc91102_a1.0_steps1.npz seconds 5
DIAGNOSTIC_COMPLETE f1_convergence_onset_e0_ell8_progressive_N128_mc91103_a1.0_steps1.npz seconds 5
DIAGNOSTIC_COMPLETE f1_convergence_onset_e0_ell8_progressive_N512_mc91101_a1.0_steps1.npz seconds 20
DIAGNOSTIC_COMPLETE f1_convergence_onset_e0_ell8_progressive_N512_mc91102_a1.0_steps1.npz seconds 20
DIAGNOSTIC_COMPLETE f1_convergence_onset_e0_ell8_progressive_N512_mc91103_a1.0_steps1.npz seconds 20
DIAGNOSTIC_COMPLETE f1_convergence_onset_e0_ell8_direct_N4096_mc91101_a1.0_steps1.npz seconds 5
DIAGNOSTIC_COMPLETE f1_convergence_onset_e0_ell8_direct_N4096_mc91102_a1.0_steps1.npz seconds 5
DIAGNOSTIC_COMPLETE f1_convergence_onset_e0_ell8_direct_N4096_mc91103_a1.0_steps1.npz seconds 5
DIAGNOSTIC_COMPLETE f1_convergence_onset_e0_ell8_direct_N16384_mc91101_a1.0_steps1.npz seconds 22
DIAGNOSTIC_COMPLETE f1_convergence_onset_e0_ell8_direct_N16384_mc91102_a1.0_steps1.npz seconds 22
DIAGNOSTIC_COMPLETE f1_convergence_onset_e0_ell8_direct_N16384_mc91103_a1.0_steps1.npz seconds 22
DIAGNOSTIC_COMPLETE f1_convergence_onset_e0_ell16_progressive_N64_mc91101_a1.0_steps1.npz seconds 3
DIAGNOSTIC_COMPLETE f1_convergence_onset_e0_ell16_progressive_N64_mc91102_a1.0_steps1.npz seconds 3
DIAGNOSTIC_COMPLETE f1_convergence_onset_e0_ell16_progressive_N64_mc91103_a1.0_steps1.npz seconds 3
DIAGNOSTIC_COMPLETE f1_convergence_onset_e0_ell16_progressive_N128_mc91101_a1.0_steps1.npz seconds 7
DIAGNOSTIC_COMPLETE f1_convergence_onset_e0_ell16_progressive_N128_mc91102_a1.0_steps1.npz seconds 7
DIAGNOSTIC_COMPLETE f1_convergence_onset_e0_ell16_progressive_N128_mc91103_a1.0_steps1.npz seconds 7
DIAGNOSTIC_COMPLETE f1_convergence_onset_e0_ell16_progressive_N512_mc91101_a1.0_steps1.npz seconds 26
DIAGNOSTIC_COMPLETE f1_convergence_onset_e0_ell16_progressive_N512_mc91102_a1.0_steps1.npz seconds 26
DIAGNOSTIC_COMPLETE f1_convergence_onset_e0_ell16_progressive_N512_mc91103_a1.0_steps1.npz seconds 26
DIAGNOSTIC_COMPLETE f1_convergence_onset_e0_ell16_direct_N4096_mc91101_a1.0_steps1.npz seconds 5
DIAGNOSTIC_COMPLETE f1_convergence_onset_e0_ell16_direct_N4096_mc91102_a1.0_steps1.npz seconds 5
DIAGNOSTIC_COMPLETE f1_convergence_onset_e0_ell16_direct_N4096_mc91103_a1.0_steps1.npz seconds 5
DIAGNOSTIC_COMPLETE f1_convergence_onset_e0_ell16_direct_N16384_mc91101_a1.0_steps1.npz seconds 26
DIAGNOSTIC_COMPLETE f1_convergence_onset_e0_ell16_direct_N16384_mc91102_a1.0_steps1.npz seconds 25
DIAGNOSTIC_COMPLETE f1_convergence_onset_e0_ell16_direct_N16384_mc91103_a1.0_steps1.npz seconds 25
DIAGNOSTIC_COMPLETE f1_derivative_baseline_e0_ell1_progressive_N512_mc91101_a1.0_steps1.npz seconds 15
DIAGNOSTIC_COMPLETE f1_derivative_baseline_e0_ell1_progressive_N512_mc91102_a1.0_steps1.npz seconds 15
DIAGNOSTIC_COMPLETE f1_derivative_baseline_e0_ell1_progressive_N512_mc91103_a1.0_steps1.npz seconds 15
DIAGNOSTIC_COMPLETE f1_derivative_baseline_e0_ell1_progressive_N512_mc91101_a0.5_steps1.npz seconds 15
DIAGNOSTIC_COMPLETE f1_derivative_baseline_e0_ell1_progressive_N512_mc91102_a0.5_steps1.npz seconds 15
DIAGNOSTIC_COMPLETE f1_derivative_baseline_e0_ell1_progressive_N512_mc91103_a0.5_steps1.npz seconds 15
DIAGNOSTIC_COMPLETE f1_derivative_baseline_e0_ell1_progressive_N512_mc91101_a0.25_steps1.npz seconds 15
DIAGNOSTIC_COMPLETE f1_derivative_baseline_e0_ell1_progressive_N512_mc91102_a0.25_steps1.npz seconds 15
DIAGNOSTIC_COMPLETE f1_derivative_baseline_e0_ell1_progressive_N512_mc91103_a0.25_steps1.npz seconds 15
DIAGNOSTIC_COMPLETE f1_derivative_baseline_e0_ell4_progressive_N512_mc91101_a1.0_steps1.npz seconds 17
DIAGNOSTIC_COMPLETE f1_derivative_baseline_e0_ell4_progressive_N512_mc91102_a1.0_steps1.npz seconds 17
DIAGNOSTIC_COMPLETE f1_derivative_baseline_e0_ell4_progressive_N512_mc91103_a1.0_steps1.npz seconds 17
DIAGNOSTIC_COMPLETE f1_derivative_baseline_e0_ell4_progressive_N512_mc91101_a0.5_steps1.npz seconds 17
DIAGNOSTIC_COMPLETE f1_derivative_baseline_e0_ell4_progressive_N512_mc91102_a0.5_steps1.npz seconds 17
DIAGNOSTIC_COMPLETE f1_derivative_baseline_e0_ell4_progressive_N512_mc91103_a0.5_steps1.npz seconds 17
DIAGNOSTIC_COMPLETE f1_derivative_baseline_e0_ell4_progressive_N512_mc91101_a0.25_steps1.npz seconds 17
DIAGNOSTIC_COMPLETE f1_derivative_baseline_e0_ell4_progressive_N512_mc91102_a0.25_steps1.npz seconds 17
DIAGNOSTIC_COMPLETE f1_derivative_baseline_e0_ell4_progressive_N512_mc91103_a0.25_steps1.npz seconds 17
DIAGNOSTIC_COMPLETE f1_derivative_onset_e0_ell1_progressive_N512_mc91101_a1.0_steps1.npz seconds 15
DIAGNOSTIC_COMPLETE f1_derivative_onset_e0_ell1_progressive_N512_mc91102_a1.0_steps1.npz seconds 15
DIAGNOSTIC_COMPLETE f1_derivative_onset_e0_ell1_progressive_N512_mc91103_a1.0_steps1.npz seconds 15
DIAGNOSTIC_COMPLETE f1_derivative_onset_e0_ell1_progressive_N512_mc91101_a0.5_steps1.npz seconds 15
DIAGNOSTIC_COMPLETE f1_derivative_onset_e0_ell1_progressive_N512_mc91102_a0.5_steps1.npz seconds 15
DIAGNOSTIC_COMPLETE f1_derivative_onset_e0_ell1_progressive_N512_mc91103_a0.5_steps1.npz seconds 15
DIAGNOSTIC_COMPLETE f1_derivative_onset_e0_ell1_progressive_N512_mc91101_a0.25_steps1.npz seconds 15
DIAGNOSTIC_COMPLETE f1_derivative_onset_e0_ell1_progressive_N512_mc91102_a0.25_steps1.npz seconds 15
DIAGNOSTIC_COMPLETE f1_derivative_onset_e0_ell1_progressive_N512_mc91103_a0.25_steps1.npz seconds 15
DIAGNOSTIC_COMPLETE f1_derivative_onset_e0_ell4_progressive_N512_mc91101_a1.0_steps1.npz seconds 17
DIAGNOSTIC_COMPLETE f1_derivative_onset_e0_ell4_progressive_N512_mc91102_a1.0_steps1.npz seconds 17
DIAGNOSTIC_COMPLETE f1_derivative_onset_e0_ell4_progressive_N512_mc91103_a1.0_steps1.npz seconds 17
DIAGNOSTIC_COMPLETE f1_derivative_onset_e0_ell4_progressive_N512_mc91101_a0.5_steps1.npz seconds 17
DIAGNOSTIC_COMPLETE f1_derivative_onset_e0_ell4_progressive_N512_mc91102_a0.5_steps1.npz seconds 17
DIAGNOSTIC_COMPLETE f1_derivative_onset_e0_ell4_progressive_N512_mc91103_a0.5_steps1.npz seconds 17
DIAGNOSTIC_COMPLETE f1_derivative_onset_e0_ell4_progressive_N512_mc91101_a0.25_steps1.npz seconds 17
DIAGNOSTIC_COMPLETE f1_derivative_onset_e0_ell4_progressive_N512_mc91102_a0.25_steps1.npz seconds 17
DIAGNOSTIC_COMPLETE f1_derivative_onset_e0_ell4_progressive_N512_mc91103_a0.25_steps1.npz seconds 17
DIAGNOSTIC_COMPLETE f1_solver_baseline_e0_ell1_progressive_N128_mc91101_a1.0_steps1.npz seconds 4
DIAGNOSTIC_COMPLETE f1_solver_baseline_e0_ell1_progressive_N128_mc91102_a1.0_steps1.npz seconds 4
DIAGNOSTIC_COMPLETE f1_solver_baseline_e0_ell1_progressive_N128_mc91103_a1.0_steps1.npz seconds 4
DIAGNOSTIC_COMPLETE f1_solver_baseline_e0_ell1_progressive_N128_mc91101_a1.0_steps2.npz seconds 7
DIAGNOSTIC_COMPLETE f1_solver_baseline_e0_ell1_progressive_N128_mc91102_a1.0_steps2.npz seconds 7
DIAGNOSTIC_COMPLETE f1_solver_baseline_e0_ell1_progressive_N128_mc91103_a1.0_steps2.npz seconds 7
DIAGNOSTIC_COMPLETE f1_solver_baseline_e0_ell16_progressive_N128_mc91101_a1.0_steps1.npz seconds 7
DIAGNOSTIC_COMPLETE f1_solver_baseline_e0_ell16_progressive_N128_mc91102_a1.0_steps1.npz seconds 7
DIAGNOSTIC_COMPLETE f1_solver_baseline_e0_ell16_progressive_N128_mc91103_a1.0_steps1.npz seconds 7
DIAGNOSTIC_COMPLETE f1_solver_baseline_e0_ell16_progressive_N128_mc91101_a1.0_steps2.npz seconds 11
DIAGNOSTIC_COMPLETE f1_solver_baseline_e0_ell16_progressive_N128_mc91102_a1.0_steps2.npz seconds 11
DIAGNOSTIC_COMPLETE f1_solver_baseline_e0_ell16_progressive_N128_mc91103_a1.0_steps2.npz seconds 11
