
Loading NeuroPAL data from: Head_Activity_OH16230.mat
  D/V collapsing: Averaging variants for 14 neuron classes
[combined] 28 total worms; 56 neurons; 20 complete-case worms (17 OH16230 + 3 OH15500); signal=raw

Loading NeuroPAL data from: Head_Activity_OH16230.mat
  D/V collapsing: Averaging variants for 14 neuron classes
DIAGNOSTIC_COMPLETE f2_convergence_baseline_e0_ell1_progressive_N64_mc91101_a1.0_steps1.npz seconds 5
DIAGNOSTIC_COMPLETE f2_convergence_baseline_e0_ell1_progressive_N64_mc91102_a1.0_steps1.npz seconds 4
DIAGNOSTIC_COMPLETE f2_convergence_baseline_e0_ell1_progressive_N64_mc91103_a1.0_steps1.npz seconds 4
DIAGNOSTIC_COMPLETE f2_convergence_baseline_e0_ell1_progressive_N128_mc91101_a1.0_steps1.npz seconds 9
DIAGNOSTIC_COMPLETE f2_convergence_baseline_e0_ell1_progressive_N128_mc91102_a1.0_steps1.npz seconds 9
DIAGNOSTIC_COMPLETE f2_convergence_baseline_e0_ell1_progressive_N128_mc91103_a1.0_steps1.npz seconds 9
DIAGNOSTIC_COMPLETE f2_convergence_baseline_e0_ell1_progressive_N512_mc91101_a1.0_steps1.npz seconds 34
DIAGNOSTIC_COMPLETE f2_convergence_baseline_e0_ell1_progressive_N512_mc91102_a1.0_steps1.npz seconds 34
DIAGNOSTIC_COMPLETE f2_convergence_baseline_e0_ell1_progressive_N512_mc91103_a1.0_steps1.npz seconds 34
DIAGNOSTIC_COMPLETE f2_convergence_baseline_e0_ell1_direct_N4096_mc91101_a1.0_steps1.npz seconds 7
DIAGNOSTIC_COMPLETE f2_convergence_baseline_e0_ell1_direct_N4096_mc91102_a1.0_steps1.npz seconds 7
DIAGNOSTIC_COMPLETE f2_convergence_baseline_e0_ell1_direct_N4096_mc91103_a1.0_steps1.npz seconds 7
DIAGNOSTIC_COMPLETE f2_convergence_baseline_e0_ell1_direct_N16384_mc91101_a1.0_steps1.npz seconds 30
DIAGNOSTIC_COMPLETE f2_convergence_baseline_e0_ell1_direct_N16384_mc91102_a1.0_steps1.npz seconds 30
DIAGNOSTIC_COMPLETE f2_convergence_baseline_e0_ell1_direct_N16384_mc91103_a1.0_steps1.npz seconds 30
DIAGNOSTIC_COMPLETE f2_convergence_baseline_e0_ell4_progressive_N64_mc91101_a1.0_steps1.npz seconds 5
DIAGNOSTIC_COMPLETE f2_convergence_baseline_e0_ell4_progressive_N64_mc91102_a1.0_steps1.npz seconds 5
DIAGNOSTIC_COMPLETE f2_convergence_baseline_e0_ell4_progressive_N64_mc91103_a1.0_steps1.npz seconds 5
DIAGNOSTIC_COMPLETE f2_convergence_baseline_e0_ell4_progressive_N128_mc91101_a1.0_steps1.npz seconds 10
DIAGNOSTIC_COMPLETE f2_convergence_baseline_e0_ell4_progressive_N128_mc91102_a1.0_steps1.npz seconds 10
DIAGNOSTIC_COMPLETE f2_convergence_baseline_e0_ell4_progressive_N128_mc91103_a1.0_steps1.npz seconds 10
DIAGNOSTIC_COMPLETE f2_convergence_baseline_e0_ell4_progressive_N512_mc91101_a1.0_steps1.npz seconds 39
DIAGNOSTIC_COMPLETE f2_convergence_baseline_e0_ell4_progressive_N512_mc91102_a1.0_steps1.npz seconds 39
DIAGNOSTIC_COMPLETE f2_convergence_baseline_e0_ell4_progressive_N512_mc91103_a1.0_steps1.npz seconds 39
DIAGNOSTIC_COMPLETE f2_convergence_baseline_e0_ell4_direct_N4096_mc91101_a1.0_steps1.npz seconds 8
DIAGNOSTIC_COMPLETE f2_convergence_baseline_e0_ell4_direct_N4096_mc91102_a1.0_steps1.npz seconds 8
DIAGNOSTIC_COMPLETE f2_convergence_baseline_e0_ell4_direct_N4096_mc91103_a1.0_steps1.npz seconds 9
DIAGNOSTIC_COMPLETE f2_convergence_baseline_e0_ell4_direct_N16384_mc91101_a1.0_steps1.npz seconds 37
DIAGNOSTIC_COMPLETE f2_convergence_baseline_e0_ell4_direct_N16384_mc91102_a1.0_steps1.npz seconds 32
DIAGNOSTIC_COMPLETE f2_convergence_baseline_e0_ell4_direct_N16384_mc91103_a1.0_steps1.npz seconds 32
DIAGNOSTIC_COMPLETE f2_convergence_baseline_e0_ell8_progressive_N64_mc91101_a1.0_steps1.npz seconds 6
DIAGNOSTIC_COMPLETE f2_convergence_baseline_e0_ell8_progressive_N64_mc91102_a1.0_steps1.npz seconds 6
DIAGNOSTIC_COMPLETE f2_convergence_baseline_e0_ell8_progressive_N64_mc91103_a1.0_steps1.npz seconds 6
DIAGNOSTIC_COMPLETE f2_convergence_baseline_e0_ell8_progressive_N128_mc91101_a1.0_steps1.npz seconds 12
DIAGNOSTIC_COMPLETE f2_convergence_baseline_e0_ell8_progressive_N128_mc91102_a1.0_steps1.npz seconds 12
DIAGNOSTIC_COMPLETE f2_convergence_baseline_e0_ell8_progressive_N128_mc91103_a1.0_steps1.npz seconds 12
DIAGNOSTIC_COMPLETE f2_convergence_baseline_e0_ell8_progressive_N512_mc91101_a1.0_steps1.npz seconds 46
DIAGNOSTIC_COMPLETE f2_convergence_baseline_e0_ell8_progressive_N512_mc91102_a1.0_steps1.npz seconds 46
DIAGNOSTIC_COMPLETE f2_convergence_baseline_e0_ell8_progressive_N512_mc91103_a1.0_steps1.npz seconds 46
DIAGNOSTIC_COMPLETE f2_convergence_baseline_e0_ell8_direct_N4096_mc91101_a1.0_steps1.npz seconds 9
DIAGNOSTIC_COMPLETE f2_convergence_baseline_e0_ell8_direct_N4096_mc91102_a1.0_steps1.npz seconds 9
DIAGNOSTIC_COMPLETE f2_convergence_baseline_e0_ell8_direct_N4096_mc91103_a1.0_steps1.npz seconds 9
DIAGNOSTIC_COMPLETE f2_convergence_baseline_e0_ell8_direct_N16384_mc91101_a1.0_steps1.npz seconds 35
DIAGNOSTIC_COMPLETE f2_convergence_baseline_e0_ell8_direct_N16384_mc91102_a1.0_steps1.npz seconds 35
DIAGNOSTIC_COMPLETE f2_convergence_baseline_e0_ell8_direct_N16384_mc91103_a1.0_steps1.npz seconds 35
DIAGNOSTIC_COMPLETE f2_convergence_baseline_e0_ell16_progressive_N64_mc91101_a1.0_steps1.npz seconds 7
DIAGNOSTIC_COMPLETE f2_convergence_baseline_e0_ell16_progressive_N64_mc91102_a1.0_steps1.npz seconds 7
DIAGNOSTIC_COMPLETE f2_convergence_baseline_e0_ell16_progressive_N64_mc91103_a1.0_steps1.npz seconds 8
DIAGNOSTIC_COMPLETE f2_convergence_baseline_e0_ell16_progressive_N128_mc91101_a1.0_steps1.npz seconds 15
DIAGNOSTIC_COMPLETE f2_convergence_baseline_e0_ell16_progressive_N128_mc91102_a1.0_steps1.npz seconds 15
DIAGNOSTIC_COMPLETE f2_convergence_baseline_e0_ell16_progressive_N128_mc91103_a1.0_steps1.npz seconds 15
DIAGNOSTIC_COMPLETE f2_convergence_baseline_e0_ell16_progressive_N512_mc91101_a1.0_steps1.npz seconds 59
DIAGNOSTIC_COMPLETE f2_convergence_baseline_e0_ell16_progressive_N512_mc91102_a1.0_steps1.npz seconds 59
DIAGNOSTIC_COMPLETE f2_convergence_baseline_e0_ell16_progressive_N512_mc91103_a1.0_steps1.npz seconds 59
DIAGNOSTIC_COMPLETE f2_convergence_baseline_e0_ell16_direct_N4096_mc91101_a1.0_steps1.npz seconds 10
DIAGNOSTIC_COMPLETE f2_convergence_baseline_e0_ell16_direct_N4096_mc91102_a1.0_steps1.npz seconds 10
DIAGNOSTIC_COMPLETE f2_convergence_baseline_e0_ell16_direct_N4096_mc91103_a1.0_steps1.npz seconds 10
DIAGNOSTIC_COMPLETE f2_convergence_baseline_e0_ell16_direct_N16384_mc91101_a1.0_steps1.npz seconds 42
DIAGNOSTIC_COMPLETE f2_convergence_baseline_e0_ell16_direct_N16384_mc91102_a1.0_steps1.npz seconds 41
DIAGNOSTIC_COMPLETE f2_convergence_baseline_e0_ell16_direct_N16384_mc91103_a1.0_steps1.npz seconds 41
DIAGNOSTIC_COMPLETE f2_convergence_onset_e0_ell1_progressive_N64_mc91101_a1.0_steps1.npz seconds 4
DIAGNOSTIC_COMPLETE f2_convergence_onset_e0_ell1_progressive_N64_mc91102_a1.0_steps1.npz seconds 4
DIAGNOSTIC_COMPLETE f2_convergence_onset_e0_ell1_progressive_N64_mc91103_a1.0_steps1.npz seconds 4
DIAGNOSTIC_COMPLETE f2_convergence_onset_e0_ell1_progressive_N128_mc91101_a1.0_steps1.npz seconds 9
DIAGNOSTIC_COMPLETE f2_convergence_onset_e0_ell1_progressive_N128_mc91102_a1.0_steps1.npz seconds 9
DIAGNOSTIC_COMPLETE f2_convergence_onset_e0_ell1_progressive_N128_mc91103_a1.0_steps1.npz seconds 9
DIAGNOSTIC_COMPLETE f2_convergence_onset_e0_ell1_progressive_N512_mc91101_a1.0_steps1.npz seconds 34
DIAGNOSTIC_COMPLETE f2_convergence_onset_e0_ell1_progressive_N512_mc91102_a1.0_steps1.npz seconds 34
DIAGNOSTIC_COMPLETE f2_convergence_onset_e0_ell1_progressive_N512_mc91103_a1.0_steps1.npz seconds 34
DIAGNOSTIC_COMPLETE f2_convergence_onset_e0_ell1_direct_N4096_mc91101_a1.0_steps1.npz seconds 7
DIAGNOSTIC_COMPLETE f2_convergence_onset_e0_ell1_direct_N4096_mc91102_a1.0_steps1.npz seconds 7
DIAGNOSTIC_COMPLETE f2_convergence_onset_e0_ell1_direct_N4096_mc91103_a1.0_steps1.npz seconds 7
DIAGNOSTIC_COMPLETE f2_convergence_onset_e0_ell1_direct_N16384_mc91101_a1.0_steps1.npz seconds 30
DIAGNOSTIC_COMPLETE f2_convergence_onset_e0_ell1_direct_N16384_mc91102_a1.0_steps1.npz seconds 30
DIAGNOSTIC_COMPLETE f2_convergence_onset_e0_ell1_direct_N16384_mc91103_a1.0_steps1.npz seconds 30
DIAGNOSTIC_COMPLETE f2_convergence_onset_e0_ell4_progressive_N64_mc91101_a1.0_steps1.npz seconds 5
DIAGNOSTIC_COMPLETE f2_convergence_onset_e0_ell4_progressive_N64_mc91102_a1.0_steps1.npz seconds 5
DIAGNOSTIC_COMPLETE f2_convergence_onset_e0_ell4_progressive_N64_mc91103_a1.0_steps1.npz seconds 5
DIAGNOSTIC_COMPLETE f2_convergence_onset_e0_ell4_progressive_N128_mc91101_a1.0_steps1.npz seconds 10
DIAGNOSTIC_COMPLETE f2_convergence_onset_e0_ell4_progressive_N128_mc91102_a1.0_steps1.npz seconds 10
DIAGNOSTIC_COMPLETE f2_convergence_onset_e0_ell4_progressive_N128_mc91103_a1.0_steps1.npz seconds 10
DIAGNOSTIC_COMPLETE f2_convergence_onset_e0_ell4_progressive_N512_mc91101_a1.0_steps1.npz seconds 39
DIAGNOSTIC_COMPLETE f2_convergence_onset_e0_ell4_progressive_N512_mc91102_a1.0_steps1.npz seconds 39
DIAGNOSTIC_COMPLETE f2_convergence_onset_e0_ell4_progressive_N512_mc91103_a1.0_steps1.npz seconds 39
DIAGNOSTIC_COMPLETE f2_convergence_onset_e0_ell4_direct_N4096_mc91101_a1.0_steps1.npz seconds 8
DIAGNOSTIC_COMPLETE f2_convergence_onset_e0_ell4_direct_N4096_mc91102_a1.0_steps1.npz seconds 8
DIAGNOSTIC_COMPLETE f2_convergence_onset_e0_ell4_direct_N4096_mc91103_a1.0_steps1.npz seconds 8
DIAGNOSTIC_COMPLETE f2_convergence_onset_e0_ell4_direct_N16384_mc91101_a1.0_steps1.npz seconds 32
DIAGNOSTIC_COMPLETE f2_convergence_onset_e0_ell4_direct_N16384_mc91102_a1.0_steps1.npz seconds 32
DIAGNOSTIC_COMPLETE f2_convergence_onset_e0_ell4_direct_N16384_mc91103_a1.0_steps1.npz seconds 32
DIAGNOSTIC_COMPLETE f2_convergence_onset_e0_ell8_progressive_N64_mc91101_a1.0_steps1.npz seconds 6
DIAGNOSTIC_COMPLETE f2_convergence_onset_e0_ell8_progressive_N64_mc91102_a1.0_steps1.npz seconds 6
DIAGNOSTIC_COMPLETE f2_convergence_onset_e0_ell8_progressive_N64_mc91103_a1.0_steps1.npz seconds 6
DIAGNOSTIC_COMPLETE f2_convergence_onset_e0_ell8_progressive_N128_mc91101_a1.0_steps1.npz seconds 11
DIAGNOSTIC_COMPLETE f2_convergence_onset_e0_ell8_progressive_N128_mc91102_a1.0_steps1.npz seconds 11
DIAGNOSTIC_COMPLETE f2_convergence_onset_e0_ell8_progressive_N128_mc91103_a1.0_steps1.npz seconds 11
DIAGNOSTIC_COMPLETE f2_convergence_onset_e0_ell8_progressive_N512_mc91101_a1.0_steps1.npz seconds 46
DIAGNOSTIC_COMPLETE f2_convergence_onset_e0_ell8_progressive_N512_mc91102_a1.0_steps1.npz seconds 46
DIAGNOSTIC_COMPLETE f2_convergence_onset_e0_ell8_progressive_N512_mc91103_a1.0_steps1.npz seconds 46
DIAGNOSTIC_COMPLETE f2_convergence_onset_e0_ell8_direct_N4096_mc91101_a1.0_steps1.npz seconds 9
DIAGNOSTIC_COMPLETE f2_convergence_onset_e0_ell8_direct_N4096_mc91102_a1.0_steps1.npz seconds 9
DIAGNOSTIC_COMPLETE f2_convergence_onset_e0_ell8_direct_N4096_mc91103_a1.0_steps1.npz seconds 9
DIAGNOSTIC_COMPLETE f2_convergence_onset_e0_ell8_direct_N16384_mc91101_a1.0_steps1.npz seconds 35
DIAGNOSTIC_COMPLETE f2_convergence_onset_e0_ell8_direct_N16384_mc91102_a1.0_steps1.npz seconds 35
DIAGNOSTIC_COMPLETE f2_convergence_onset_e0_ell8_direct_N16384_mc91103_a1.0_steps1.npz seconds 35
DIAGNOSTIC_COMPLETE f2_convergence_onset_e0_ell16_progressive_N64_mc91101_a1.0_steps1.npz seconds 7
DIAGNOSTIC_COMPLETE f2_convergence_onset_e0_ell16_progressive_N64_mc91102_a1.0_steps1.npz seconds 7
DIAGNOSTIC_COMPLETE f2_convergence_onset_e0_ell16_progressive_N64_mc91103_a1.0_steps1.npz seconds 7
DIAGNOSTIC_COMPLETE f2_convergence_onset_e0_ell16_progressive_N128_mc91101_a1.0_steps1.npz seconds 15
DIAGNOSTIC_COMPLETE f2_convergence_onset_e0_ell16_progressive_N128_mc91102_a1.0_steps1.npz seconds 15
DIAGNOSTIC_COMPLETE f2_convergence_onset_e0_ell16_progressive_N128_mc91103_a1.0_steps1.npz seconds 15
DIAGNOSTIC_COMPLETE f2_convergence_onset_e0_ell16_progressive_N512_mc91101_a1.0_steps1.npz seconds 59
DIAGNOSTIC_COMPLETE f2_convergence_onset_e0_ell16_progressive_N512_mc91102_a1.0_steps1.npz seconds 66
DIAGNOSTIC_COMPLETE f2_convergence_onset_e0_ell16_progressive_N512_mc91103_a1.0_steps1.npz seconds 59
DIAGNOSTIC_COMPLETE f2_convergence_onset_e0_ell16_direct_N4096_mc91101_a1.0_steps1.npz seconds 10
DIAGNOSTIC_COMPLETE f2_convergence_onset_e0_ell16_direct_N4096_mc91102_a1.0_steps1.npz seconds 10
DIAGNOSTIC_COMPLETE f2_convergence_onset_e0_ell16_direct_N4096_mc91103_a1.0_steps1.npz seconds 10
DIAGNOSTIC_COMPLETE f2_convergence_onset_e0_ell16_direct_N16384_mc91101_a1.0_steps1.npz seconds 42
DIAGNOSTIC_COMPLETE f2_convergence_onset_e0_ell16_direct_N16384_mc91102_a1.0_steps1.npz seconds 41
DIAGNOSTIC_COMPLETE f2_convergence_onset_e0_ell16_direct_N16384_mc91103_a1.0_steps1.npz seconds 41
