\BOOKMARK [1][-]{section.1}{\376\377\000J\000u\000l\000y\000\040\0001\0003\000\040\000a\000d\000v\000e\000r\000s\000a\000r\000i\000a\000l\000\040\000r\000e\000v\000i\000s\000i\000o\000n\000:\000\040\000w\000h\000a\000t\000\040\000c\000h\000a\000n\000g\000e\000d}{}% 1
\BOOKMARK [2][-]{subsection.1.1}{\376\377\000T\000h\000e\000\040\000r\000e\000v\000i\000s\000e\000d\000\040\000m\000e\000t\000h\000o\000d\000\040\000s\000t\000a\000c\000k}{section.1}% 2
\BOOKMARK [2][-]{subsection.1.2}{\376\377\000B\000o\000u\000n\000d\000e\000d\000\040\000f\000i\000n\000i\000t\000e\000\040\000S\000I\000D\000\040\000t\000h\000e\000o\000r\000e\000m}{section.1}% 3
\BOOKMARK [2][-]{subsection.1.3}{\376\377\000D\000i\000r\000e\000c\000t\000\040\000r\000e\000a\000d\000o\000u\000t\000s\000\040\000a\000n\000d\000\040\000c\000o\000m\000m\000o\000n\000-\000r\000a\000n\000d\000o\000m\000-\000n\000u\000m\000b\000e\000r\000\040\000c\000o\000u\000p\000l\000i\000n\000g}{section.1}% 4
\BOOKMARK [2][-]{subsection.1.4}{\376\377\000W\000h\000e\000n\000\040\000c\000l\000a\000s\000s\000i\000f\000i\000e\000r\000\040\000g\000u\000i\000d\000a\000n\000c\000e\000\040\000c\000a\000n\000\040\000r\000e\000p\000a\000i\000r\000\040\000a\000\040\000g\000e\000n\000e\000r\000a\000t\000o\000r}{section.1}% 5
\BOOKMARK [2][-]{subsection.1.5}{\376\377\000A\000\040\000s\000t\000a\000b\000l\000e\000\040\000s\000c\000o\000r\000e\000-\000t\000o\000-\000S\000I\000D\000\040\000b\000r\000i\000d\000g\000e}{section.1}% 6
\BOOKMARK [2][-]{subsection.1.6}{\376\377\000W\000h\000y\000\040\000S\000B\000T\000G\000\040\000c\000a\000n\000\040\000b\000e\000\040\000i\000n\000t\000r\000i\000n\000s\000i\000c\000a\000l\000l\000y\000\040\000i\000l\000l\000-\000c\000o\000n\000d\000i\000t\000i\000o\000n\000e\000d}{section.1}% 7
\BOOKMARK [2][-]{subsection.1.7}{\376\377\000S\000t\000a\000b\000i\000l\000i\000z\000a\000t\000i\000o\000n\000\040\000i\000m\000p\000l\000e\000m\000e\000n\000t\000e\000d\000\040\000i\000n\000\040\000t\000h\000e\000\040\000n\000e\000w\000\040\000b\000e\000n\000c\000h\000m\000a\000r\000k}{section.1}% 8
\BOOKMARK [2][-]{subsection.1.8}{\376\377\000E\000x\000a\000c\000t\000\040\000w\000h\000o\000l\000e\000-\000p\000a\000t\000h\000\040\000f\000a\000l\000s\000i\000f\000i\000c\000a\000t\000i\000o\000n\000\040\000l\000a\000w}{section.1}% 9
\BOOKMARK [2][-]{subsection.1.9}{\376\377\000W\000h\000a\000t\000\040\000b\000a\000c\000k\000e\000n\000d\000\040\000e\000r\000r\000o\000r\000\040\000c\000a\000n\000\040\000a\000n\000d\000\040\000c\000a\000n\000n\000o\000t\000\040\000g\000u\000a\000r\000a\000n\000t\000e\000e}{section.1}% 10
\BOOKMARK [2][-]{subsection.1.10}{\376\377\000F\000u\000n\000c\000t\000i\000o\000n\000-\000s\000p\000a\000c\000e\000\040\000s\000c\000o\000p\000e}{section.1}% 11
\BOOKMARK [2][-]{subsection.1.11}{\376\377\000F\000r\000o\000z\000e\000n\000\040\000a\000d\000v\000a\000n\000c\000e\000m\000e\000n\000t\000\040\000r\000u\000l\000e\000s}{section.1}% 12
\BOOKMARK [1][-]{section.2}{\376\377\000E\000x\000e\000c\000u\000t\000i\000v\000e\000\040\000v\000e\000r\000d\000i\000c\000t}{}% 13
\BOOKMARK [2][-]{subsection.2.1}{\376\377\000W\000h\000a\000t\000\040\000s\000h\000o\000u\000l\000d\000\040\000c\000a\000r\000r\000y\000\040\000t\000h\000e\000\040\000p\000r\000o\000j\000e\000c\000t\000\040\000f\000o\000r\000w\000a\000r\000d}{section.2}% 14
\BOOKMARK [1][-]{section.3}{\376\377\000O\000n\000e\000\040\000m\000a\000t\000h\000e\000m\000a\000t\000i\000c\000a\000l\000\040\000o\000b\000j\000e\000c\000t\000,\000\040\000f\000o\000u\000r\000\040\000l\000a\000y\000e\000r\000s}{}% 15
\BOOKMARK [2][-]{subsection.3.1}{\376\377\000T\000h\000e\000\040\000p\000o\000p\000u\000l\000a\000t\000i\000o\000n\000\040\000o\000b\000j\000e\000c\000t}{section.3}% 16
\BOOKMARK [2][-]{subsection.3.2}{\376\377\000I\000n\000f\000i\000n\000i\000t\000e\000s\000i\000m\000a\000l\000\040\000h\000i\000s\000t\000o\000r\000y\000\040\000s\000e\000n\000s\000i\000t\000i\000v\000i\000t\000y}{section.3}% 17
\BOOKMARK [2][-]{subsection.3.3}{\376\377\000F\000i\000n\000i\000t\000e\000\040\000s\000i\000g\000n\000e\000d\000\040\000c\000o\000n\000t\000r\000a\000s\000t\000s\000:\000\040\000t\000h\000e\000\040\000p\000r\000e\000f\000e\000r\000r\000e\000d\000\040\000e\000s\000t\000i\000m\000a\000n\000d}{section.3}% 18
\BOOKMARK [2][-]{subsection.3.4}{\376\377\000H\000o\000w\000\040\000S\000B\000T\000G\000\040\000f\000i\000t\000s}{section.3}% 19
\BOOKMARK [2][-]{subsection.3.5}{\376\377\000H\000o\000w\000\040\000d\000i\000f\000f\000u\000s\000i\000o\000n\000\040\000f\000i\000t\000s}{section.3}% 20
\BOOKMARK [2][-]{subsection.3.6}{\376\377\000H\000o\000w\000\040\000c\000h\000a\000n\000g\000e\000p\000o\000i\000n\000t\000s\000\040\000f\000i\000t}{section.3}% 21
\BOOKMARK [1][-]{section.4}{\376\377\000C\000o\000n\000s\000o\000l\000i\000d\000a\000t\000i\000n\000g\000\040\000t\000h\000e\000\040\000n\000a\000m\000e\000d\000\040\000m\000e\000t\000h\000o\000d\000s}{}% 22
\BOOKMARK [1][-]{section.5}{\376\377\000W\000h\000a\000t\000\040\000e\000a\000c\000h\000\040\000o\000b\000j\000e\000c\000t\000i\000v\000e\000\040\000a\000c\000t\000u\000a\000l\000l\000y\000\040\000i\000d\000e\000n\000t\000i\000f\000i\000e\000s}{}% 23
\BOOKMARK [2][-]{subsection.5.1}{\376\377\000N\000o\000r\000m\000a\000l\000i\000z\000e\000d\000\040\000l\000i\000k\000e\000l\000i\000h\000o\000o\000d}{section.5}% 24
\BOOKMARK [2][-]{subsection.5.2}{\376\377\000H\000y\000v\000\344\000r\000i\000n\000e\000n\000\040\000s\000c\000o\000r\000e\000\040\000m\000a\000t\000c\000h\000i\000n\000g}{section.5}% 25
\BOOKMARK [2][-]{subsection.5.3}{\376\377\000D\000e\000n\000o\000i\000s\000i\000n\000g\000\040\000s\000c\000o\000r\000e\000\040\000m\000a\000t\000c\000h\000i\000n\000g}{section.5}% 26
\BOOKMARK [2][-]{subsection.5.4}{\376\377\000J\000o\000i\000n\000t\000-\000s\000t\000a\000t\000e\000\040\000S\000B\000T\000G\000\040\000s\000c\000o\000r\000e}{section.5}% 27
\BOOKMARK [2][-]{subsection.5.5}{\376\377\000R\000a\000t\000i\000o\000\040\000a\000n\000d\000\040\000c\000l\000a\000s\000s\000i\000f\000i\000c\000a\000t\000i\000o\000n\000\040\000o\000b\000j\000e\000c\000t\000i\000v\000e\000s}{section.5}% 28
\BOOKMARK [2][-]{subsection.5.6}{\376\377\000M\000o\000m\000e\000n\000t\000/\000R\000i\000e\000s\000z\000\040\000p\000r\000o\000j\000e\000c\000t\000i\000o\000n}{section.5}% 29
\BOOKMARK [1][-]{section.6}{\376\377\000A\000l\000t\000e\000r\000n\000a\000t\000i\000v\000e\000\040\000a\000p\000p\000r\000o\000a\000c\000h\000e\000s\000\040\000a\000n\000d\000\040\000r\000e\000q\000u\000i\000r\000e\000d\000\040\000b\000a\000s\000e\000l\000i\000n\000e\000s\000\040\000b\000y\000\040\000s\000u\000b\000p\000r\000o\000b\000l\000e\000m}{}% 30
\BOOKMARK [1][-]{section.7}{\376\377\000E\000m\000p\000i\000r\000i\000c\000a\000l\000\040\000e\000v\000i\000d\000e\000n\000c\000e\000:\000\040\000w\000h\000a\000t\000\040\000w\000o\000r\000k\000s\000\040\000a\000n\000d\000\040\000w\000h\000a\000t\000\040\000d\000o\000e\000s\000\040\000n\000o\000t}{}% 31
\BOOKMARK [2][-]{subsection.7.1}{\376\377\000E\000v\000i\000d\000e\000n\000c\000e\000\040\000s\000t\000a\000n\000d\000a\000r\000d\000\040\000a\000n\000d\000\040\000c\000o\000m\000p\000a\000r\000a\000b\000i\000l\000i\000t\000y}{section.7}% 32
\BOOKMARK [2][-]{subsection.7.2}{\376\377\000P\000r\000e\000d\000i\000c\000t\000i\000v\000e\000\040\000l\000a\000w\000\040\000a\000n\000d\000\040\000p\000h\000y\000s\000i\000c\000a\000l\000\040\000f\000i\000e\000l\000d\000s}{section.7}% 33
\BOOKMARK [2][-]{subsection.7.3}{\376\377\000S\000y\000n\000a\000p\000t\000i\000c\000\040\000g\000a\000t\000i\000n\000g\000:\000\040\000n\000o\000\040\000c\000u\000r\000r\000e\000n\000t\000\040\000w\000i\000n\000n\000e\000r}{section.7}% 34
\BOOKMARK [2][-]{subsection.7.4}{\376\377\000H\000i\000s\000t\000o\000r\000y\000\040\000t\000a\000n\000g\000e\000n\000t\000s\000\040\000a\000n\000d\000\040\000f\000i\000n\000i\000t\000e\000\040\000c\000o\000n\000t\000r\000a\000s\000t\000s}{section.7}% 35
\BOOKMARK [2][-]{subsection.7.5}{\376\377\000S\000B\000T\000G\000\040\000l\000o\000c\000a\000l\000i\000z\000a\000t\000i\000o\000n}{section.7}% 36
\BOOKMARK [2][-]{subsection.7.6}{\376\377\000C\000l\000a\000s\000s\000i\000c\000a\000l\000\040\000g\000r\000a\000p\000h\000\040\000b\000a\000s\000e\000l\000i\000n\000e\000s\000\040\000a\000n\000d\000\040\000h\000i\000d\000d\000e\000n\000\040\000c\000o\000n\000f\000o\000u\000n\000d\000i\000n\000g}{section.7}% 37
\BOOKMARK [2][-]{subsection.7.7}{\376\377\000C\000h\000a\000n\000g\000e\000p\000o\000i\000n\000t\000s}{section.7}% 38
\BOOKMARK [1][-]{section.8}{\376\377\000W\000h\000e\000r\000e\000\040\000o\000u\000r\000\040\000a\000p\000p\000r\000o\000a\000c\000h\000e\000s\000\040\000h\000a\000v\000e\000\040\000a\000n\000\040\000a\000d\000v\000a\000n\000t\000a\000g\000e\040\024\000a\000n\000d\000\040\000w\000h\000e\000r\000e\000\040\000t\000h\000e\000y\000\040\000d\000o\000\040\000n\000o\000t}{}% 39
\BOOKMARK [2][-]{subsection.8.1}{\376\377\000P\000o\000t\000e\000n\000t\000i\000a\000l\000\040\000a\000d\000v\000a\000n\000t\000a\000g\000e\000s}{section.8}% 40
\BOOKMARK [2][-]{subsection.8.2}{\376\377\000C\000o\000s\000t\000s\000\040\000a\000n\000d\000\040\000f\000a\000i\000l\000u\000r\000e\000\040\000m\000o\000d\000e\000s}{section.8}% 41
\BOOKMARK [2][-]{subsection.8.3}{\376\377\000W\000h\000e\000n\000\040\000d\000i\000f\000f\000u\000s\000i\000o\000n\000/\000s\000c\000o\000r\000e\000\040\000m\000e\000t\000h\000o\000d\000s\000\040\000h\000a\000v\000e\000\040\000a\000\040\000c\000r\000e\000d\000i\000b\000l\000e\000\040\000h\000o\000p\000e}{section.8}% 42
\BOOKMARK [1][-]{section.9}{\376\377\000T\000h\000e\000o\000r\000y\000\040\000a\000g\000e\000n\000d\000a}{}% 43
\BOOKMARK [2][-]{subsection.9.1}{\376\377\000F\000i\000n\000i\000t\000e\000-\000w\000i\000t\000n\000e\000s\000s\000\040\000s\000t\000a\000b\000i\000l\000i\000t\000y\000\040\000b\000o\000u\000n\000d\000s}{section.9}% 44
\BOOKMARK [2][-]{subsection.9.2}{\376\377\000B\000i\000a\000s\040\023\000v\000a\000r\000i\000a\000n\000c\000e\000\040\000t\000h\000e\000o\000r\000y\000\040\000f\000o\000r\000\040\000\040\000a\000n\000d\000\040}{section.9}% 45
\BOOKMARK [2][-]{subsection.9.3}{\376\377\000O\000r\000t\000h\000o\000g\000o\000n\000a\000l\000\040\000a\000n\000d\000\040\000c\000r\000o\000s\000s\000-\000f\000i\000t\000t\000e\000d\000\040\000c\000h\000a\000n\000n\000e\000l\000\040\000e\000s\000t\000i\000m\000a\000t\000i\000o\000n}{section.9}% 46
\BOOKMARK [2][-]{subsection.9.4}{\376\377\000R\000e\000c\000o\000n\000s\000t\000r\000u\000c\000t\000i\000n\000g\000\040\000S\000I\000D\000\040\000f\000r\000o\000m\000\040\000S\000B\000T\000G}{section.9}% 47
\BOOKMARK [2][-]{subsection.9.5}{\376\377\000H\000i\000g\000h\000e\000r\000-\000o\000r\000d\000e\000r\000\040\000p\000a\000r\000i\000t\000y\000\040\000s\000t\000e\000n\000c\000i\000l\000s}{section.9}% 48
\BOOKMARK [2][-]{subsection.9.6}{\376\377\000R\000o\000u\000t\000e\000-\000a\000g\000r\000e\000e\000m\000e\000n\000t\000\040\000t\000e\000s\000t\000s}{section.9}% 49
\BOOKMARK [2][-]{subsection.9.7}{\376\377\000M\000e\000c\000h\000a\000n\000i\000s\000m\000-\000c\000o\000n\000f\000u\000s\000i\000o\000n\000\040\000a\000n\000d\000\040\000n\000u\000i\000s\000a\000n\000c\000e\000\040\000i\000n\000v\000a\000r\000i\000a\000n\000c\000e}{section.9}% 50
\BOOKMARK [2][-]{subsection.9.8}{\376\377\000S\000e\000q\000u\000e\000n\000t\000i\000a\000l\000\040\000i\000n\000f\000e\000r\000e\000n\000c\000e}{section.9}% 51
\BOOKMARK [1][-]{section.10}{\376\377\000T\000h\000e\000\040\000n\000e\000x\000t\000\040\000d\000e\000c\000i\000s\000i\000v\000e\000\040\000e\000x\000p\000e\000r\000i\000m\000e\000n\000t\000\040\000p\000r\000o\000g\000r\000a\000m}{}% 52
\BOOKMARK [2][-]{subsection.10.1}{\376\377\000O\000b\000s\000e\000r\000v\000a\000b\000l\000e\000\040\000n\000e\000u\000r\000o\000m\000o\000d\000u\000l\000a\000t\000o\000r\000\040\000b\000e\000n\000c\000h\000m\000a\000r\000k\000\040\000l\000a\000d\000d\000e\000r}{section.10}% 53
\BOOKMARK [2][-]{subsection.10.2}{\376\377\000P\000h\000a\000s\000e\000\040\0000\000:\000\040\000o\000r\000a\000c\000l\000e\000\040\000a\000d\000a\000p\000t\000e\000r\000\040\000t\000o\000u\000r\000n\000a\000m\000e\000n\000t}{section.10}% 54
\BOOKMARK [2][-]{subsection.10.3}{\376\377\000P\000h\000a\000s\000e\000\040\0001\000:\000\040\000b\000a\000c\000k\000e\000n\000d\000\040\000\040\000a\000d\000a\000p\000t\000e\000r\000\040\000\040\000c\000h\000a\000n\000n\000e\000l\000\040\000f\000a\000c\000t\000o\000r\000i\000a\000l}{section.10}% 55
\BOOKMARK [2][-]{subsection.10.4}{\376\377\000P\000h\000a\000s\000e\000\040\0002\000:\000\040\000s\000c\000a\000l\000i\000n\000g\000\040\000a\000n\000d\000\040\000s\000t\000r\000e\000s\000s\000\040\000m\000a\000p}{section.10}% 56
\BOOKMARK [2][-]{subsection.10.5}{\376\377\000P\000h\000a\000s\000e\000\040\0003\000:\000\040\000m\000e\000c\000h\000a\000n\000i\000s\000m\000-\000c\000o\000n\000f\000u\000s\000i\000o\000n\000\040\000b\000a\000t\000t\000e\000r\000y}{section.10}% 57
\BOOKMARK [2][-]{subsection.10.6}{\376\377\000P\000h\000a\000s\000e\000\040\0004\000:\000\040\000c\000h\000a\000n\000g\000e\000p\000o\000i\000n\000t\000s\000\040\000o\000n\000l\000y\000\040\000f\000o\000r\000\040\000v\000a\000l\000i\000d\000a\000t\000e\000d\000\040\000c\000h\000a\000n\000n\000e\000l\000s}{section.10}% 58
\BOOKMARK [2][-]{subsection.10.7}{\376\377\000P\000h\000a\000s\000e\000\040\0005\000:\000\040\000l\000o\000n\000g\000-\000h\000o\000r\000i\000z\000o\000n\000\040\000a\000n\000d\000\040\000p\000a\000t\000h\000w\000i\000s\000e\000\040\000e\000x\000t\000e\000n\000s\000i\000o\000n}{section.10}% 59
\BOOKMARK [2][-]{subsection.10.8}{\376\377\000P\000r\000e\000r\000e\000g\000i\000s\000t\000e\000r\000e\000d\000\040\000d\000e\000c\000i\000s\000i\000o\000n\000\040\000r\000u\000l\000e\000s}{section.10}% 60
\BOOKMARK [1][-]{section.11}{\376\377\000R\000e\000s\000e\000a\000r\000c\000h\000\040\000p\000r\000i\000o\000r\000i\000t\000i\000e\000s\000\040\000a\000n\000d\000\040\000s\000t\000o\000p\000/\000g\000o\000\040\000d\000e\000c\000i\000s\000i\000o\000n\000s}{}% 61
\BOOKMARK [2][-]{subsection.11.1}{\376\377\000W\000h\000a\000t\000\040\000w\000o\000u\000l\000d\000\040\000c\000o\000u\000n\000t\000\040\000a\000s\000\040\000a\000n\000\040\000i\000m\000p\000a\000c\000t\000f\000u\000l\000\040\000r\000e\000s\000u\000l\000t\000?}{section.11}% 62
\BOOKMARK [1][-]{section.12}{\376\377\000R\000e\000c\000o\000m\000m\000e\000n\000d\000e\000d\000\040\000p\000a\000p\000e\000r\000-\000l\000e\000v\000e\000l\000\040\000n\000a\000r\000r\000a\000t\000i\000v\000e}{}% 63
\BOOKMARK [1][-]{section.13}{\376\377\000F\000r\000o\000z\000e\000n\000\040\000J\000u\000l\000y\000\040\0001\0003\000\040\000e\000m\000p\000i\000r\000i\000c\000a\000l\000\040\000a\000d\000j\000u\000d\000i\000c\000a\000t\000i\000o\000n}{}% 64
\BOOKMARK [2][-]{subsection.13.1}{\376\377\000F\000r\000o\000z\000e\000n\000\040\000d\000e\000s\000i\000g\000n\000\040\000a\000n\000d\000\040\000v\000a\000l\000i\000d\000a\000t\000i\000o\000n}{section.13}% 65
\BOOKMARK [2][-]{subsection.13.2}{\376\377\000P\000r\000e\000d\000i\000c\000t\000i\000v\000e\000-\000l\000a\000w\000\040\000f\000i\000t\000:\000\040\000r\000e\000a\000l\000\040\000f\000l\000e\000x\000i\000b\000i\000l\000i\000t\000y\000\040\000g\000a\000i\000n\000s\000,\000\040\000b\000u\000t\000\040\000m\000e\000t\000r\000i\000c\000-\000d\000e\000p\000e\000n\000d\000e\000n\000t}{section.13}% 66
\BOOKMARK [2][-]{subsection.13.3}{\376\377\000C\000l\000e\000a\000n\000\040\000S\000I\000D\000:\000\040\000t\000h\000e\000\040\000r\000a\000t\000i\000o\000\040\000r\000o\000u\000t\000e\000\040\000w\000i\000n\000s\000\040\000m\000o\000s\000t\000\040\000o\000f\000t\000e\000n\000,\000\040\000w\000i\000t\000h\000\040\000s\000h\000a\000r\000p\000\040\000f\000a\000i\000l\000u\000r\000e\000s}{section.13}% 67
\BOOKMARK [2][-]{subsection.13.4}{\376\377\000D\000i\000f\000f\000u\000s\000i\000o\000n\000:\000\040\000r\000e\000s\000p\000o\000n\000s\000e\000\040\000s\000c\000o\000r\000e\000\040\000a\000n\000d\000\040\000h\000i\000s\000t\000o\000r\000y\000\040\000S\000I\000D\000\040\000e\000m\000p\000i\000r\000i\000c\000a\000l\000l\000y\000\040\000d\000e\000c\000o\000u\000p\000l\000e}{section.13}% 68
\BOOKMARK [2][-]{subsection.13.5}{\376\377\000F\000i\000n\000i\000t\000e\000\040\000t\000y\000p\000e\000d\000\040\000c\000o\000n\000t\000r\000a\000s\000t\000s}{section.13}% 69
\BOOKMARK [1][-]{section.14}{\376\377\000F\000i\000n\000a\000l\000\040\000a\000n\000s\000w\000e\000r\000\040\000t\000o\000\040\000t\000h\000e\000\040\000s\000t\000r\000a\000t\000e\000g\000i\000c\000\040\000q\000u\000e\000s\000t\000i\000o\000n\000s}{}% 70
\BOOKMARK [1][-]{appendix.A}{\376\377\000R\000e\000p\000r\000o\000d\000u\000c\000i\000b\000i\000l\000i\000t\000y\000\040\000a\000n\000d\000\040\000e\000v\000i\000d\000e\000n\000c\000e\000\040\000m\000a\000p}{}% 71
\BOOKMARK [1][-]{appendix.B}{\376\377\000C\000o\000m\000p\000a\000c\000t\000\040\000c\000l\000a\000i\000m\000\040\000l\000a\000d\000d\000e\000r}{}% 72
