=== wormneuroatlas install attempt Sat Jul 11 00:40:09 EDT 2026 ===
Collecting wormneuroatlas
  Downloading wormneuroatlas-0.0.7.3-py3-none-any.whl.metadata (5.3 kB)
Requirement already satisfied: numpy in ./.venv/lib/python3.14/site-packages (from wormneuroatlas) (2.5.1)
Requirement already satisfied: scipy in ./.venv/lib/python3.14/site-packages (from wormneuroatlas) (1.18.0)
Requirement already satisfied: matplotlib in ./.venv/lib/python3.14/site-packages (from wormneuroatlas) (3.11.0)
Collecting urllib3 (from wormneuroatlas)
  Downloading urllib3-2.7.0-py3-none-any.whl.metadata (6.9 kB)
Requirement already satisfied: h5py in ./.venv/lib/python3.14/site-packages (from wormneuroatlas) (3.16.0)
Collecting pdoc (from wormneuroatlas)
  Downloading pdoc-16.0.0-py3-none-any.whl.metadata (8.6 kB)
Requirement already satisfied: pandas in ./.venv/lib/python3.14/site-packages (from wormneuroatlas) (3.0.3)
Requirement already satisfied: openpyxl in ./.venv/lib/python3.14/site-packages (from wormneuroatlas) (3.1.5)
Requirement already satisfied: contourpy>=1.0.1 in ./.venv/lib/python3.14/site-packages (from matplotlib->wormneuroatlas) (1.3.3)
Requirement already satisfied: cycler>=0.10 in ./.venv/lib/python3.14/site-packages (from matplotlib->wormneuroatlas) (0.12.1)
Requirement already satisfied: fonttools>=4.22.0 in ./.venv/lib/python3.14/site-packages (from matplotlib->wormneuroatlas) (4.63.0)
Requirement already satisfied: kiwisolver>=1.3.1 in ./.venv/lib/python3.14/site-packages (from matplotlib->wormneuroatlas) (1.5.0)
Requirement already satisfied: packaging>=20.0 in ./.venv/lib/python3.14/site-packages (from matplotlib->wormneuroatlas) (26.2)
Requirement already satisfied: pillow>=9 in ./.venv/lib/python3.14/site-packages (from matplotlib->wormneuroatlas) (12.3.0)
Requirement already satisfied: pyparsing>=3 in ./.venv/lib/python3.14/site-packages (from matplotlib->wormneuroatlas) (3.3.2)
Requirement already satisfied: python-dateutil>=2.7 in ./.venv/lib/python3.14/site-packages (from matplotlib->wormneuroatlas) (2.9.0.post0)
Requirement already satisfied: six>=1.5 in ./.venv/lib/python3.14/site-packages (from python-dateutil>=2.7->matplotlib->wormneuroatlas) (1.17.0)
Requirement already satisfied: et-xmlfile in ./.venv/lib/python3.14/site-packages (from openpyxl->wormneuroatlas) (2.0.0)
Requirement already satisfied: Jinja2>=2.11.0 in ./.venv/lib/python3.14/site-packages (from pdoc->wormneuroatlas) (3.1.6)
Requirement already satisfied: pygments>=2.12.0 in ./.venv/lib/python3.14/site-packages (from pdoc->wormneuroatlas) (2.20.0)
Requirement already satisfied: MarkupSafe>=1.1.1 in ./.venv/lib/python3.14/site-packages (from pdoc->wormneuroatlas) (3.0.3)
Collecting markdown2>=2.5.4 (from pdoc->wormneuroatlas)
  Downloading markdown2-2.5.5-py3-none-any.whl.metadata (2.1 kB)
Downloading wormneuroatlas-0.0.7.3-py3-none-any.whl (37.8 MB)
   ━━━━━━━━━━━━━━━━━━━━━━━━━━━━━━━━━━━━━━━━ 37.8/37.8 MB 15.3 MB/s  0:00:02
Downloading pdoc-16.0.0-py3-none-any.whl (100 kB)
Downloading markdown2-2.5.5-py3-none-any.whl (56 kB)
Downloading urllib3-2.7.0-py3-none-any.whl (131 kB)
Installing collected packages: urllib3, markdown2, pdoc, wormneuroatlas

Successfully installed markdown2-2.5.5 pdoc-16.0.0 urllib3-2.7.0 wormneuroatlas-0.0.7.3
EXIT=0
WNA import OK ?
=== done Sat Jul 11 00:40:14 EDT 2026 ===
